 argument  1 = cosmo_params.nw



============================== echo of input deck ==============================
start cosmo_params
#permanent_dir ./perm
#scratch_dir ./data
echo
 title "h2o"
geometry nocenter noautosym
OW                 .0000000000         .0000000000        -.0486020332
HW                 .7545655371         .0000000000         .5243010666
H                 -.7545655371         .0000000000         .5243010666
end
basis
  * library 6-31g**
end
 cosmo
   dielec 78.0
   parameters marat.par
   rsolv  0.50
   lineq  0
#   radius 1.40
#          1.06
#          1.16
 end
 task dft energy
================================================================================


                                         
                                         


              Northwest Computational Chemistry Package (NWChem) 6.8
              ------------------------------------------------------


                    Environmental Molecular Sciences Laboratory
                       Pacific Northwest National Laboratory
                                Richland, WA 99352

                              Copyright (c) 1994-2017
                       Pacific Northwest National Laboratory
                            Battelle Memorial Institute

             NWChem is an open-source computational chemistry package
                        distributed under the terms of the
                      Educational Community License (ECL) 2.0
             A copy of the license is included with this distribution
                              in the LICENSE.TXT file

                                  ACKNOWLEDGMENT
                                  --------------

            This software and its documentation were developed at the
            EMSL at Pacific Northwest National Laboratory, a multiprogram
            national laboratory, operated for the U.S. Department of Energy
            by Battelle under Contract Number DE-AC05-76RL01830. Support
            for this work was provided by the Department of Energy Office
            of Biological and Environmental Research, Office of Basic
            Energy Sciences, and the Office of Advanced Scientific Computing.


           Job information
           ---------------

    hostname        = kohn
    program         = ../../../bin/LINUX64/nwchem
    date            = Wed Sep 20 15:59:29 2017

    compiled        = Wed_Sep_20_10:10:43_2017
    source          = /home/niri/nwchem/nwchem-6.8
    nwchem branch   = 6.8
    nwchem revision = 29444
    ga revision     = N/A
    input           = cosmo_params.nw
    prefix          = cosmo_params.
    data base       = ./cosmo_params.db
    status          = startup
    nproc           =        4
    time left       =     -1s



           Memory information
           ------------------

    heap     =   13107200 doubles =    100.0 Mbytes
    stack    =   13107197 doubles =    100.0 Mbytes
    global   =   26214400 doubles =    200.0 Mbytes (distinct from heap & stack)
    total    =   52428797 doubles =    400.0 Mbytes
    verify   = yes
    hardfail = no 


           Directory information
           ---------------------

  0 permanent = .
  0 scratch   = .




                                NWChem Input Module
                                -------------------


                                        h2o
                                        ---

 Scaling coordinates for geometry "geometry" by  1.889725989
 (inverse scale =  0.529177249)


          ------
          auto-z
          ------


                             Geometry "geometry" -> ""
                             -------------------------

 Output coordinates in angstroms (scale by  1.889725989 to convert to a.u.)

  No.       Tag          Charge          X              Y              Z
 ---- ---------------- ---------- -------------- -------------- --------------
    1 OW                   8.0000     0.00000000     0.00000000    -0.04860203
    2 HW                   1.0000     0.75456554     0.00000000     0.52430107
    3 H                    1.0000    -0.75456554     0.00000000     0.52430107

      Atomic Mass 
      ----------- 

      OW                15.994910
      HW                 1.007825
      H                  1.007825


 Effective nuclear repulsion energy (a.u.)       9.2874668371

            Nuclear Dipole moment (a.u.) 
            ----------------------------
        X                 Y               Z
 ---------------- ---------------- ----------------
     0.0000000000     0.0000000000     1.2468145009



                                Z-matrix (autoz)
                                -------- 

 Units are Angstrom for bonds and degrees for angles

      Type          Name      I     J     K     L     M      Value
      ----------- --------  ----- ----- ----- ----- ----- ----------
    1 Stretch                  1     2                       0.94741
    2 Stretch                  1     3                       0.94741
    3 Bend                     2     1     3               105.58490


            XYZ format geometry
            -------------------
     3
 geometry
 OW                    0.00000000     0.00000000    -0.04860203
 HW                    0.75456554     0.00000000     0.52430107
 H                    -0.75456554     0.00000000     0.52430107

 ==============================================================================
                                internuclear distances
 ------------------------------------------------------------------------------
       center one      |      center two      | atomic units |  angstroms
 ------------------------------------------------------------------------------
    2 HW               |   1 OW               |     1.79035  |     0.94741
    3 H                |   1 OW               |     1.79035  |     0.94741
 ------------------------------------------------------------------------------
                         number of included internuclear distances:          2
 ==============================================================================



 ==============================================================================
                                 internuclear angles
 ------------------------------------------------------------------------------
        center 1       |       center 2       |       center 3       |  degrees
 ------------------------------------------------------------------------------
    2 HW               |   1 OW               |   3 H                |   105.58
 ------------------------------------------------------------------------------
                            number of included internuclear angles:          1
 ==============================================================================



  library name resolved from: environment
  library file name is: </home/niri/nwchem/nwchem-6.8/src/basis/libraries/>
  


 Summary of "ao basis" -> "" (cartesian)
 ------------------------------------------------------------------------------
       Tag                 Description            Shells   Functions and Types
 ---------------- ------------------------------  ------  ---------------------
 *                          6-31g**                   on all atoms 



                                 NWChem DFT Module
                                 -----------------


                                        h2o


                      Basis "ao basis" -> "ao basis" (cartesian)
                      -----
  OW (Oxygen)
  -----------
            Exponent  Coefficients 
       -------------- ---------------------------------------------------------
  1 S  5.48467170E+03  0.001831
  1 S  8.25234950E+02  0.013950
  1 S  1.88046960E+02  0.068445
  1 S  5.29645000E+01  0.232714
  1 S  1.68975700E+01  0.470193
  1 S  5.79963530E+00  0.358521

  2 S  1.55396160E+01 -0.110778
  2 S  3.59993360E+00 -0.148026
  2 S  1.01376180E+00  1.130767

  3 P  1.55396160E+01  0.070874
  3 P  3.59993360E+00  0.339753
  3 P  1.01376180E+00  0.727159

  4 S  2.70005800E-01  1.000000

  5 P  2.70005800E-01  1.000000

  6 D  8.00000000E-01  1.000000

  HW (Hydrogen)
  -------------
            Exponent  Coefficients 
       -------------- ---------------------------------------------------------
  1 S  1.87311370E+01  0.033495
  1 S  2.82539370E+00  0.234727
  1 S  6.40121700E-01  0.813757

  2 S  1.61277800E-01  1.000000

  3 P  1.10000000E+00  1.000000

  H (Hydrogen)
  ------------
            Exponent  Coefficients 
       -------------- ---------------------------------------------------------
  1 S  1.87311370E+01  0.033495
  1 S  2.82539370E+00  0.234727
  1 S  6.40121700E-01  0.813757

  2 S  1.61277800E-01  1.000000

  3 P  1.10000000E+00  1.000000



 Summary of "ao basis" -> "ao basis" (cartesian)
 ------------------------------------------------------------------------------
       Tag                 Description            Shells   Functions and Types
 ---------------- ------------------------------  ------  ---------------------
 OW                         6-31g**                  6       15   3s2p1d
 HW                         6-31g**                  3        5   2s1p
 H                          6-31g**                  3        5   2s1p




 Summary of "ao basis" -> "ao basis" (cartesian)
 ------------------------------------------------------------------------------
       Tag                 Description            Shells   Functions and Types
 ---------------- ------------------------------  ------  ---------------------
 OW                         6-31g**                  6       15   3s2p1d
 HW                         6-31g**                  3        5   2s1p
 H                          6-31g**                  3        5   2s1p


 looking for parfile in ./marat.par
 found parfile in ./marat.par
 processing cosmo parameter file ./marat.par
   N                     2.12600
   HW                    1.06000
   H                     1.16000
   O                     1.40000
   C                     1.63500
 setting custom COSMO radius based on element match: O       O   1.400
 setting custom COSMO radius based on name match: HW      1.060
 setting custom COSMO radius based on name match: H       1.160

 solvent parameters
 solvname_short: h2o     
 solvname_long:  water                              
 dielec:       78.0000
 dielecinf:     1.7769

          ---------------
          -cosmo- solvent
          ---------------
 Cosmo: York-Karplus, doi: 10.1021/jp992097l
 dielectric constant -eps-     =  78.00
 screen = (eps-1)/(eps    )    =   0.98718
 surface charge correction     = lagrangian
 -lineq- algorithm             =   0
 -bem- low  level              =   2
 -bem- from -octahedral-
 gaussian surface charge width =   0.98000
 degree of switching           =   1.00000
 switching function tolerance  =   0.00010
 atomic radii = 
 --------------
    1  8.000  1.400
    2  1.000  1.060
    3  1.000  1.160

 solvent accessible surface
 --------------------------

 ---------- ATOMIC COORDINATES (A.U.) ------------ VDWR(ANG.) --
     1    0.00000000    0.00000000   -0.09184453     1.400
     2    1.42592211    0.00000000    0.99078535     1.060
     3   -1.42592211    0.00000000    0.99078535     1.160
 number of segments per atom =         32
 number of   points per atom =         32
 atom (   nspa,  nppa )
 ----------------------
    1 (     20,     0 )       0
    2 (     20,     0 )       0
    3 (     20,     0 )       0
 number of -cosmo- surface points =       60
 molecular surface =     31.807 angstrom**2
 molecular volume  =     13.219 angstrom**3
 G(cav/disp)       =      1.019 kcal/mol
 ...... end of -cosmo- initialization ......


  Caching 1-el integrals 

            General Information
            -------------------
          SCF calculation type: DFT
          Wavefunction type:  closed shell.
          No. of atoms     :     3
          No. of electrons :    10
           Alpha electrons :     5
            Beta electrons :     5
          Charge           :     0
          Spin multiplicity:     1
          Use of symmetry is: off; symmetry adaption is: off
          Maximum number of iterations:  30
          AO basis - number of functions:    25
                     number of shells:    12
          Convergence on energy requested:  1.00D-06
          Convergence on density requested:  1.00D-05
          Convergence on gradient requested:  5.00D-04

              XC Information
              --------------
                        Slater Exchange Functional  1.000 local    
                      VWN V Correlation Functional  1.000 local    

             Grid Information
             ----------------
          Grid used for XC integration:  medium    
          Radial quadrature: Mura-Knowles        
          Angular quadrature: Lebedev. 
          Tag              B.-S. Rad. Rad. Pts. Rad. Cut. Ang. Pts.
          ---              ---------- --------- --------- ---------
          OW                  0.60       49           5.0       434
          HW                  0.35       45           6.0       434
          H                   0.35       45           6.0       434
          Grid pruning is: on 
          Number of quadrature shells:   139
          Spatial weights used:  Erf1

          Convergence Information
          -----------------------
          Convergence aids based upon iterative change in 
          total energy or number of iterations. 
          Levelshifting, if invoked, occurs when the 
          HOMO/LUMO gap drops below (HL_TOL):  1.00D-02
          DIIS, if invoked, will attempt to extrapolate 
          using up to (NFOCK): 10 stored Fock matrices.

                    Damping( 0%)  Levelshifting(0.5)       DIIS
                  --------------- ------------------- ---------------
          dE  on:    start            ASAP                start   
          dE off:    2 iters         30 iters            30 iters 


      Screening Tolerance Information
      -------------------------------
          Density screening/tol_rho:  1.00D-10
          AO Gaussian exp screening on grid/accAOfunc:  14
          CD Gaussian exp screening on grid/accCDfunc:  20
          XC Gaussian exp screening on grid/accXCfunc:  20
          Schwarz screening/accCoul:  1.00D-08


      Superposition of Atomic Density Guess
      -------------------------------------

 Sum of atomic energies:         -75.75081731

      Non-variational initial energy
      ------------------------------

 Total energy =     -75.937479
 1-e energy   =    -121.880910
 2-e energy   =      36.655964
 HOMO         =      -0.474852
 LUMO         =       0.117559

   Time after variat. SCF:      0.1
   Time prior to 1st pass:      0.1

 #quartets = 3.081D+03 #integrals = 2.937D+04 #direct =  0.0% #cached =100.0%


 Integral file          = ./cosmo_params.aoints.0
 Record size in doubles =  65536        No. of integs per rec  =  43688
 Max. records in memory =      2        Max. records in file   = 143626
 No. of bits per label  =      8        No. of bits per value  =     64


File balance: exchanges=     0  moved=     0  time=   0.0


 Grid_pts file          = ./cosmo_params.gridpts.0
 Record size in doubles =  12289        No. of grid_pts per rec  =   3070
 Max. records in memory =      7        Max. recs in file   =    765947


           Memory utilization after 1st SCF pass: 
           Heap Space remaining (MW):       12.89            12888104
          Stack Space remaining (MW):       13.11            13106924

   convergence    iter        energy       DeltaE   RMS-Dens  Diis-err    time
 ---------------- ----- ----------------- --------- --------- ---------  ------
     COSMO gas phase
 d= 0,ls=0.0,diis     1    -75.8164857553 -8.51D+01  3.49D-02  5.66D-01     0.2
 d= 0,ls=0.0,diis     2    -75.7843103139  3.22D-02  2.22D-02  7.75D-01     0.2
 d= 0,ls=0.0,diis     3    -75.8492469499 -6.49D-02  3.95D-03  5.32D-02     0.2
 d= 0,ls=0.0,diis     4    -75.8538046106 -4.56D-03  4.31D-04  4.13D-04     0.2
 d= 0,ls=0.0,diis     5    -75.8538459507 -4.13D-05  3.02D-05  3.92D-07     0.3
 d= 0,ls=0.0,diis     6    -75.8538460026 -5.19D-08  3.86D-06  3.23D-08     0.3
 setting custom COSMO radius based on element match: O       O   1.400
 setting custom COSMO radius based on name match: HW      1.060
 setting custom COSMO radius based on name match: H       1.160

           Memory utilization after 1st SCF pass: 
           Heap Space remaining (MW):       12.89            12887832
          Stack Space remaining (MW):       13.11            13106924

   convergence    iter        energy       DeltaE   RMS-Dens  Diis-err    time
 ---------------- ----- ----------------- --------- --------- ---------  ------
     COSMO solvation phase
 d= 0,ls=0.0,diis     1    -75.8699783757 -1.61D-02  7.33D-03  1.21D-02     0.3
 setting custom COSMO radius based on element match: O       O   1.400
 setting custom COSMO radius based on name match: HW      1.060
 setting custom COSMO radius based on name match: H       1.160
 d= 0,ls=0.0,diis     2    -75.8721334717 -2.16D-03  2.14D-03  7.81D-03     0.3
 setting custom COSMO radius based on element match: O       O   1.400
 setting custom COSMO radius based on name match: HW      1.060
 setting custom COSMO radius based on name match: H       1.160
 d= 0,ls=0.0,diis     3    -75.8726385244 -5.05D-04  8.42D-04  2.10D-03     0.4
 setting custom COSMO radius based on element match: O       O   1.400
 setting custom COSMO radius based on name match: HW      1.060
 setting custom COSMO radius based on name match: H       1.160
 d= 0,ls=0.0,diis     4    -75.8728123199 -1.74D-04  6.82D-05  1.73D-05     0.4
 setting custom COSMO radius based on element match: O       O   1.400
 setting custom COSMO radius based on name match: HW      1.060
 setting custom COSMO radius based on name match: H       1.160
 d= 0,ls=0.0,diis     5    -75.8728138553 -1.54D-06  8.36D-06  1.61D-07     0.4
 setting custom COSMO radius based on element match: O       O   1.400
 setting custom COSMO radius based on name match: HW      1.060
 setting custom COSMO radius based on name match: H       1.160
 d= 0,ls=0.0,diis     6    -75.8728138709 -1.56D-08  6.51D-07  6.41D-10     0.4


         Total DFT energy =      -75.872813870921
      One electron energy =     -123.559347252561
           Coulomb energy =       47.020872443327
    Exchange-Corr. energy =       -8.792182736855
 Nuclear repulsion energy =        9.287466837077

             COSMO energy =        0.170376838091

 Numeric. integr. density =       10.000001347222

     Total iterative time =      0.3s


                                   COSMO solvation results
                                   -----------------------

                 gas phase energy =       -75.853846002590
                 sol phase energy =       -75.872813870921
 (electrostatic) solvation energy =         0.018967868332 (   11.90 kcal/mol)

                       DFT Final Molecular Orbital Analysis
                       ------------------------------------

 Vector    1  Occ=2.000000D+00  E=-1.860234D+01
              MO Center= -7.9D-07, -1.9D-17, -4.9D-02, r^2= 1.5D-02
   Bfn.  Coefficient  Atom+Function         Bfn.  Coefficient  Atom+Function  
  ----- ------------  ---------------      ----- ------------  ---------------
     1      0.990617  1 O  s                  2      0.030504  1 O  s          

 Vector    2  Occ=2.000000D+00  E=-9.061195D-01
              MO Center= -2.7D-03, -6.1D-15,  1.5D-01, r^2= 5.0D-01
   Bfn.  Coefficient  Atom+Function         Bfn.  Coefficient  Atom+Function  
  ----- ------------  ---------------      ----- ------------  ---------------
     2      0.456357  1 O  s                  6      0.435475  1 O  s          
     1     -0.212940  1 O  s                 21      0.151047  3 H  s          
    16      0.149190  2 H  s                  5      0.122973  1 O  pz         
     9      0.035514  1 O  pz         

 Vector    3  Occ=2.000000D+00  E=-4.670142D-01
              MO Center= -3.2D-04, -1.9D-15,  1.5D-01, r^2= 7.5D-01
   Bfn.  Coefficient  Atom+Function         Bfn.  Coefficient  Atom+Function  
  ----- ------------  ---------------      ----- ------------  ---------------
     3      0.528469  1 O  px                 7      0.268942  1 O  px         
    21     -0.232163  3 H  s                 16      0.230082  2 H  s          
    22     -0.130422  3 H  s                 17      0.126024  2 H  s          
    12      0.046409  1 O  dxz        

 Vector    4  Occ=2.000000D+00  E=-3.247858D-01
              MO Center= -8.5D-04,  6.7D-15, -1.5D-01, r^2= 6.6D-01
   Bfn.  Coefficient  Atom+Function         Bfn.  Coefficient  Atom+Function  
  ----- ------------  ---------------      ----- ------------  ---------------
     5      0.561903  1 O  pz                 9      0.396509  1 O  pz         
     6     -0.385899  1 O  s                  2     -0.148731  1 O  s          
    16      0.131329  2 H  s                 21      0.130623  3 H  s          
    22      0.082485  3 H  s                  1      0.081968  1 O  s          
    17      0.079753  2 H  s                 15      0.043830  1 O  dzz        

 Vector    5  Occ=2.000000D+00  E=-2.487064D-01
              MO Center= -2.6D-04,  1.2D-15, -2.7D-02, r^2= 6.1D-01
   Bfn.  Coefficient  Atom+Function         Bfn.  Coefficient  Atom+Function  
  ----- ------------  ---------------      ----- ------------  ---------------
     4      0.632243  1 O  py                 8      0.508009  1 O  py         
    14      0.043056  1 O  dyz        

 Vector    6  Occ=0.000000D+00  E= 7.324694D-02
              MO Center= -6.4D-02, -2.8D-15,  6.7D-01, r^2= 2.4D+00
   Bfn.  Coefficient  Atom+Function         Bfn.  Coefficient  Atom+Function  
  ----- ------------  ---------------      ----- ------------  ---------------
     6      1.183701  1 O  s                 22     -0.993603  3 H  s          
    17     -0.908113  2 H  s                  9      0.430155  1 O  pz         
     5      0.251477  1 O  pz                 2      0.179535  1 O  s          
    21     -0.108445  3 H  s                  1     -0.104742  1 O  s          
    16     -0.101630  2 H  s                 10     -0.037666  1 O  dxx        

 Vector    7  Occ=0.000000D+00  E= 1.594782D-01
              MO Center=  6.6D-02, -2.5D-16,  6.2D-01, r^2= 2.4D+00
   Bfn.  Coefficient  Atom+Function         Bfn.  Coefficient  Atom+Function  
  ----- ------------  ---------------      ----- ------------  ---------------
    17      1.293854  2 H  s                 22     -1.228750  3 H  s          
     7     -0.711388  1 O  px                 3     -0.428917  1 O  px         
    16      0.128739  2 H  s                 21     -0.122056  3 H  s          
     6     -0.038108  1 O  s          

 Vector    8  Occ=0.000000D+00  E= 7.389204D-01
              MO Center= -1.4D-01,  1.1D-15,  2.5D-01, r^2= 1.6D+00
   Bfn.  Coefficient  Atom+Function         Bfn.  Coefficient  Atom+Function  
  ----- ------------  ---------------      ----- ------------  ---------------
    21      0.813387  3 H  s                 22     -0.763027  3 H  s          
    16     -0.716181  2 H  s                 17      0.651827  2 H  s          
    12     -0.468055  1 O  dxz                7      0.317369  1 O  px         
     3      0.112324  1 O  px                 5     -0.105344  1 O  pz         
     9      0.103814  1 O  pz                25      0.098074  3 H  pz         

 Vector    9  Occ=0.000000D+00  E= 7.481636D-01
              MO Center=  1.3D-01,  9.5D-15, -2.3D-01, r^2= 1.3D+00
   Bfn.  Coefficient  Atom+Function         Bfn.  Coefficient  Atom+Function  
  ----- ------------  ---------------      ----- ------------  ---------------
     9     -0.820966  1 O  pz                 5      0.798774  1 O  pz         
    17      0.449260  2 H  s                  6      0.418069  1 O  s          
    16     -0.398555  2 H  s                 10     -0.327686  1 O  dxx        
     2     -0.290686  1 O  s                 22      0.264777  3 H  s          
    15     -0.194885  1 O  dzz               21     -0.192060  3 H  s          

 Vector   10  Occ=0.000000D+00  E= 8.075162D-01
              MO Center= -3.0D-04, -1.4D-14, -4.9D-02, r^2= 1.1D+00
   Bfn.  Coefficient  Atom+Function         Bfn.  Coefficient  Atom+Function  
  ----- ------------  ---------------      ----- ------------  ---------------
     8     -1.036875  1 O  py                 4      0.966784  1 O  py         

 Vector   11  Occ=0.000000D+00  E= 8.421375D-01
              MO Center= -1.7D-03,  4.7D-16,  2.8D-01, r^2= 1.6D+00
   Bfn.  Coefficient  Atom+Function         Bfn.  Coefficient  Atom+Function  
  ----- ------------  ---------------      ----- ------------  ---------------
     6      1.140256  1 O  s                 16      0.712005  2 H  s          
     2     -0.701460  1 O  s                 21      0.691485  3 H  s          
    22     -0.576478  3 H  s                 17     -0.570804  2 H  s          
     9     -0.541952  1 O  pz                13     -0.328926  1 O  dyy        
     5      0.245105  1 O  pz                15     -0.183658  1 O  dzz        

 Vector   12  Occ=0.000000D+00  E= 9.476576D-01
              MO Center=  7.2D-03,  2.1D-15,  2.5D-02, r^2= 1.8D+00
   Bfn.  Coefficient  Atom+Function         Bfn.  Coefficient  Atom+Function  
  ----- ------------  ---------------      ----- ------------  ---------------
     7      1.828840  1 O  px                17     -1.106215  2 H  s          
    22      1.100502  3 H  s                  3     -0.864736  1 O  px         
    12      0.202216  1 O  dxz               18      0.142519  2 H  px         
    23      0.140903  3 H  px                21      0.104213  3 H  s          
    20      0.092956  2 H  pz                25     -0.093095  3 H  pz         

 Vector   13  Occ=0.000000D+00  E= 1.121642D+00
              MO Center=  3.4D-03,  5.4D-15,  4.5D-01, r^2= 1.5D+00
   Bfn.  Coefficient  Atom+Function         Bfn.  Coefficient  Atom+Function  
  ----- ------------  ---------------      ----- ------------  ---------------
     6      3.637397  1 O  s                  2     -1.468393  1 O  s          
     9      0.979082  1 O  pz                17     -0.859805  2 H  s          
    22     -0.848799  3 H  s                 10     -0.612205  1 O  dxx        
     5     -0.346969  1 O  pz                15     -0.333957  1 O  dzz        
    13     -0.283439  1 O  dyy               16     -0.269336  2 H  s          

 Vector   14  Occ=0.000000D+00  E= 1.458757D+00
              MO Center= -4.6D-03, -1.1D-15,  1.8D-01, r^2= 7.6D-01
   Bfn.  Coefficient  Atom+Function         Bfn.  Coefficient  Atom+Function  
  ----- ------------  ---------------      ----- ------------  ---------------
    11      1.196567  1 O  dxy               24     -0.339023  3 H  py         
    19      0.331528  2 H  py         

 Vector   15  Occ=0.000000D+00  E= 1.475958D+00
              MO Center= -9.8D-04, -1.2D-15,  3.8D-02, r^2= 8.1D-01
   Bfn.  Coefficient  Atom+Function         Bfn.  Coefficient  Atom+Function  
  ----- ------------  ---------------      ----- ------------  ---------------
     6      0.879393  1 O  s                 15     -0.806768  1 O  dzz        
     9      0.475107  1 O  pz                 2     -0.314149  1 O  s          
    13      0.279034  1 O  dyy               10      0.248893  1 O  dxx        
    25     -0.243270  3 H  pz                20     -0.240643  2 H  pz         
    16     -0.227736  2 H  s                 21     -0.226168  3 H  s          

 Vector   16  Occ=0.000000D+00  E= 1.572345D+00
              MO Center=  3.2D-03,  8.6D-16,  4.1D-02, r^2= 7.4D-01
   Bfn.  Coefficient  Atom+Function         Bfn.  Coefficient  Atom+Function  
  ----- ------------  ---------------      ----- ------------  ---------------
    14      1.383904  1 O  dyz               19      0.285661  2 H  py         
    24      0.281140  3 H  py                 8     -0.179572  1 O  py         
     4     -0.029547  1 O  py         

 Vector   17  Occ=0.000000D+00  E= 2.186262D+00
              MO Center= -3.8D-03, -3.2D-16,  1.6D-01, r^2= 8.9D-01
   Bfn.  Coefficient  Atom+Function         Bfn.  Coefficient  Atom+Function  
  ----- ------------  ---------------      ----- ------------  ---------------
     6      1.490377  1 O  s                 13     -1.081819  1 O  dyy        
     9      0.676732  1 O  pz                21     -0.676237  3 H  s          
    16     -0.670741  2 H  s                  2     -0.587565  1 O  s          
    10      0.535344  1 O  dxx                5     -0.185113  1 O  pz         
    20     -0.161057  2 H  pz                25     -0.160942  3 H  pz         

 Vector   18  Occ=0.000000D+00  E= 2.219901D+00
              MO Center= -1.6D-03,  2.3D-16,  4.8D-01, r^2= 1.0D+00
   Bfn.  Coefficient  Atom+Function         Bfn.  Coefficient  Atom+Function  
  ----- ------------  ---------------      ----- ------------  ---------------
    25     -0.580325  3 H  pz                20      0.575684  2 H  pz         
     7      0.527825  1 O  px                18     -0.490473  2 H  px         
    23     -0.492097  3 H  px                12     -0.158381  1 O  dxz        
    16     -0.153675  2 H  s                 21      0.146770  3 H  s          
    17     -0.104269  2 H  s                 22      0.102344  3 H  s          

 Vector   19  Occ=0.000000D+00  E= 2.418902D+00
              MO Center=  2.4D-03, -2.6D-16,  2.1D-01, r^2= 9.7D-01
   Bfn.  Coefficient  Atom+Function         Bfn.  Coefficient  Atom+Function  
  ----- ------------  ---------------      ----- ------------  ---------------
    12      1.479509  1 O  dxz               16     -0.589464  2 H  s          
    21      0.575275  3 H  s                  7      0.513895  1 O  px         
     3     -0.316985  1 O  px                18     -0.282970  2 H  px         
    23     -0.284117  3 H  px                20     -0.263050  2 H  pz         
    25      0.264085  3 H  pz                22     -0.191549  3 H  s          

 Vector   20  Occ=0.000000D+00  E= 2.598970D+00
              MO Center= -2.6D-01,  1.4D-16,  2.8D-01, r^2= 9.1D-01
   Bfn.  Coefficient  Atom+Function         Bfn.  Coefficient  Atom+Function  
  ----- ------------  ---------------      ----- ------------  ---------------
    11      1.480912  1 O  dxy               24      0.915983  3 H  py         
    19     -0.481416  2 H  py                14     -0.353823  1 O  dyz        
     8     -0.118885  1 O  py         

 Vector   21  Occ=0.000000D+00  E= 2.607662D+00
              MO Center=  2.6D-01,  2.4D-16,  3.6D-01, r^2= 9.3D-01
   Bfn.  Coefficient  Atom+Function         Bfn.  Coefficient  Atom+Function  
  ----- ------------  ---------------      ----- ------------  ---------------
    14      1.206094  1 O  dyz               19     -0.949997  2 H  py         
    24     -0.541078  3 H  py                11      0.430542  1 O  dxy        
     8      0.406865  1 O  py                 4      0.031595  1 O  py         

 Vector   22  Occ=0.000000D+00  E= 2.994305D+00
              MO Center=  4.1D-03, -1.4D-16,  2.8D-01, r^2= 1.0D+00
   Bfn.  Coefficient  Atom+Function         Bfn.  Coefficient  Atom+Function  
  ----- ------------  ---------------      ----- ------------  ---------------
    15      0.991692  1 O  dzz               10     -0.708295  1 O  dxx        
    20     -0.671987  2 H  pz                25     -0.667617  3 H  pz         
    18      0.498738  2 H  px                 9      0.493673  1 O  pz         
    23     -0.495734  3 H  px                 2     -0.170258  1 O  s          
     6      0.140213  1 O  s                 16     -0.118066  2 H  s          

 Vector   23  Occ=0.000000D+00  E= 3.277598D+00
              MO Center= -8.6D-03,  3.4D-16,  4.1D-01, r^2= 1.1D+00
   Bfn.  Coefficient  Atom+Function         Bfn.  Coefficient  Atom+Function  
  ----- ------------  ---------------      ----- ------------  ---------------
     6      2.999139  1 O  s                 13     -1.228991  1 O  dyy        
     9      0.812157  1 O  pz                21     -0.772675  3 H  s          
    16     -0.744450  2 H  s                 23     -0.741468  3 H  px         
    18      0.725481  2 H  px                22     -0.606981  3 H  s          
    17     -0.595886  2 H  s                 25      0.468552  3 H  pz         

 Vector   24  Occ=0.000000D+00  E= 3.469319D+00
              MO Center=  1.1D-02,  1.1D-16,  1.7D-01, r^2= 1.2D+00
   Bfn.  Coefficient  Atom+Function         Bfn.  Coefficient  Atom+Function  
  ----- ------------  ---------------      ----- ------------  ---------------
    12      2.552194  1 O  dxz                7      1.380088  1 O  px         
    16     -1.240823  2 H  s                 21      1.234249  3 H  s          
    18      0.847103  2 H  px                23      0.837061  3 H  px         
     3      0.760038  1 O  px                20      0.686524  2 H  pz         
    25     -0.681793  3 H  pz                17     -0.572380  2 H  s          

 Vector   25  Occ=0.000000D+00  E= 3.617676D+00
              MO Center=  2.1D-04,  3.0D-16, -1.5D-01, r^2= 9.2D-01
   Bfn.  Coefficient  Atom+Function         Bfn.  Coefficient  Atom+Function  
  ----- ------------  ---------------      ----- ------------  ---------------
     6      2.522850  1 O  s                 10     -2.016910  1 O  dxx        
    15     -1.521541  1 O  dzz               13     -1.087633  1 O  dyy        
    16      0.754856  2 H  s                 21      0.742970  3 H  s          
    18     -0.534416  2 H  px                23      0.525439  3 H  px         
     5     -0.513289  1 O  pz                20     -0.494929  2 H  pz         


 center of mass
 --------------
 x =   0.00000000 y =   0.00000000 z =   0.02931789

 moments of inertia (a.u.)
 ------------------
           2.098117097590           0.000000000000           0.000000000000
           0.000000000000           6.196445222521           0.000000000000
           0.000000000000           0.000000000000           4.098328124931

     Multipole analysis of the density
     ---------------------------------

     L   x y z        total         alpha         beta         nuclear
     -   - - -        -----         -----         ----         -------
     0   0 0 0     -0.000000     -5.000000     -5.000000     10.000000

     1   1 0 0      0.015605      0.007802      0.007802      0.000000
     1   0 1 0      0.000000      0.000000      0.000000      0.000000
     1   0 0 1      0.985629     -0.130593     -0.130593      1.246815

     2   2 0 0     -2.964483     -3.515496     -3.515496      4.066508
     2   1 1 0     -0.000000     -0.000000     -0.000000      0.000000
     2   1 0 1      0.013520      0.006760      0.006760      0.000000
     2   0 2 0     -5.342584     -2.671292     -2.671292      0.000000
     2   0 1 1     -0.000000     -0.000000     -0.000000      0.000000
     2   0 0 2     -4.204034     -3.117414     -3.117414      2.030795


 Parallel integral file used       4 records with       0 large values


 Task  times  cpu:        0.4s     wall:        0.4s


                                NWChem Input Module
                                -------------------


 Summary of allocated global arrays
-----------------------------------
  No active global arrays



                         GA Statistics for process    0
                         ------------------------------

       create   destroy   get      put      acc     scatter   gather  read&inc
calls:  232      232     3789      385     1882        0        0      345     
number of processes/call 1.23e+00 1.36e+00 1.18e+00 0.00e+00 0.00e+00
bytes total:             3.39e+06 4.96e+05 1.58e+06 0.00e+00 0.00e+00 2.76e+03
bytes remote:            8.76e+05 1.48e+05 3.65e+05 0.00e+00 0.00e+00 0.00e+00
Max memory consumed for GA by this process: 78600 bytes

MA_summarize_allocated_blocks: starting scan ...
MA_summarize_allocated_blocks: scan completed: 0 heap blocks, 0 stack blocks
MA usage statistics:

	allocation statistics:
					      heap	     stack
					      ----	     -----
	current number of blocks	         0	         0
	maximum number of blocks	        25	        49
	current total bytes		         0	         0
	maximum total bytes		   1754600	  22510856
	maximum total K-bytes		      1755	     22511
	maximum total M-bytes		         2	        23


                                     CITATION
                                     --------
                Please cite the following reference when publishing
                           results obtained with NWChem:

                 M. Valiev, E.J. Bylaska, N. Govind, K. Kowalski,
              T.P. Straatsma, H.J.J. van Dam, D. Wang, J. Nieplocha,
                        E. Apra, T.L. Windus, W.A. de Jong
                 "NWChem: a comprehensive and scalable open-source
                  solution for large scale molecular simulations"
                      Comput. Phys. Commun. 181, 1477 (2010)
                           doi:10.1016/j.cpc.2010.04.018

                                      AUTHORS
                                      -------
          E. Apra, E. J. Bylaska, W. A. de Jong, N. Govind, K. Kowalski,
       T. P. Straatsma, M. Valiev, H. J. J. van Dam, D. Wang, T. L. Windus,
        J. Hammond, J. Autschbach, K. Bhaskaran-Nair, J. Brabec, K. Lopata,
       S. A. Fischer, S. Krishnamoorthy, W. Ma, M. Klemm, O. Villa, Y. Chen,
    V. Anisimov, F. Aquino, S. Hirata, M. T. Hackler, V. Konjkov, T. Risthaus,
       M. Malagoli, A. Marenich, A. Otero-de-la-Roza, J. Mullin, P. Nichols,
      R. Peverati, J. Pittner, Y. Zhao, P.-D. Fan, A. Fonari, M. Williamson,
      R. J. Harrison, J. R. Rehr, M. Dupuis, D. Silverstein, D. M. A. Smith,
            J. Nieplocha, V. Tipparaju, M. Krishnan, B. E. Van Kuiken,
        A. Vazquez-Mayagoitia, L. Jensen, M. Swart, Q. Wu, T. Van Voorhis,
     A. A. Auer, M. Nooijen, L. D. Crosby, E. Brown, G. Cisneros, G. I. Fann,
   H. Fruchtl, J. Garza, K. Hirao, R. A. Kendall, J. A. Nichols, K. Tsemekhman,
    K. Wolinski, J. Anchell, D. E. Bernholdt, P. Borowski, T. Clark, D. Clerc,
   H. Dachsel, M. J. O. Deegan, K. Dyall, D. Elwood, E. Glendening, M. Gutowski,
   A. C. Hess, J. Jaffe, B. G. Johnson, J. Ju, R. Kobayashi, R. Kutteh, Z. Lin,
   R. Littlefield, X. Long, B. Meng, T. Nakajima, S. Niu, L. Pollack, M. Rosing,
   K. Glaesemann, G. Sandrone, M. Stave, H. Taylor, G. Thomas, J. H. van Lenthe,
                               A. T. Wong, Z. Zhang.

 Total times  cpu:        0.4s     wall:        0.5s
