 argument  1 = cosmo_nacl_ks.nw
All connections between all procs tested: SUCCESS
 


============================== echo of input deck ==============================
start cosmo_nacl_dat
echo
title "NaCl"
geometry units angstrom
  na 0.0 0.0  1.56077802
  cl 0.0 0.0 -1.13220659
end
charge 0
basis
  na library 6-31g*
  cl library 6-311+g*
end
cosmo
  do_cosmo_ks
end
scf
  print cosmo_energies
end
task scf energy
================================================================================


                                         
                                         
 
 
              Northwest Computational Chemistry Package (NWChem) 6.5
              ------------------------------------------------------
 
 
                    Environmental Molecular Sciences Laboratory
                       Pacific Northwest National Laboratory
                                Richland, WA 99352
 
                              Copyright (c) 1994-2013
                       Pacific Northwest National Laboratory
                            Battelle Memorial Institute
 
             NWChem is an open-source computational chemistry package
                        distributed under the terms of the
                      Educational Community License (ECL) 2.0
             A copy of the license is included with this distribution
                              in the LICENSE.TXT file
 
                                  ACKNOWLEDGMENT
                                  --------------

            This software and its documentation were developed at the
            EMSL at Pacific Northwest National Laboratory, a multiprogram
            national laboratory, operated for the U.S. Department of Energy
            by Battelle under Contract Number DE-AC05-76RL01830. Support
            for this work was provided by the Department of Energy Office
            of Biological and Environmental Research, Office of Basic
            Energy Sciences, and the Office of Advanced Scientific Computing.


           Job information
           ---------------

    hostname        = arcen
    program         = ../../../bin/LINUX64/nwchem
    date            = Sat Oct 18 23:17:53 2014

    compiled        = Sat_Oct_18_22:06:41_2014
    source          = /home/d3y133/nwchem-dev/nwchem-newest
    nwchem branch   = Development
    nwchem revision = 26300
    ga revision     = 10506
    input           = cosmo_nacl_ks.nw
    prefix          = cosmo_nacl_dat.
    data base       = ./cosmo_nacl_dat.db
    status          = startup
    nproc           =        1
    time left       =     -1s



           Memory information
           ------------------

    heap     =   13107194 doubles =    100.0 Mbytes
    stack    =   13107199 doubles =    100.0 Mbytes
    global   =   26214400 doubles =    200.0 Mbytes (distinct from heap & stack)
    total    =   52428793 doubles =    400.0 Mbytes
    verify   = yes
    hardfail = no 


           Directory information
           ---------------------
 
  0 permanent = .
  0 scratch   = .
 
 
 
 
                                NWChem Input Module
                                -------------------
 
 
                                       NaCl
                                       ----

 Scaling coordinates for geometry "geometry" by  1.889725989
 (inverse scale =  0.529177249)

 ORDER OF PRIMARY AXIS IS BEING SET TO 4
 C4V symmetry detected

          ------
          auto-z
          ------
 
 
                             Geometry "geometry" -> ""
                             -------------------------
 
 Output coordinates in angstroms (scale by  1.889725989 to convert to a.u.)
 
  No.       Tag          Charge          X              Y              Z
 ---- ---------------- ---------- -------------- -------------- --------------
    1 na                  11.0000     0.00000000     0.00000000     1.63502637
    2 cl                  17.0000     0.00000000     0.00000000    -1.05795824
 
      Atomic Mass 
      ----------- 
 
      na                22.989800
      cl                34.968850
 

 Effective nuclear repulsion energy (a.u.)      36.7459008846

            Nuclear Dipole moment (a.u.) 
            ----------------------------
        X                 Y               Z
 ---------------- ---------------- ----------------
     0.0000000000     0.0000000000     0.0000000000
 
      Symmetry information
      --------------------
 
 Group name             C4v       
 Group number             18
 Group order               8
 No. of unique centers     2
 
      Symmetry unique atoms
 
     1    2
 


                                Z-matrix (autoz)
                                -------- 

 Units are Angstrom for bonds and degrees for angles
 
      Type          Name      I     J     K     L     M      Value
      ----------- --------  ----- ----- ----- ----- ----- ----------
    1 Stretch                  1     2                       2.69298
 
 
            XYZ format geometry
            -------------------
     2
 geometry
 na                    0.00000000     0.00000000     1.63502637
 cl                    0.00000000     0.00000000    -1.05795824
 
 ==============================================================================
                                internuclear distances
 ------------------------------------------------------------------------------
       center one      |      center two      | atomic units |  angstroms
 ------------------------------------------------------------------------------
    2 cl               |   1 na               |     5.08900  |     2.69298
 ------------------------------------------------------------------------------
                         number of included internuclear distances:          1
 ==============================================================================



                      Basis "ao basis" -> "" (cartesian)
                      -----
  na (Sodium)
  -----------
            Exponent  Coefficients 
       -------------- ---------------------------------------------------------
  1 S  9.99320000E+03  0.001938
  1 S  1.49989000E+03  0.014807
  1 S  3.41951000E+02  0.072706
  1 S  9.46797000E+01  0.252629
  1 S  2.97345000E+01  0.493242
  1 S  1.00063000E+01  0.313169
 
  2 S  1.50963000E+02 -0.003542
  2 S  3.55878000E+01 -0.043959
  2 S  1.11683000E+01 -0.109752
  2 S  3.90201000E+00  0.187398
  2 S  1.38177000E+00  0.646699
  2 S  4.66382000E-01  0.306058
 
  3 P  1.50963000E+02  0.005002
  3 P  3.55878000E+01  0.035511
  3 P  1.11683000E+01  0.142825
  3 P  3.90201000E+00  0.338620
  3 P  1.38177000E+00  0.451579
  3 P  4.66382000E-01  0.273271
 
  4 S  4.97966000E-01 -0.248503
  4 S  8.43530000E-02 -0.131704
  4 S  6.66350000E-02  1.233520
 
  5 P  4.97966000E-01 -0.023023
  5 P  8.43530000E-02  0.950359
  5 P  6.66350000E-02  0.059858
 
  6 S  2.59544000E-02  1.000000
 
  7 P  2.59544000E-02  1.000000
 
  8 D  1.75000000E-01  1.000000
 
  cl (Chlorine)
  -------------
            Exponent  Coefficients 
       -------------- ---------------------------------------------------------
  1 S  1.05819000E+05  0.000738
  1 S  1.58720000E+04  0.005718
  1 S  3.61965000E+03  0.029495
  1 S  1.03080000E+03  0.117286
  1 S  3.39908000E+02  0.362949
  1 S  1.24538000E+02  0.584149
 
  2 S  1.24538000E+02  0.134177
  2 S  4.95135000E+01  0.624250
  2 S  2.08056000E+01  0.291756
 
  3 S  6.58346000E+00  1.000000
 
  4 S  2.56468000E+00  1.000000
 
  5 S  5.59763000E-01  1.000000
 
  6 S  1.83273000E-01  1.000000
 
  7 P  5.89776000E+02  0.002391
  7 P  1.39849000E+02  0.018504
  7 P  4.51413000E+01  0.081377
  7 P  1.68733000E+01  0.221552
  7 P  6.74110000E+00  0.772569
 
  8 P  6.74110000E+00 -1.572244
  8 P  2.77152000E+00  0.992389
 
  9 P  1.02387000E+00  1.000000
 
 10 P  3.81368000E-01  1.000000
 
 11 P  1.09437000E-01  1.000000
 
 12 S  4.83000000E-02  1.000000
 
 13 P  4.83000000E-02  1.000000
 
 14 D  7.50000000E-01  1.000000
 


 Summary of "ao basis" -> "" (cartesian)
 ------------------------------------------------------------------------------
       Tag                 Description            Shells   Functions and Types
 ---------------- ------------------------------  ------  ---------------------
 na                          6-31g*                  8       19   4s3p1d
 cl                         6-311+g*                14       31   7s6p1d


 
 solvent parameters
 solvname_short: h2o     
 solvname_long:  water                              
 dielec:       78.4000
 dielecinf:     1.7769

          ---------------
          -cosmo- solvent
          ---------------
 Cosmo: Klamt-Schuurmann, doi: 10.1039/P29930000799
 dielectric constant -eps-     =  78.40
 screen = (eps-1)/(eps+1/2)    =   0.98099
 surface charge correction     = scale
 -lineq- algorithm             =   0
 -bem- low  level              =   2
 -bem- high level              =   4
 -bem- from -octahedral-
 solvent radius (ang.)         =   0.500
 atomic radii = 
 --------------
    1 11.000  1.755
    2 17.000  2.050

 solvent accessible surface
 --------------------------

 ---------- ATOMIC COORDINATES (A.U.) ------------ VDWR(ANG.) --
     1    0.00000000    0.00000000    3.08975182     1.755
     2    0.00000000    0.00000000   -1.99925118     2.050
 number of segments per atom =         32
 number of   points per atom =        640
 atom (   nspa,  nppa )
 ----------------------
    1 (     28,   476 )     476
    2 (     28,   524 )     524
 number of -cosmo- surface points =       56
 molecular surface =     72.025 angstrom**2
 molecular volume  =     46.386 angstrom**3
 G(cav/disp)       =      1.220 kcal/mol
 ...... end of -cosmo- initialization ......


                                 NWChem SCF Module
                                 -----------------
 
 
                                       NaCl
 
 

  ao basis        = "ao basis"
  functions       =    50
  atoms           =     2
  closed shells   =    14
  open shells     =     0
  charge          =   0.00
  wavefunction    = RHF 
  input vectors   = atomic
  output vectors  = ./cosmo_nacl_dat.movecs
  use symmetry    = T
  symmetry adapt  = T


 Summary of "ao basis" -> "ao basis" (cartesian)
 ------------------------------------------------------------------------------
       Tag                 Description            Shells   Functions and Types
 ---------------- ------------------------------  ------  ---------------------
 na                          6-31g*                  8       19   4s3p1d
 cl                         6-311+g*                14       31   7s6p1d


      Symmetry analysis of basis
      --------------------------
 
        a1         24
        a2          0
        b1          2
        b2          2
        e          22
 

 Forming initial guess at       0.1s

 
      Superposition of Atomic Density Guess
      -------------------------------------
 
 Sum of atomic energies:        -621.31943977
 
      Non-variational initial energy
      ------------------------------

 Total energy =    -621.147812
 1-e energy   =    -935.934363
 2-e energy   =     278.040650
 HOMO         =      -0.441660
 LUMO         =      -0.055974
 
 
      Symmetry analysis of molecular orbitals - initial
      -------------------------------------------------
 
  Numbering of irreducible representations: 
 
     1 a1          2 a2          3 b1          4 b2          5 e       
 
  Orbital symmetries:
 
     1 a1          2 a1          3 a1          4 a1          5 e       
     6 e           7 a1          8 a1          9 e          10 e       
    11 a1         12 a1         13 e          14 e          15 a1      
    16 e          17 e          18 a1         19 a1         20 e       
    21 e          22 a1         23 e          24 e       
 

 Starting SCF solution at       0.6s



 ----------------------------------------------
         Quadratically convergent ROHF

 Convergence threshold     :          1.000E-04
 Maximum no. of iterations :           30
 Final Fock-matrix accuracy:          1.000E-07
 ----------------------------------------------

     COSMO gas phase

 Integral file          = ./cosmo_nacl_dat.aoints.0
 Record size in doubles =    65536    No. of integs per rec  =    43688
 Max. records in memory =        6    Max. records in file   = ********
 No. of bits per label  =        8    No. of bits per value  =       64


 #quartets = 3.037D+04 #integrals = 2.139D+05 #direct =  0.0% #cached =100.0%


              iter       energy          gnorm     gmax       time
             ----- ------------------- --------- --------- --------
                 1     -621.3886708351  5.84D-01  1.85D-01      0.9
                 2     -621.4204581533  1.20D-01  3.41D-02      0.9
                 3     -621.4212218215  4.45D-03  1.54D-03      1.0
                 4     -621.4212241873  1.43D-05  6.46D-06      1.0
     COSMO solvation phase
 Alternative 1
 -atmefc- energy =       0.126193554728
 -elcefc- energy =      -0.262271210057
 -efcefc- energy =       0.068441690669
 -lambda- energy =       0.000000000000
 -solnrg- energy =      -0.067635964660
 -allefc- energy =      -0.136077655329     -0.136883381339
 -ecos  - energy =       0.194635245397
 Alternative 2
 -atmefc- energy =       0.126193554728
 -elcefc- energy =      -0.262271210057
 -allefc- energy =      -0.136077655329
 -solnrg- energy =      -0.068038827664
 -ecos  - energy =       0.194232382392

              iter       energy          gnorm     gmax       time
             ----- ------------------- --------- --------- --------
                 1     -621.4892630149  1.79D-01  7.07D-02      1.1
 Alternative 1
 -atmefc- energy =       0.079602653873
 -elcefc- energy =      -0.239873511602
 -efcefc- energy =       0.080566929810
 -lambda- energy =       0.000000000000
 -solnrg- energy =      -0.079703927919
 -allefc- energy =      -0.160270857729     -0.161133859620
 -ecos  - energy =       0.160169583683
 Alternative 2
 -atmefc- energy =       0.079602653873
 -elcefc- energy =      -0.239873511602
 -allefc- energy =      -0.160270857729
 -solnrg- energy =      -0.080135428864
 -ecos  - energy =       0.159738082738
                 2     -621.4965114086  3.72D-02  1.53D-02      1.2
 Alternative 1
 -atmefc- energy =       0.068143402481
 -elcefc- energy =      -0.233362999973
 -efcefc- energy =       0.083048395452
 -lambda- energy =       0.000000000000
 -solnrg- energy =      -0.082171202041
 -allefc- energy =      -0.165219597492     -0.166096790903
 -ecos  - energy =       0.151191797932
 Alternative 2
 -atmefc- energy =       0.068143402481
 -elcefc- energy =      -0.233362999973
 -allefc- energy =      -0.165219597492
 -solnrg- energy =      -0.082609798746
 -ecos  - energy =       0.150753201227
                 3     -621.4968421498  6.65D-03  2.55D-03      1.2
 Alternative 1
 -atmefc- energy =       0.066099517384
 -elcefc- energy =      -0.232103570331
 -efcefc- energy =       0.083441785442
 -lambda- energy =       0.000000000000
 -solnrg- energy =      -0.082562267505
 -allefc- energy =      -0.166004052947     -0.166883570885
 -ecos  - energy =       0.149541302826
 Alternative 2
 -atmefc- energy =       0.066099517384
 -elcefc- energy =      -0.232103570331
 -allefc- energy =      -0.166004052947
 -solnrg- energy =      -0.083002026474
 -ecos  - energy =       0.149101543858
                 4     -621.4968512677  1.10D-03  4.40D-04      1.3
 Alternative 1
 -atmefc- energy =       0.065757911233
 -elcefc- energy =      -0.231891674015
 -efcefc- energy =       0.083506830065
 -lambda- energy =       0.000000000000
 -solnrg- energy =      -0.082626932717
 -allefc- energy =      -0.166133762782     -0.167013660130
 -ecos  - energy =       0.149264741298
 Alternative 2
 -atmefc- energy =       0.065757911233
 -elcefc- energy =      -0.231891674015
 -allefc- energy =      -0.166133762782
 -solnrg- energy =      -0.083066881391
 -ecos  - energy =       0.148824792624
                 5     -621.4968516581  1.83D-04  7.36D-05      1.4
 Alternative 1
 -atmefc- energy =       0.065700923183
 -elcefc- energy =      -0.231856273886
 -efcefc- energy =       0.083517655547
 -lambda- energy =       0.000000000000
 -solnrg- energy =      -0.082637695156
 -allefc- energy =      -0.166155350703     -0.167035311093
 -ecos  - energy =       0.149218578730
 Alternative 2
 -atmefc- energy =       0.065700923183
 -elcefc- energy =      -0.231856273886
 -allefc- energy =      -0.166155350703
 -solnrg- energy =      -0.083077675351
 -ecos  - energy =       0.148778598534
                 6     -621.4968516923  3.07D-05  1.22D-05      1.5
 
                  COSMO solvation results
                  -----------------------
 
                 gas phase energy =      -621.4212241873
                 sol phase energy =      -621.4968516923
 (electrostatic) solvation energy =         0.0756275050 (   47.46 kcal/mol)


       Final RHF  results 
       ------------------ 

         Total SCF energy =   -621.496851692271
      One-electron energy =   -938.824453323226
      Two-electron energy =    280.432922147772
 Nuclear repulsion energy =     36.745900884648
             COSMO energy =      0.148778598534

        Time for solution =      1.1s


 
       Symmetry analysis of molecular orbitals - final
       -----------------------------------------------
 
  Numbering of irreducible representations: 
 
     1 a1          2 a2          3 b1          4 b2          5 e       
 
  Orbital symmetries:
 
     1 a1          2 a1          3 a1          4 a1          5 e       
     6 e           7 a1          8 e           9 e          10 a1      
    11 a1         12 a1         13 e          14 e          15 a1      
    16 e          17 e          18 a1         19 a1         20 e       
    21 e          22 a1         23 a1         24 e       
 
             Final eigenvalues
             -----------------

              1      
    1 -104.7463
    2  -40.4704
    3  -10.4722
    4   -7.9394
    5   -7.9391
    6   -7.9391
    7   -2.7785
    8   -1.5008
    9   -1.5008
   10   -1.5008
   11   -0.9845
   12   -0.4080
   13   -0.3998
   14   -0.3998
   15    0.0347
   16    0.0609
   17    0.0609
   18    0.0617
   19    0.1370
   20    0.1477
   21    0.1477
   22    0.1692
   23    0.2331
   24    0.2518
 
                       ROHF Final Molecular Orbital Analysis
                       -------------------------------------
 
 Vector    5  Occ=2.000000D+00  E=-7.939148D+00  Symmetry=e
              MO Center= -3.5D-16,  2.0D-16, -1.1D+00, r^2= 5.7D-02
   Bfn.  Coefficient  Atom+Function         Bfn.  Coefficient  Atom+Function  
  ----- ------------  ---------------      ----- ------------  ---------------
    26      1.066916  2 Cl px                27     -0.614011  2 Cl py         
    29      0.283616  2 Cl px                30     -0.163221  2 Cl py         
 
 Vector    6  Occ=2.000000D+00  E=-7.939148D+00  Symmetry=e
              MO Center= -1.2D-16, -1.8D-16, -1.1D+00, r^2= 5.7D-02
   Bfn.  Coefficient  Atom+Function         Bfn.  Coefficient  Atom+Function  
  ----- ------------  ---------------      ----- ------------  ---------------
    27      1.066916  2 Cl py                26      0.614011  2 Cl px         
    30      0.283616  2 Cl py                29      0.163221  2 Cl px         
 
 Vector    7  Occ=2.000000D+00  E=-2.778466D+00  Symmetry=a1
              MO Center= -4.7D-17, -2.8D-16,  1.6D+00, r^2= 2.1D-01
   Bfn.  Coefficient  Atom+Function         Bfn.  Coefficient  Atom+Function  
  ----- ------------  ---------------      ----- ------------  ---------------
     2      1.028101  1 Na s                  1     -0.245828  1 Na s          
 
 Vector    8  Occ=2.000000D+00  E=-1.500776D+00  Symmetry=e
              MO Center= -2.0D-16,  1.1D-16,  1.6D+00, r^2= 2.3D-01
   Bfn.  Coefficient  Atom+Function         Bfn.  Coefficient  Atom+Function  
  ----- ------------  ---------------      ----- ------------  ---------------
     3      0.839117  1 Na px                 4     -0.541521  1 Na py         
 
 Vector    9  Occ=2.000000D+00  E=-1.500776D+00  Symmetry=e
              MO Center=  2.4D-16,  3.3D-16,  1.6D+00, r^2= 2.3D-01
   Bfn.  Coefficient  Atom+Function         Bfn.  Coefficient  Atom+Function  
  ----- ------------  ---------------      ----- ------------  ---------------
     4      0.839117  1 Na py                 3      0.541521  1 Na px         
 
 Vector   10  Occ=2.000000D+00  E=-1.500759D+00  Symmetry=a1
              MO Center=  4.1D-18, -1.1D-16,  1.6D+00, r^2= 2.3D-01
   Bfn.  Coefficient  Atom+Function         Bfn.  Coefficient  Atom+Function  
  ----- ------------  ---------------      ----- ------------  ---------------
     5      0.998452  1 Na pz         
 
 Vector   11  Occ=2.000000D+00  E=-9.844734D-01  Symmetry=a1
              MO Center= -2.2D-16,  2.1D-15, -1.0D+00, r^2= 8.5D-01
   Bfn.  Coefficient  Atom+Function         Bfn.  Coefficient  Atom+Function  
  ----- ------------  ---------------      ----- ------------  ---------------
    25      0.588540  2 Cl s                 24      0.578512  2 Cl s          
    23     -0.394878  2 Cl s                 22     -0.209925  2 Cl s          
 
 Vector   12  Occ=2.000000D+00  E=-4.080371D-01  Symmetry=a1
              MO Center= -1.4D-15,  2.0D-15, -1.0D+00, r^2= 1.4D+00
   Bfn.  Coefficient  Atom+Function         Bfn.  Coefficient  Atom+Function  
  ----- ------------  ---------------      ----- ------------  ---------------
    37      0.545306  2 Cl pz                40      0.406503  2 Cl pz         
    28     -0.318282  2 Cl pz                34      0.226500  2 Cl pz         
 
 Vector   13  Occ=2.000000D+00  E=-3.997658D-01  Symmetry=e
              MO Center= -1.6D-15, -3.4D-15, -1.1D+00, r^2= 1.4D+00
   Bfn.  Coefficient  Atom+Function         Bfn.  Coefficient  Atom+Function  
  ----- ------------  ---------------      ----- ------------  ---------------
    36      0.503353  2 Cl py                39      0.389995  2 Cl py         
    27     -0.295239  2 Cl py                33      0.211452  2 Cl py         
    35      0.208683  2 Cl px                38      0.161687  2 Cl px         
 
 Vector   14  Occ=2.000000D+00  E=-3.997658D-01  Symmetry=e
              MO Center=  7.5D-15, -3.0D-15, -1.1D+00, r^2= 1.4D+00
   Bfn.  Coefficient  Atom+Function         Bfn.  Coefficient  Atom+Function  
  ----- ------------  ---------------      ----- ------------  ---------------
    35      0.503353  2 Cl px                38      0.389995  2 Cl px         
    26     -0.295239  2 Cl px                32      0.211452  2 Cl px         
    36     -0.208683  2 Cl py                39     -0.161687  2 Cl py         
 
 Vector   15  Occ=0.000000D+00  E= 3.468625D-02  Symmetry=a1
              MO Center= -3.1D-14,  3.4D-14,  2.3D+00, r^2= 1.2D+01
   Bfn.  Coefficient  Atom+Function         Bfn.  Coefficient  Atom+Function  
  ----- ------------  ---------------      ----- ------------  ---------------
    10      1.788231  1 Na s                  6     -0.938283  1 Na s          
    41     -0.339155  2 Cl s                 44     -0.290878  2 Cl pz         
    14      0.188920  1 Na dxx               17      0.188920  1 Na dyy        
    19      0.182537  1 Na dzz                2     -0.180682  1 Na s          
 
 Vector   16  Occ=0.000000D+00  E= 6.090036D-02  Symmetry=e
              MO Center=  2.4D-13,  3.8D-14,  2.0D+00, r^2= 1.5D+01
   Bfn.  Coefficient  Atom+Function         Bfn.  Coefficient  Atom+Function  
  ----- ------------  ---------------      ----- ------------  ---------------
    11      1.191854  1 Na px                12      0.190318  1 Na py         
    42     -0.182547  2 Cl px                 7     -0.171963  1 Na px         
 
 Vector   17  Occ=0.000000D+00  E= 6.090036D-02  Symmetry=e
              MO Center= -3.1D-14,  2.0D-13,  2.0D+00, r^2= 1.5D+01
   Bfn.  Coefficient  Atom+Function         Bfn.  Coefficient  Atom+Function  
  ----- ------------  ---------------      ----- ------------  ---------------
    12      1.191854  1 Na py                11     -0.190318  1 Na px         
    43     -0.182547  2 Cl py                 8     -0.171963  1 Na py         
 
 Vector   18  Occ=0.000000D+00  E= 6.165327D-02  Symmetry=a1
              MO Center= -1.2D-13, -2.9D-13,  1.3D+00, r^2= 1.9D+01
   Bfn.  Coefficient  Atom+Function         Bfn.  Coefficient  Atom+Function  
  ----- ------------  ---------------      ----- ------------  ---------------
    13      1.595665  1 Na pz                41      1.149416  2 Cl s          
    10     -1.032478  1 Na s                 44      0.700292  2 Cl pz         
    40     -0.249334  2 Cl pz         
 
 Vector   19  Occ=0.000000D+00  E= 1.369697D-01  Symmetry=a1
              MO Center= -6.9D-14,  9.1D-14, -1.6D+00, r^2= 1.2D+01
   Bfn.  Coefficient  Atom+Function         Bfn.  Coefficient  Atom+Function  
  ----- ------------  ---------------      ----- ------------  ---------------
    44      1.507486  2 Cl pz                41     -0.901641  2 Cl s          
    40     -0.837403  2 Cl pz                13     -0.679764  1 Na pz         
    25      0.384679  2 Cl s                 10      0.295792  1 Na s          
     6     -0.200373  1 Na s          
 
 Vector   20  Occ=0.000000D+00  E= 1.476599D-01  Symmetry=e
              MO Center=  2.5D-14, -1.3D-13, -1.1D+00, r^2= 1.2D+01
   Bfn.  Coefficient  Atom+Function         Bfn.  Coefficient  Atom+Function  
  ----- ------------  ---------------      ----- ------------  ---------------
    43      1.878111  2 Cl py                39     -0.949569  2 Cl py         
    12     -0.599720  1 Na py                42     -0.356539  2 Cl px         
    38      0.180265  2 Cl px         
 
 Vector   21  Occ=0.000000D+00  E= 1.476599D-01  Symmetry=e
              MO Center=  5.5D-14,  1.1D-14, -1.1D+00, r^2= 1.2D+01
   Bfn.  Coefficient  Atom+Function         Bfn.  Coefficient  Atom+Function  
  ----- ------------  ---------------      ----- ------------  ---------------
    42      1.878111  2 Cl px                38     -0.949569  2 Cl px         
    11     -0.599720  1 Na px                43      0.356539  2 Cl py         
    39     -0.180265  2 Cl py         
 
 Vector   22  Occ=0.000000D+00  E= 1.692097D-01  Symmetry=a1
              MO Center= -6.6D-14,  1.5D-14,  1.8D+00, r^2= 1.1D+01
   Bfn.  Coefficient  Atom+Function         Bfn.  Coefficient  Atom+Function  
  ----- ------------  ---------------      ----- ------------  ---------------
     6      4.006952  1 Na s                 10     -2.596440  1 Na s          
    41      1.090101  2 Cl s                 19     -0.732594  1 Na dzz        
    14     -0.685905  1 Na dxx               17     -0.685905  1 Na dyy        
    25     -0.493991  2 Cl s                  9      0.286368  1 Na pz         
    13      0.242837  1 Na pz         
 
 Vector   23  Occ=0.000000D+00  E= 2.331337D-01  Symmetry=a1
              MO Center= -2.8D-14,  6.7D-14,  5.3D-02, r^2= 1.2D+01
   Bfn.  Coefficient  Atom+Function         Bfn.  Coefficient  Atom+Function  
  ----- ------------  ---------------      ----- ------------  ---------------
    41      3.944873  2 Cl s                  6     -2.239142  1 Na s          
    44      2.000960  2 Cl pz                25     -1.402915  2 Cl s          
    13      1.382507  1 Na pz                10     -1.265971  1 Na s          
    40     -0.408550  2 Cl pz                14      0.367652  1 Na dxx        
    17      0.367652  1 Na dyy               19      0.260453  1 Na dzz        
 
 Vector   24  Occ=0.000000D+00  E= 2.518106D-01  Symmetry=e
              MO Center=  4.7D-14, -6.8D-14,  1.7D+00, r^2= 6.8D+00
   Bfn.  Coefficient  Atom+Function         Bfn.  Coefficient  Atom+Function  
  ----- ------------  ---------------      ----- ------------  ---------------
     8      1.125788  1 Na py                 7     -0.774420  1 Na px         
    12     -0.670447  1 Na py                11      0.461195  1 Na px         
     4     -0.178526  1 Na py         
 
 Vector   25  Occ=0.000000D+00  E= 2.518106D-01  Symmetry=e
              MO Center=  1.7D-14,  1.2D-14,  1.7D+00, r^2= 6.8D+00
   Bfn.  Coefficient  Atom+Function         Bfn.  Coefficient  Atom+Function  
  ----- ------------  ---------------      ----- ------------  ---------------
     7      1.125788  1 Na px                 8      0.774420  1 Na py         
    11     -0.670447  1 Na px                12     -0.461195  1 Na py         
     3     -0.178526  1 Na px         
 
 Vector   26  Occ=0.000000D+00  E= 3.098752D-01  Symmetry=a1
              MO Center= -6.3D-14,  5.5D-14,  1.0D+00, r^2= 6.9D+00
   Bfn.  Coefficient  Atom+Function         Bfn.  Coefficient  Atom+Function  
  ----- ------------  ---------------      ----- ------------  ---------------
     6      2.005024  1 Na s                  9     -2.008427  1 Na pz         
    41     -1.688543  2 Cl s                 44     -0.912430  2 Cl pz         
    40     -0.643274  2 Cl pz                13      0.261966  1 Na pz         
    14     -0.200104  1 Na dxx               17     -0.200104  1 Na dyy        
     5      0.198443  1 Na pz                19     -0.182040  1 Na dzz        
 
 Vector   27  Occ=0.000000D+00  E= 5.155290D-01  Symmetry=b2
              MO Center= -8.0D-16,  8.2D-16,  1.6D+00, r^2= 2.8D+00
   Bfn.  Coefficient  Atom+Function         Bfn.  Coefficient  Atom+Function  
  ----- ------------  ---------------      ----- ------------  ---------------
    15      1.731314  1 Na dxy        
 

 center of mass
 --------------
 x =   0.00000000 y =   0.00000000 z =   0.01934589

 moments of inertia (a.u.)
 ------------------
         359.222637053463           0.000000000000           0.000000000000
           0.000000000000         359.222637053463           0.000000000000
           0.000000000000           0.000000000000           0.000000000000
 
  Mulliken analysis of the total density
  --------------------------------------

    Atom       Charge   Shell Charges
 -----------   ------   -------------------------------------------------------
    1 Na  11    10.09   2.00  2.00  5.99  0.02  0.03  0.01  0.01  0.02
    2 Cl  17    17.91   0.78  1.19  0.91  1.07  0.92  1.07  7.41 -1.49  1.01  3.05  2.02  0.01 -0.07  0.04
 
       Multipole analysis of the density wrt the origin
       ------------------------------------------------
 
     L   x y z        total         open         nuclear
     -   - - -        -----         ----         -------
     0   0 0 0     -0.000000      0.000000     28.000000
 
     1   1 0 0     -0.000000      0.000000      0.000000
     1   0 1 0      0.000000      0.000000      0.000000
     1   0 0 1      4.933901      0.000000      0.000000
 
     2   2 0 0    -14.407923      0.000000      0.000000
     2   1 1 0      0.000000      0.000000      0.000000
     2   1 0 1      0.000000      0.000000      0.000000
     2   0 2 0    -14.407923      0.000000      0.000000
     2   0 1 1     -0.000000      0.000000      0.000000
     2   0 0 2     -8.343989      0.000000    172.961319
 

 Parallel integral file used       5 records with       0 large values


 Task  times  cpu:        1.5s     wall:        1.6s
 
 
                                NWChem Input Module
                                -------------------
 
 
 Summary of allocated global arrays
-----------------------------------
  No active global arrays



                         GA Statistics for process    0
                         ------------------------------

       create   destroy   get      put      acc     scatter   gather  read&inc
calls:  718      718     1.51e+04 5731     6255        0        0      288     
number of processes/call 1.00e+00 1.00e+00 1.00e+00 0.00e+00 0.00e+00
bytes total:             1.65e+07 9.94e+06 1.04e+07 0.00e+00 0.00e+00 2.30e+03
bytes remote:            0.00e+00 0.00e+00 0.00e+00 0.00e+00 0.00e+00 0.00e+00
Max memory consumed for GA by this process: 276768 bytes
 
MA_summarize_allocated_blocks: starting scan ...
MA_summarize_allocated_blocks: scan completed: 0 heap blocks, 0 stack blocks
MA usage statistics:

	allocation statistics:
					      heap	     stack
					      ----	     -----
	current number of blocks	         0	         0
	maximum number of blocks	        22	        23
	current total bytes		         0	         0
	maximum total bytes		   3180488	  22510296
	maximum total K-bytes		      3181	     22511
	maximum total M-bytes		         4	        23
 
 
                                     CITATION
                                     --------
                Please cite the following reference when publishing
                           results obtained with NWChem:
 
                 M. Valiev, E.J. Bylaska, N. Govind, K. Kowalski,
              T.P. Straatsma, H.J.J. van Dam, D. Wang, J. Nieplocha,
                        E. Apra, T.L. Windus, W.A. de Jong
                 "NWChem: a comprehensive and scalable open-source
                  solution for large scale molecular simulations"
                      Comput. Phys. Commun. 181, 1477 (2010)
                           doi:10.1016/j.cpc.2010.04.018
 
                                      AUTHORS
                                      -------
          E. Apra, E. J. Bylaska, W. A. de Jong, N. Govind, K. Kowalski,
       T. P. Straatsma, M. Valiev, H. J. J. van Dam, D. Wang, T. L. Windus,
        J. Hammond, J. Autschbach, K. Bhaskaran-Nair, J. Brabec, K. Lopata,
        S. Krishnamoorthy, W. Ma, M. Klemm, O. Villa, Y. Chen, V. Anisimov,
    F. Aquino, S. Hirata, M. T. Hackler, T. Risthaus, M. Malagoli, A. Marenich,
   A. Otero-de-la-Roza, J. Mullin, P. Nichols, R. Peverati, J. Pittner, Y. Zhao,
         P.-D. Fan, A. Fonari, R. J. Harrison, M. Dupuis, D. Silverstein,
    D. M. A. Smith, J. Nieplocha, V. Tipparaju, M. Krishnan, B. E. Van Kuiken,
        A. Vazquez-Mayagoitia, L. Jensen, M. Swart, Q. Wu, T. Van Voorhis,
     A. A. Auer, M. Nooijen, L. D. Crosby, E. Brown, G. Cisneros, G. I. Fann,
   H. Fruchtl, J. Garza, K. Hirao, R. A. Kendall, J. A. Nichols, K. Tsemekhman,
    K. Wolinski, J. Anchell, D. E. Bernholdt, P. Borowski, T. Clark, D. Clerc,
   H. Dachsel, M. J. O. Deegan, K. Dyall, D. Elwood, E. Glendening, M. Gutowski,
   A. C. Hess, J. Jaffe, B. G. Johnson, J. Ju, R. Kobayashi, R. Kutteh, Z. Lin,
   R. Littlefield, X. Long, B. Meng, T. Nakajima, S. Niu, L. Pollack, M. Rosing,
   K. Glaesemann, G. Sandrone, M. Stave, H. Taylor, G. Thomas, J. H. van Lenthe,
                               A. T. Wong, Z. Zhang.

 Total times  cpu:        1.6s     wall:        1.7s
