 argument  1 = co-civecs-td.nw



============================== echo of input deck ==============================
#
# transition densities for 5 roots
#
echo

start co-civecs-td
title co-civecs-td

memory 1000 mb

geometry units angstrom noautosym nocenter
 O 0       0        0
 C 0       0.00     1.15
end

basis spherical
  * library "def2-sv(p)"
end

dft
  xc b3lyp
end
#
tddft
  cis
  nroots 5
  notriplet
  civecs
end
task tddft

# cube file for td 1
dplot
  civecs co-civecs-td.civecs_singlet
  root 1
  LimitXYZ
 -4.0 4.0 50
 -4.0 4.0 50
 -4.0 4.0 50
 gaussian
 output co-civecs-td_01.cube
end
task dplot

# cube file for td 4
dplot
  civecs co-civecs-td.civecs_singlet
  root 4
  LimitXYZ
 -4.0 4.0 50
 -4.0 4.0 50
 -4.0 4.0 50
 gaussian
 output co-civecs-td_04.cube
end
task dplot
================================================================================


                                         
                                         


              Northwest Computational Chemistry Package (NWChem) 6.3
              ------------------------------------------------------


                    Environmental Molecular Sciences Laboratory
                       Pacific Northwest National Laboratory
                                Richland, WA 99352

                              Copyright (c) 1994-2013
                       Pacific Northwest National Laboratory
                            Battelle Memorial Institute

             NWChem is an open-source computational chemistry package
                        distributed under the terms of the
                      Educational Community License (ECL) 2.0
             A copy of the license is included with this distribution
                              in the LICENSE.TXT file

                                  ACKNOWLEDGMENT
                                  --------------

            This software and its documentation were developed at the
            EMSL at Pacific Northwest National Laboratory, a multiprogram
            national laboratory, operated for the U.S. Department of Energy
            by Battelle under Contract Number DE-AC05-76RL01830. Support
            for this work was provided by the Department of Energy Office
            of Biological and Environmental Research, Office of Basic
            Energy Sciences, and the Office of Advanced Scientific Computing.


           Job information
           ---------------

    hostname        = orion
    program         = ../../../bin/LINUX64/nwchem
    date            = Mon Jan  6 17:30:20 2014

    compiled        = Mon_Jan_06_17:11:04_2014
    source          = /home/niri/nwchem/nwchem-trunk
    nwchem branch   = Development
    nwchem revision = 24799
    ga revision     = 10395
    input           = co-civecs-td.nw
    prefix          = co-civecs-td.
    data base       = ./co-civecs-td.db
    status          = startup
    nproc           =        4
    time left       =     -1s



           Memory information
           ------------------

    heap     =   32768001 doubles =    250.0 Mbytes
    stack    =   32768001 doubles =    250.0 Mbytes
    global   =   65536000 doubles =    500.0 Mbytes (distinct from heap & stack)
    total    =  131072002 doubles =   1000.0 Mbytes
    verify   = yes
    hardfail = no 


           Directory information
           ---------------------

  0 permanent = .
  0 scratch   = .




                                NWChem Input Module
                                -------------------


                                   co-civecs-td
                                   ------------

 Scaling coordinates for geometry "geometry" by  1.889725989
 (inverse scale =  0.529177249)


          ------
          auto-z
          ------


                             Geometry "geometry" -> ""
                             -------------------------

 Output coordinates in angstroms (scale by  1.889725989 to convert to a.u.)

  No.       Tag          Charge          X              Y              Z
 ---- ---------------- ---------- -------------- -------------- --------------
    1 O                    8.0000     0.00000000     0.00000000     0.00000000
    2 C                    6.0000     0.00000000     0.00000000     1.15000000

      Atomic Mass 
      ----------- 

      O                 15.994910
      C                 12.000000


 Effective nuclear repulsion energy (a.u.)      22.0873982191

            Nuclear Dipole moment (a.u.) 
            ----------------------------
        X                 Y               Z
 ---------------- ---------------- ----------------
     0.0000000000     0.0000000000    13.0391093212



                                Z-matrix (autoz)
                                -------- 

 Units are Angstrom for bonds and degrees for angles

      Type          Name      I     J     K     L     M      Value
      ----------- --------  ----- ----- ----- ----- ----- ----------
    1 Stretch                  1     2                       1.15000


            XYZ format geometry
            -------------------
     2
 geometry
 O                     0.00000000     0.00000000     0.00000000
 C                     0.00000000     0.00000000     1.15000000

 ==============================================================================
                                internuclear distances
 ------------------------------------------------------------------------------
       center one      |      center two      | atomic units |  angstroms
 ------------------------------------------------------------------------------
    2 C                |   1 O                |     2.17318  |     1.15000
 ------------------------------------------------------------------------------
                         number of included internuclear distances:          1
 ==============================================================================



  library name resolved from: environment
  library file name is: </home/niri/nwchem/nwchem-trunk/src/basis/libraries/>
  


 Summary of "ao basis" -> "" (spherical)
 ------------------------------------------------------------------------------
       Tag                 Description            Shells   Functions and Types
 ---------------- ------------------------------  ------  ---------------------
 *                         def2-sv(p)                 on all atoms 


 tddft_input: filename not found; default name will be used

                                 NWChem DFT Module
                                 -----------------


                                   co-civecs-td


                      Basis "ao basis" -> "ao basis" (spherical)
                      -----
  O (Oxygen)
  ----------
            Exponent  Coefficients 
       -------------- ---------------------------------------------------------
  1 S  2.26617678E+03 -0.005343
  1 S  3.40870102E+02 -0.039890
  1 S  7.73631352E+01 -0.178539
  1 S  2.14796449E+01 -0.464277
  1 S  6.65894331E+00 -0.443097

  2 S  8.09759757E-01  1.000000

  3 S  2.55307722E-01  1.000000

  4 P  1.77215043E+01  0.043395
  4 P  3.86355054E+00  0.230941
  4 P  1.04809209E+00  0.513753

  5 P  2.76415444E-01  1.000000

  6 D  1.20000000E+00  1.000000

  C (Carbon)
  ----------
            Exponent  Coefficients 
       -------------- ---------------------------------------------------------
  1 S  1.23840169E+03  0.005457
  1 S  1.86290050E+02  0.040638
  1 S  4.22511763E+01  0.180256
  1 S  1.16765579E+01  0.463151
  1 S  3.59305065E+00  0.440872

  2 S  4.02451474E-01  1.000000

  3 S  1.30901827E-01  1.000000

  4 P  9.46809706E+00  0.038388
  4 P  2.01035451E+00  0.211170
  4 P  5.47710047E-01  0.513282

  5 P  1.52686138E-01  1.000000

  6 D  8.00000000E-01  1.000000



 Summary of "ao basis" -> "ao basis" (spherical)
 ------------------------------------------------------------------------------
       Tag                 Description            Shells   Functions and Types
 ---------------- ------------------------------  ------  ---------------------
 O                         def2-sv(p)                6       14   3s2p1d
 C                         def2-sv(p)                6       14   3s2p1d




 Summary of "ao basis" -> "ao basis" (spherical)
 ------------------------------------------------------------------------------
       Tag                 Description            Shells   Functions and Types
 ---------------- ------------------------------  ------  ---------------------
 O                         def2-sv(p)                6       14   3s2p1d
 C                         def2-sv(p)                6       14   3s2p1d


  Caching 1-el integrals 

            General Information
            -------------------
          SCF calculation type: DFT
          Wavefunction type:  closed shell.
          No. of atoms     :     2
          No. of electrons :    14
           Alpha electrons :     7
            Beta electrons :     7
          Charge           :     0
          Spin multiplicity:     1
          Use of symmetry is: off; symmetry adaption is: off
          Maximum number of iterations:  30
          AO basis - number of functions:    28
                     number of shells:    12
          Convergence on energy requested: 1.00D-06
          Convergence on density requested: 1.00D-05
          Convergence on gradient requested: 5.00D-04

              XC Information
              --------------
                         B3LYP Method XC Potential
                     Hartree-Fock (Exact) Exchange  0.200          
                        Slater Exchange Functional  0.800 local    
                    Becke 1988 Exchange Functional  0.720 non-local
              Lee-Yang-Parr Correlation Functional  0.810          
                  VWN I RPA Correlation Functional  0.190 local    

             Grid Information
             ----------------
          Grid used for XC integration:  medium    
          Radial quadrature: Mura-Knowles        
          Angular quadrature: Lebedev. 
          Tag              B.-S. Rad. Rad. Pts. Rad. Cut. Ang. Pts.
          ---              ---------- --------- --------- ---------
          O                   0.60       49           5.0       434
          C                   0.70       49           5.0       434
          Grid pruning is: on 
          Number of quadrature shells:    98
          Spatial weights used:  Erf1

          Convergence Information
          -----------------------
          Convergence aids based upon iterative change in 
          total energy or number of iterations. 
          Levelshifting, if invoked, occurs when the 
          HOMO/LUMO gap drops below (HL_TOL): 1.00D-02
          DIIS, if invoked, will attempt to extrapolate 
          using up to (NFOCK): 10 stored Fock matrices.

                    Damping( 0%)  Levelshifting(0.5)       DIIS
                  --------------- ------------------- ---------------
          dE  on:    start            ASAP                start   
          dE off:    2 iters         30 iters            30 iters 


      Screening Tolerance Information
      -------------------------------
          Density screening/tol_rho: 1.00D-10
          AO Gaussian exp screening on grid/accAOfunc:  14
          CD Gaussian exp screening on grid/accCDfunc:  20
          XC Gaussian exp screening on grid/accXCfunc:  20
          Schwarz screening/accCoul: 1.00D-08


      Superposition of Atomic Density Guess
      -------------------------------------

 Sum of atomic energies:        -112.31596440

      Non-variational initial energy
      ------------------------------

 Total energy =    -112.696994
 1-e energy   =    -196.800123
 2-e energy   =      62.015731
 HOMO         =      -0.384038
 LUMO         =       0.032565

   Time after variat. SCF:      0.1
   Time prior to 1st pass:      0.1

 #quartets = 3.080D+03 #integrals = 2.185D+04 #direct =  0.0% #cached =100.0%


 Integral file          = ./co-civecs-td.aoints.0
 Record size in doubles =  65536        No. of integs per rec  =  43688
 Max. records in memory =      2        Max. records in file   =   2672
 No. of bits per label  =      8        No. of bits per value  =     64


File balance: exchanges=     0  moved=     0  time=   0.0


 Grid_pts file          = ./co-civecs-td.gridpts.0
 Record size in doubles =  12289        No. of grid_pts per rec  =   3070
 Max. records in memory =      5        Max. recs in file   =     14256


           Memory utilization after 1st SCF pass: 
           Heap Space remaining (MW):       32.57            32574079
          Stack Space remaining (MW):       32.77            32767749

   convergence    iter        energy       DeltaE   RMS-Dens  Diis-err    time
 ---------------- ----- ----------------- --------- --------- ---------  ------
 d= 0,ls=0.0,diis     1   -113.1699207152 -1.35D+02  3.56D-02  4.23D-01     0.2
 d= 0,ls=0.0,diis     2   -112.9541868420  2.16D-01  2.31D-02  2.77D+00     0.3
 d= 0,ls=0.0,diis     3   -113.2229904597 -2.69D-01  3.35D-03  1.10D-02     0.3
 d= 0,ls=0.0,diis     4   -113.2240809707 -1.09D-03  6.35D-04  6.67D-04     0.4
 d= 0,ls=0.0,diis     5   -113.2241550769 -7.41D-05  4.47D-05  1.59D-06     0.4
 d= 0,ls=0.0,diis     6   -113.2241552372 -1.60D-07  4.89D-06  4.00D-08     0.5


         Total DFT energy =     -113.224155237224
      One electron energy =     -197.358558523319
           Coulomb energy =       75.908733401093
    Exchange-Corr. energy =      -13.861728334116
 Nuclear repulsion energy =       22.087398219118

 Numeric. integr. density =       14.000000032061

     Total iterative time =      0.4s



                       DFT Final Molecular Orbital Analysis
                       ------------------------------------

 Vector    1  Occ=2.000000D+00  E=-1.924763D+01
              MO Center= -9.0D-18, -1.7D-17,  1.9D-04, r^2= 1.5D-02
   Bfn.  Coefficient  Atom+Function         Bfn.  Coefficient  Atom+Function  
  ----- ------------  ---------------      ----- ------------  ---------------
     1      0.988701  1 O  s          

 Vector    2  Occ=2.000000D+00  E=-1.031141D+01
              MO Center=  6.1D-18, -3.2D-17,  1.1D+00, r^2= 2.8D-02
   Bfn.  Coefficient  Atom+Function         Bfn.  Coefficient  Atom+Function  
  ----- ------------  ---------------      ----- ------------  ---------------
    15      0.989233  2 C  s          

 Vector    3  Occ=2.000000D+00  E=-1.145131D+00
              MO Center= -5.9D-16, -5.0D-16,  3.3D-01, r^2= 4.3D-01
   Bfn.  Coefficient  Atom+Function         Bfn.  Coefficient  Atom+Function  
  ----- ------------  ---------------      ----- ------------  ---------------
     2      0.529744  1 O  s                 16      0.280120  2 C  s          
     1      0.265112  1 O  s                  3      0.236805  1 O  s          
    20     -0.221399  2 C  pz                 6      0.182219  1 O  pz         

 Vector    4  Occ=2.000000D+00  E=-5.715471D-01
              MO Center= -1.9D-16,  8.6D-17, -3.4D-03, r^2= 7.6D-01
   Bfn.  Coefficient  Atom+Function         Bfn.  Coefficient  Atom+Function  
  ----- ------------  ---------------      ----- ------------  ---------------
     6      0.486993  1 O  pz                16      0.388896  2 C  s          
     3     -0.359789  1 O  s                  2     -0.325507  1 O  s          
     9      0.233537  1 O  pz                15     -0.171315  2 C  s          
     1     -0.154194  1 O  s          

 Vector    5  Occ=2.000000D+00  E=-4.734876D-01
              MO Center=  9.3D-17, -7.3D-17,  3.0D-01, r^2= 8.0D-01
   Bfn.  Coefficient  Atom+Function         Bfn.  Coefficient  Atom+Function  
  ----- ------------  ---------------      ----- ------------  ---------------
     4      0.504477  1 O  px                 7      0.306797  1 O  px         
    18      0.292965  2 C  px                 5      0.241849  1 O  py         

 Vector    6  Occ=2.000000D+00  E=-4.734876D-01
              MO Center= -3.7D-16,  4.1D-16,  3.0D-01, r^2= 8.0D-01
   Bfn.  Coefficient  Atom+Function         Bfn.  Coefficient  Atom+Function  
  ----- ------------  ---------------      ----- ------------  ---------------
     5      0.504477  1 O  py                 8      0.306797  1 O  py         
    19      0.292965  2 C  py                 4     -0.241849  1 O  px         

 Vector    7  Occ=2.000000D+00  E=-3.791417D-01
              MO Center= -3.3D-16, -1.3D-15,  1.4D+00, r^2= 1.0D+00
   Bfn.  Coefficient  Atom+Function         Bfn.  Coefficient  Atom+Function  
  ----- ------------  ---------------      ----- ------------  ---------------
    17      0.487308  2 C  s                 20      0.449296  2 C  pz         
    16      0.398106  2 C  s                  6     -0.269980  1 O  pz         
    15     -0.184956  2 C  s          

 Vector    8  Occ=0.000000D+00  E=-3.751584D-02
              MO Center=  6.3D-16, -6.9D-17,  9.3D-01, r^2= 1.4D+00
   Bfn.  Coefficient  Atom+Function         Bfn.  Coefficient  Atom+Function  
  ----- ------------  ---------------      ----- ------------  ---------------
    21      0.593172  2 C  px                18      0.567905  2 C  px         
     7     -0.428952  1 O  px                 4     -0.406969  1 O  px         

 Vector    9  Occ=0.000000D+00  E=-3.751584D-02
              MO Center= -9.7D-17,  2.1D-16,  9.3D-01, r^2= 1.4D+00
   Bfn.  Coefficient  Atom+Function         Bfn.  Coefficient  Atom+Function  
  ----- ------------  ---------------      ----- ------------  ---------------
    22      0.593172  2 C  py                19      0.567905  2 C  py         
     8     -0.428952  1 O  py                 5     -0.406969  1 O  py         

 Vector   10  Occ=0.000000D+00  E= 2.174306D-01
              MO Center= -1.1D-15, -8.8D-16,  8.5D-01, r^2= 2.8D+00
   Bfn.  Coefficient  Atom+Function         Bfn.  Coefficient  Atom+Function  
  ----- ------------  ---------------      ----- ------------  ---------------
    17     -1.922124  2 C  s                  3      1.833049  1 O  s          
    23      1.641335  2 C  pz                 9      0.552192  1 O  pz         
    16      0.294536  2 C  s                 20      0.188372  2 C  pz         
     2      0.186729  1 O  s          

 Vector   11  Occ=0.000000D+00  E= 3.930197D-01
              MO Center= -7.3D-15, -1.0D-14,  1.9D+00, r^2= 1.8D+00
   Bfn.  Coefficient  Atom+Function         Bfn.  Coefficient  Atom+Function  
  ----- ------------  ---------------      ----- ------------  ---------------
    16      1.519545  2 C  s                 17     -1.126815  2 C  s          
    23     -0.782976  2 C  pz                20      0.326604  2 C  pz         
     3     -0.306961  1 O  s                 15     -0.278849  2 C  s          
     9     -0.182780  1 O  pz         

 Vector   12  Occ=0.000000D+00  E= 4.543820D-01
              MO Center= -2.5D-15,  4.5D-15,  1.2D+00, r^2= 2.1D+00
   Bfn.  Coefficient  Atom+Function         Bfn.  Coefficient  Atom+Function  
  ----- ------------  ---------------      ----- ------------  ---------------
    22      0.975796  2 C  py                19     -0.849052  2 C  py         
    21     -0.539377  2 C  px                18      0.469319  2 C  px         

 Vector   13  Occ=0.000000D+00  E= 4.543820D-01
              MO Center=  9.9D-15,  5.5D-15,  1.2D+00, r^2= 2.1D+00
   Bfn.  Coefficient  Atom+Function         Bfn.  Coefficient  Atom+Function  
  ----- ------------  ---------------      ----- ------------  ---------------
    21      0.975796  2 C  px                18     -0.849052  2 C  px         
    22      0.539377  2 C  py                19     -0.469319  2 C  py         

 Vector   14  Occ=0.000000D+00  E= 6.996868D-01
              MO Center=  3.5D-16, -9.1D-16,  5.3D-01, r^2= 1.2D+00
   Bfn.  Coefficient  Atom+Function         Bfn.  Coefficient  Atom+Function  
  ----- ------------  ---------------      ----- ------------  ---------------
    20     -1.105299  2 C  pz                16      1.009838  2 C  s          
     9     -0.868053  1 O  pz                23      0.485409  2 C  pz         
     2     -0.384445  1 O  s                  6     -0.274084  1 O  pz         
    15     -0.156484  2 C  s          

 Vector   15  Occ=0.000000D+00  E= 8.336906D-01
              MO Center= -7.6D-17,  1.1D-15, -3.2D-01, r^2= 1.2D+00
   Bfn.  Coefficient  Atom+Function         Bfn.  Coefficient  Atom+Function  
  ----- ------------  ---------------      ----- ------------  ---------------
     9      1.218516  1 O  pz                 6     -0.826460  1 O  pz         
    16     -0.440803  2 C  s                  2      0.432299  1 O  s          
    26     -0.216200  2 C  d  0              17     -0.196539  2 C  s          
    23      0.194960  2 C  pz         

 Vector   16  Occ=0.000000D+00  E= 9.428584D-01
              MO Center=  5.2D-16, -2.5D-15,  7.5D-03, r^2= 1.4D+00
   Bfn.  Coefficient  Atom+Function         Bfn.  Coefficient  Atom+Function  
  ----- ------------  ---------------      ----- ------------  ---------------
     8      1.273321  1 O  py                 5     -0.916861  1 O  py         
    22     -0.520412  2 C  py                 7     -0.265173  1 O  px         
     4      0.190939  1 O  px         

 Vector   17  Occ=0.000000D+00  E= 9.428584D-01
              MO Center= -5.1D-16, -1.2D-16,  7.5D-03, r^2= 1.4D+00
   Bfn.  Coefficient  Atom+Function         Bfn.  Coefficient  Atom+Function  
  ----- ------------  ---------------      ----- ------------  ---------------
     7      1.273321  1 O  px                 4     -0.916861  1 O  px         
    21     -0.520412  2 C  px                 8      0.265173  1 O  py         
     5     -0.190939  1 O  py         


 center of mass
 --------------
 x =   0.00000000 y =   0.00000000 z =   0.93153429

 moments of inertia (a.u.)
 ------------------
          32.380035712816           0.000000000000           0.000000000000
           0.000000000000          32.380035712816           0.000000000000
           0.000000000000           0.000000000000           0.000000000000

     Multipole analysis of the density
     ---------------------------------

     L   x y z        total         alpha         beta         nuclear
     -   - - -        -----         -----         ----         -------
     0   0 0 0      0.000000     -7.000000     -7.000000     14.000000

     1   1 0 0      0.000000      0.000000      0.000000      0.000000
     1   0 1 0      0.000000      0.000000      0.000000      0.000000
     1   0 0 1     -0.059378     -6.549244     -6.549244     13.039109

     2   2 0 0     -7.495785     -3.747892     -3.747892      0.000000
     2   1 1 0      0.000000      0.000000      0.000000      0.000000
     2   1 0 1      0.000000      0.000000      0.000000      0.000000
     2   0 2 0     -7.495785     -3.747892     -3.747892      0.000000
     2   0 1 1      0.000000      0.000000      0.000000      0.000000
     2   0 0 2     -9.256330    -18.796363    -18.796363     28.336395


 Parallel integral file used       4 records with       0 large values

                                NWChem TDDFT Module
                                -------------------


                                   co-civecs-td


            General Information
            -------------------
           No. of orbitals :    56
            Alpha orbitals :    28
             Beta orbitals :    28
        Alpha frozen cores :     0
         Beta frozen cores :     0
     Alpha frozen virtuals :     0
      Beta frozen virtuals :     0
         Spin multiplicity :     1
    Number of AO functions :    28
        Use of symmetry is : off
      Symmetry adaption is : off
         Schwarz screening : 0.10D-07

              XC Information
              --------------
                  B3LYP Method XC Potential
              Hartree-Fock (Exact) Exchange   0.20          
                 Slater Exchange Functional   0.80 local    
             Becke 1988 Exchange Functional   0.72 non-local
       Lee-Yang-Parr Correlation Functional   0.81          
           VWN I RPA Correlation Functional   0.19 local    

             TDDFT Information
             -----------------
          Calculation type : Tamm-Dancoff TDDFT
         Wavefunction type : Restricted singlets
          No. of electrons :    14
           Alpha electrons :     7
            Beta electrons :     7
              No. of roots :     5
          Max subspacesize :  5000
            Max iterations :   100
               Target root :     1
           Target symmetry : none
      Symmetry restriction : off
                 Algorithm : Optimal
        Davidson threshold : 0.10D-03

            Memory Information
            ------------------
          Available GA space size is         262143216 doubles
          Available MA space size is          65534611 doubles
          Length of a trial vector is          147
          Algorithm : Incore multiple tensor contraction
          Estimated peak GA usage is           2239447 doubles
          Estimated peak MA usage is             13000 doubles

    5 smallest eigenvalue differences (eV) 
--------------------------------------------------------
  No. Spin  Occ  Vir  Irrep   E(Occ)    E(Vir)   E(Diff)
--------------------------------------------------------
    1    1    7    8 a        -0.379    -0.038     9.296
    2    1    7    9 a        -0.379    -0.038     9.296
    3    1    6    8 a        -0.473    -0.038    11.863
    4    1    6    9 a        -0.473    -0.038    11.863
    5    1    5    8 a        -0.473    -0.038    11.863
--------------------------------------------------------

  Entering Davidson iterations
  Restricted singlet excited states

  Iter   NTrls   NConv    DeltaV     DeltaE      Time   
  ----  ------  ------  ---------  ---------  --------- 
    1      5       0     0.44E+00   0.10+100        0.7
    2     10       0     0.26E+00   0.29E+00        0.7
    3     15       1     0.86E-02   0.72E-01        0.7
    4     19       1     0.15E-02   0.53E-04        0.6
    5     23       4     0.11E-03   0.17E-05        0.6
    6     24       5     0.49E-04   0.73E-08        0.3
  ----  ------  ------  ---------  ---------  --------- 
  Convergence criterion met

  Ground state a        -113.224155237224 a.u.

  ----------------------------------------------------------------------------
  Root   1 singlet a              0.313037689 a.u.                8.5182 eV 
  ----------------------------------------------------------------------------
     Transition Moments    X -0.68321   Y  0.00121   Z  0.00000
     Transition Moments   XX  0.00000  XY  0.00000  XZ -2.44175
     Transition Moments   YY  0.00000  YZ  0.00432  ZZ  0.00000
     Dipole Oscillator Strength                         0.09741

     Occ.    4  a   ---  Virt.    8  a     -0.19516
     Occ.    7  a   ---  Virt.    8  a      0.97733
  ----------------------------------------------------------------------------
  Root   2 singlet a              0.313037689 a.u.                8.5182 eV 
  ----------------------------------------------------------------------------
     Transition Moments    X -0.00121   Y -0.68321   Z  0.00000
     Transition Moments   XX  0.00000  XY  0.00000  XZ -0.00432
     Transition Moments   YY  0.00000  YZ -2.44175  ZZ  0.00000
     Dipole Oscillator Strength                         0.09741

     Occ.    4  a   ---  Virt.    9  a     -0.19516
     Occ.    7  a   ---  Virt.    9  a      0.97733
  ----------------------------------------------------------------------------
  Root   3 singlet a              0.346035956 a.u.                9.4161 eV 
  ----------------------------------------------------------------------------
     Transition Moments    X  0.00000   Y  0.00000   Z  0.00000
     Transition Moments   XX  0.00000  XY  0.00000  XZ  0.00000
     Transition Moments   YY  0.00000  YZ  0.00000  ZZ  0.00000
     Dipole Oscillator Strength                         0.00000

     Occ.    5  a   ---  Virt.    8  a     -0.30663
     Occ.    5  a   ---  Virt.    9  a      0.63670
     Occ.    6  a   ---  Virt.    8  a     -0.63670
     Occ.    6  a   ---  Virt.    9  a     -0.30663
  ----------------------------------------------------------------------------
  Root   4 singlet a              0.358766882 a.u.                9.7625 eV 
  ----------------------------------------------------------------------------
     Transition Moments    X  0.00000   Y  0.00000   Z  0.00000
     Transition Moments   XX  0.33689  XY -0.01988  XZ  0.00000
     Transition Moments   YY -0.33689  YZ  0.00000  ZZ  0.00000
     Dipole Oscillator Strength                         0.00000

     Occ.    5  a   ---  Virt.    8  a     -0.61880
     Occ.    5  a   ---  Virt.    9  a      0.34146
     Occ.    6  a   ---  Virt.    8  a      0.34146
     Occ.    6  a   ---  Virt.    9  a      0.61880
  ----------------------------------------------------------------------------
  Root   5 singlet a              0.358766888 a.u.                9.7625 eV 
  ----------------------------------------------------------------------------
     Transition Moments    X  0.00000   Y  0.00000   Z  0.00000
     Transition Moments   XX  0.01990  XY  0.33687  XZ  0.00000
     Transition Moments   YY -0.01989  YZ  0.00000  ZZ -0.00001
     Dipole Oscillator Strength                         0.00000

     Occ.    5  a   ---  Virt.    8  a     -0.34146
     Occ.    5  a   ---  Virt.    9  a     -0.61880
     Occ.    6  a   ---  Virt.    8  a     -0.61880
     Occ.    6  a   ---  Virt.    9  a      0.34146

              Target root =      1
          Target symmetry = none
      Ground state energy =   -113.224155237224
        Excitation energy =      0.313037689174
     Excited state energy =   -112.911117548050

 fn_civecs: ./co-civecs-td.civecs_singlet                                                                                                                                                                                                                                  

  CI vectors are stored in ./co-civecs-td.civecs_singlet   

 Task  times  cpu:        4.1s     wall:        5.9s


                                NWChem Input Module
                                -------------------


  File vec is ./co-civecs-td.movecs                                                           

  Limits (a.u.) specified for the density plot:
  ---------------------------------------------

        From        To      # of spacings
X    -7.55891     7.55891        50
Y    -7.55891     7.55891        50
Z    -7.55891     7.55891        50

  Total number of grid points =                132651

  1-st set of MOs      : ./co-civecs-td.movecs
  CIVECS file     : co-civecs-td.civecs_singlet
  Output is written to : co-civecs-td_01.cube
  Type of picture      : CHARGE DENSITY
  Format used          : Gaussian9x Cube
  Spin                 : TOTAL   
  The density is computed using all orbitals
  The density is computed on the specified grid
  Root:                     1
  *** tmom(2)***:  -0.683211800452876     
  *** tmom(3)***:   1.209596207515756E-003
  *** tmom(4)***:  -1.712844309967615E-015
  max element   9.384156293157694E-002

  Sum of elements      =                        0.00000
  Integration volume   =                        0.02764
  Integrated Charge    =                        0.00000

 Task  times  cpu:        0.3s     wall:        0.3s


                                NWChem Input Module
                                -------------------


  File vec is ./co-civecs-td.movecs                                                           

  Limits (a.u.) specified for the density plot:
  ---------------------------------------------

        From        To      # of spacings
X    -7.55891     7.55891        50
Y    -7.55891     7.55891        50
Z    -7.55891     7.55891        50

  Total number of grid points =                132651

  1-st set of MOs      : ./co-civecs-td.movecs
  CIVECS file     : co-civecs-td.civecs_singlet
  Output is written to : co-civecs-td_04.cube
  Type of picture      : CHARGE DENSITY
  Format used          : Gaussian9x Cube
  Spin                 : TOTAL   
  The density is computed using all orbitals
  The density is computed on the specified grid
  Root:                     4
  *** tmom(2)***:  -3.648440683978987E-016
  *** tmom(3)***:  -4.542852915514731E-015
  *** tmom(4)***:  -2.037849283310121E-007
  max element   0.201035320749501     

  Sum of elements      =                        0.00000
  Integration volume   =                        0.02764
  Integrated Charge    =                        0.00000

 Task  times  cpu:        0.3s     wall:        0.3s


                                NWChem Input Module
                                -------------------


 Summary of allocated global arrays
-----------------------------------
  No active global arrays



                         GA Statistics for process    0
                         ------------------------------

       create   destroy   get      put      acc     scatter   gather  read&inc
calls:  480      480     7.13e+04 6810     4.23e+04   96        0      531     
number of processes/call 1.07e+00 1.68e+00 1.10e+00 2.00e+00 0.00e+00
bytes total:             2.79e+07 1.58e+06 1.51e+07 7.53e+04 0.00e+00 4.25e+03
bytes remote:            1.07e+07 4.36e+05 5.27e+06 -7.53e+04 0.00e+00 0.00e+00
Max memory consumed for GA by this process: 3068112 bytes

MA_summarize_allocated_blocks: starting scan ...
MA_summarize_allocated_blocks: scan completed: 0 heap blocks, 0 stack blocks
MA usage statistics:

	allocation statistics:
					      heap	     stack
					      ----	     -----
	current number of blocks	         0	         0
	maximum number of blocks	        23	        47
	current total bytes		         0	         0
	maximum total bytes		   1551248	  22510584
	maximum total K-bytes		      1552	     22511
	maximum total M-bytes		         2	        23


                                     CITATION
                                     --------
                Please cite the following reference when publishing
                           results obtained with NWChem:

                 M. Valiev, E.J. Bylaska, N. Govind, K. Kowalski,
              T.P. Straatsma, H.J.J. van Dam, D. Wang, J. Nieplocha,
                        E. Apra, T.L. Windus, W.A. de Jong
                 "NWChem: a comprehensive and scalable open-source
                  solution for large scale molecular simulations"
                      Comput. Phys. Commun. 181, 1477 (2010)
                           doi:10.1016/j.cpc.2010.04.018

                              AUTHORS & CONTRIBUTORS
                              ----------------------
          E. Apra, E. J. Bylaska, W. A. de Jong, N. Govind, K. Kowalski,
       T. P. Straatsma, M. Valiev, H. J. J. van Dam, D. Wang, T. L. Windus,
        J. Hammond, J. Autschbach, K. Bhaskaran-Nair, J. Brabec, K. Lopata,
     F. Aquino, S. Hirata, M. T. Hackler, T. Risthaus, M. Malagoli, J. Mullin,
        P. Nichols, R. Peverati, J. Pittner, Y. Zhao, P.-D. Fan, A. Fonari,
     R. J. Harrison, M. Dupuis, D. Silverstein, D. M. A. Smith, J. Nieplocha,
       V. Tipparaju, M. Krishnan, B. E. Van Kuiken,  A. Vazquez-Mayagoitia,
        L. Jensen, M. Swart, Q. Wu, T. Van Voorhis, A. A. Auer, M. Nooijen,
      L. D. Crosby, E. Brown, G. Cisneros, G. I. Fann, H. Fruchtl, J. Garza,
   K. Hirao, R. Kendall, J. A. Nichols, K. Tsemekhman, K. Wolinski, J. Anchell,
       D. Bernholdt, P. Borowski, T. Clark, D. Clerc, H. Dachsel, M. Deegan,
        K. Dyall, D. Elwood, E. Glendening, M. Gutowski, A. Hess, J. Jaffe,
   B. Johnson, J. Ju, R. Kobayashi, R. Kutteh, Z. Lin, R. Littlefield, X. Long,
        B. Meng, T. Nakajima, S. Niu, L. Pollack, M. Rosing, K. Glaesemann,
      G. Sandrone, M. Stave, H. Taylor, G. Thomas, J. H. van Lenthe, A. Wong,
                                     Z. Zhang.

 Total times  cpu:        4.7s     wall:        6.8s
