 argument  1 = /home/edo/park/nwchem-travisci_test/QA/tests/tce_eaccsd_ozone/tce_eaccsd_ozone.nw



============================== echo of input deck ==============================
# EACCSD cc-pVDZ 0.61 eV

start tce_eaccsd_ozone

title "tce_eaccsd_ozone"

echo

memory stack 1000 mb heap 200 mb global 500 mb

#permanent_dir /work/kiran/Ozone/tce_eaccsd_ozone/

geometry units bohr
symmetry c1
O   0.0000000000        0.0000000000        0.0000000000
O   0.0000000000       -2.0473224350       -1.2595211660
O   0.0000000000        2.0473224350       -1.2595211660
end

basis spherical
 * library cc-pvdz
END

scf
thresh 1.0e-10
tol2e 1.0e-10
singlet
rhf
end

tce
eaccsd
nroots 2
freeze atomic
tilesize 20
thresh 1.0d-6
end
task tce energy

================================================================================


                                         
                                         


              Northwest Computational Chemistry Package (NWChem) 6.8
              ------------------------------------------------------


                    Environmental Molecular Sciences Laboratory
                       Pacific Northwest National Laboratory
                                Richland, WA 99352

                              Copyright (c) 1994-2015
                       Pacific Northwest National Laboratory
                            Battelle Memorial Institute

             NWChem is an open-source computational chemistry package
                        distributed under the terms of the
                      Educational Community License (ECL) 2.0
             A copy of the license is included with this distribution
                              in the LICENSE.TXT file

                                  ACKNOWLEDGMENT
                                  --------------

            This software and its documentation were developed at the
            EMSL at Pacific Northwest National Laboratory, a multiprogram
            national laboratory, operated for the U.S. Department of Energy
            by Battelle under Contract Number DE-AC05-76RL01830. Support
            for this work was provided by the Department of Energy Office
            of Biological and Environmental Research, Office of Basic
            Energy Sciences, and the Office of Advanced Scientific Computing.


           Job information
           ---------------

    hostname        = lagrange
    program         = /home/edo/park/nwchem-travisci_test/bin/LINUX64/nwchem
    date            = Sun Dec  3 19:45:41 2017

    compiled        = Sun_Dec_03_19:38:10_2017
    source          = /home/edo/park/nwchem-travisci_test
    nwchem branch   = Development
    nwchem revision = nwchem_on_git-89-gebe7d059dcda6593a67eb6acac074d4248b36a5b
    ga revision     = nwchem_on_git-46-g9980ca6
    use scalapack   = F
    input           = /home/edo/park/nwchem-travisci_test/QA/tests/tce_eaccsd_ozone/tce_eaccsd_ozone.nw
    prefix          = tce_eaccsd_ozone.
    data base       = ./tce_eaccsd_ozone.db
    status          = startup
    nproc           =        3
    time left       =     -1s



           Memory information
           ------------------

    heap     =   26214396 doubles =    200.0 Mbytes
    stack    =  131072001 doubles =   1000.0 Mbytes
    global   =   65536000 doubles =    500.0 Mbytes (distinct from heap & stack)
    total    =  222822397 doubles =   1700.0 Mbytes
    verify   = yes
    hardfail = no 


           Directory information
           ---------------------

  0 permanent = .
  0 scratch   = .




                                NWChem Input Module
                                -------------------


                                 tce_eaccsd_ozone
                                 ----------------
 Turning off AUTOSYM since
 SYMMETRY directive was detected!


          ------
          auto-z
          ------
  no constraints, skipping    0.0000000000000000     
  no constraints, skipping    0.0000000000000000     


                             Geometry "geometry" -> ""
                             -------------------------

 Output coordinates in a.u. (scale by  1.000000000 to convert to a.u.)

  No.       Tag          Charge          X              Y              Z
 ---- ---------------- ---------- -------------- -------------- --------------
    1 O                    8.0000     0.00000000     0.00000000     0.83968078
    2 O                    8.0000     0.00000000    -2.04732244    -0.41984039
    3 O                    8.0000     0.00000000     2.04732244    -0.41984039

      Atomic Mass 
      ----------- 

      O                 15.994910


 Effective nuclear repulsion energy (a.u.)      68.8807220355

            Nuclear Dipole moment (a.u.) 
            ----------------------------
        X                 Y               Z
 ---------------- ---------------- ----------------
     0.0000000000     0.0000000000    -0.0000000000



                                Z-matrix (autoz)
                                -------- 

 Units are Angstrom for bonds and degrees for angles

      Type          Name      I     J     K     L     M      Value
      ----------- --------  ----- ----- ----- ----- ----- ----------
    1 Stretch                  1     2                       1.27200
    2 Stretch                  1     3                       1.27200
    3 Bend                     2     1     3               116.80000


            XYZ format geometry
            -------------------
     3
 geometry
 O                     0.00000000     0.00000000     0.44433996
 O                     0.00000000    -1.08339645    -0.22216998
 O                     0.00000000     1.08339645    -0.22216998

 ==============================================================================
                                internuclear distances
 ------------------------------------------------------------------------------
       center one      |      center two      | atomic units |       a.u.
 ------------------------------------------------------------------------------
    2 O                |   1 O                |     2.40373  |     2.40373
    3 O                |   1 O                |     2.40373  |     2.40373
 ------------------------------------------------------------------------------
                         number of included internuclear distances:          2
 ==============================================================================



 ==============================================================================
                                 internuclear angles
 ------------------------------------------------------------------------------
        center 1       |       center 2       |       center 3       |  degrees
 ------------------------------------------------------------------------------
    2 O                |   1 O                |   3 O                |   116.80
 ------------------------------------------------------------------------------
                            number of included internuclear angles:          1
 ==============================================================================





 Summary of "ao basis" -> "" (spherical)
 ------------------------------------------------------------------------------
       Tag                 Description            Shells   Functions and Types
 ---------------- ------------------------------  ------  ---------------------
 *                          cc-pvdz                   on all atoms 


                      Basis "ao basis" -> "ao basis" (spherical)
                      -----
  O (Oxygen)
  ----------
            Exponent  Coefficients 
       -------------- ---------------------------------------------------------
  1 S  1.17200000E+04  0.000710
  1 S  1.75900000E+03  0.005470
  1 S  4.00800000E+02  0.027837
  1 S  1.13700000E+02  0.104800
  1 S  3.70300000E+01  0.283062
  1 S  1.32700000E+01  0.448719
  1 S  5.02500000E+00  0.270952
  1 S  1.01300000E+00  0.015458

  2 S  1.17200000E+04 -0.000160
  2 S  1.75900000E+03 -0.001263
  2 S  4.00800000E+02 -0.006267
  2 S  1.13700000E+02 -0.025716
  2 S  3.70300000E+01 -0.070924
  2 S  1.32700000E+01 -0.165411
  2 S  5.02500000E+00 -0.116955
  2 S  1.01300000E+00  0.557368

  3 S  3.02300000E-01  1.000000

  4 P  1.77000000E+01  0.043018
  4 P  3.85400000E+00  0.228913
  4 P  1.04600000E+00  0.508728

  5 P  2.75300000E-01  1.000000

  6 D  1.18500000E+00  1.000000



 Summary of "ao basis" -> "ao basis" (spherical)
 ------------------------------------------------------------------------------
       Tag                 Description            Shells   Functions and Types
 ---------------- ------------------------------  ------  ---------------------
 O                          cc-pvdz                  6       14   3s2p1d


                                 NWChem SCF Module
                                 -----------------


                                 tce_eaccsd_ozone



  ao basis        = "ao basis"
  functions       =    42
  atoms           =     3
  closed shells   =    12
  open shells     =     0
  charge          =   0.00
  wavefunction    = RHF 
  input vectors   = atomic
  output vectors  = ./tce_eaccsd_ozone.movecs
  use symmetry    = F
  symmetry adapt  = F


 Summary of "ao basis" -> "ao basis" (spherical)
 ------------------------------------------------------------------------------
       Tag                 Description            Shells   Functions and Types
 ---------------- ------------------------------  ------  ---------------------
 O                          cc-pvdz                  6       14   3s2p1d



 Forming initial guess at       0.5s


      Superposition of Atomic Density Guess
      -------------------------------------

 Sum of atomic energies:        -224.29101330

      Non-variational initial energy
      ------------------------------

 Total energy =    -224.583348
 1-e energy   =    -446.966200
 2-e energy   =     153.502131
 HOMO         =      -0.308572
 LUMO         =      -0.148846


 Starting SCF solution at       0.6s



 ----------------------------------------------
         Quadratically convergent ROHF

 Convergence threshold     :          1.000E-10
 Maximum no. of iterations :           30
 Final Fock-matrix accuracy:          1.000E-10
 ----------------------------------------------


 Integral file          = ./tce_eaccsd_ozone.aoints.0
 Record size in doubles =  65536        No. of integs per rec  =  43688
 Max. records in memory =      6        Max. records in file   =  42413
 No. of bits per label  =      8        No. of bits per value  =     64


 #quartets = 1.470D+04 #integrals = 2.057D+05 #direct =  0.0% #cached =100.0%


File balance: exchanges=     2  moved=     0  time=   0.0


              iter       energy          gnorm     gmax       time
             ----- ------------------- --------- --------- --------
                 1     -224.0887987079  1.94D+00  6.65D-01      0.7
                 2     -224.2515454541  3.77D-01  1.09D-01      0.7
                 3     -224.2637753935  1.66D-01  4.97D-02      0.7
                 4     -224.2655674560  7.20D-03  3.38D-03      0.9
                 5     -224.2655803141  4.93D-05  2.06D-05      1.0
                 6     -224.2655803144  6.97D-10  2.73D-10      1.1
                 7     -224.2655803144  4.29D-12  1.58D-12      1.1


       Final RHF  results 
       ------------------ 

         Total SCF energy =   -224.265580314373
      One-electron energy =   -445.097045995574
      Two-electron energy =    151.950743645718
 Nuclear repulsion energy =     68.880722035483

        Time for solution =      0.6s


             Final eigenvalues
             -----------------

              1      
    1  -20.9094
    2  -20.7055
    3  -20.7054
    4   -1.7574
    5   -1.4348
    6   -1.0920
    7   -0.8299
    8   -0.7954
    9   -0.7809
   10   -0.5589
   11   -0.5468
   12   -0.4813
   13   -0.0403
   14    0.3083
   15    0.3983
   16    1.0014
   17    1.0664
   18    1.0711
   19    1.0748
   20    1.1608
   21    1.1948
   22    1.2067

                       ROHF Final Molecular Orbital Analysis
                       -------------------------------------

 Vector    3  Occ=2.000000D+00  E=-2.070543D+01
              MO Center= -2.0D-20,  5.0D-11, -2.2D-01, r^2= 1.2D+00
   Bfn.  Coefficient  Atom+Function         Bfn.  Coefficient  Atom+Function  
  ----- ------------  ---------------      ----- ------------  ---------------
    15      0.707522  2 O  s                 29      0.707522  3 O  s          

 Vector    4  Occ=2.000000D+00  E=-1.757431D+00
              MO Center=  2.7D-18, -3.3D-15,  1.5D-01, r^2= 6.8D-01
   Bfn.  Coefficient  Atom+Function         Bfn.  Coefficient  Atom+Function  
  ----- ------------  ---------------      ----- ------------  ---------------
     2      0.392367  1 O  s                  3      0.342034  1 O  s          
    16      0.197793  2 O  s                 30      0.197793  3 O  s          

 Vector    5  Occ=2.000000D+00  E=-1.434780D+00
              MO Center= -2.3D-17, -3.5D-15, -2.0D-02, r^2= 1.2D+00
   Bfn.  Coefficient  Atom+Function         Bfn.  Coefficient  Atom+Function  
  ----- ------------  ---------------      ----- ------------  ---------------
    17      0.318154  2 O  s                 31     -0.318154  3 O  s          
    16      0.315395  2 O  s                 30     -0.315395  3 O  s          
     5     -0.286761  1 O  py         

 Vector    6  Occ=2.000000D+00  E=-1.092043D+00
              MO Center= -3.1D-18,  6.9D-15,  4.0D-02, r^2= 1.6D+00
   Bfn.  Coefficient  Atom+Function         Bfn.  Coefficient  Atom+Function  
  ----- ------------  ---------------      ----- ------------  ---------------
     3      0.411668  1 O  s                 17     -0.363196  2 O  s          
    31     -0.363196  3 O  s                  2      0.328227  1 O  s          
    16     -0.276452  2 O  s                 30     -0.276452  3 O  s          
     6      0.194953  1 O  pz         

 Vector    7  Occ=2.000000D+00  E=-8.299301D-01
              MO Center= -1.9D-17, -1.2D-14,  2.0D-01, r^2= 1.4D+00
   Bfn.  Coefficient  Atom+Function         Bfn.  Coefficient  Atom+Function  
  ----- ------------  ---------------      ----- ------------  ---------------
     6      0.494029  1 O  pz                 9      0.296634  1 O  pz         
    19     -0.266077  2 O  py                33      0.266077  3 O  py         
    17      0.225150  2 O  s                 31      0.225150  3 O  s          

 Vector    8  Occ=2.000000D+00  E=-7.954108D-01
              MO Center=  1.3D-16,  1.0D-15, -1.5D-01, r^2= 1.6D+00
   Bfn.  Coefficient  Atom+Function         Bfn.  Coefficient  Atom+Function  
  ----- ------------  ---------------      ----- ------------  ---------------
     5      0.431712  1 O  py                17      0.288744  2 O  s          
    31     -0.288744  3 O  s                 20     -0.249879  2 O  pz         
    34      0.249879  3 O  pz                 8      0.212074  1 O  py         
    19     -0.197698  2 O  py                33     -0.197698  3 O  py         
    16      0.160237  2 O  s                 30     -0.160237  3 O  s          

 Vector    9  Occ=2.000000D+00  E=-7.808812D-01
              MO Center=  1.9D-17, -2.9D-15,  1.8D-01, r^2= 1.0D+00
   Bfn.  Coefficient  Atom+Function         Bfn.  Coefficient  Atom+Function  
  ----- ------------  ---------------      ----- ------------  ---------------
     4      0.496580  1 O  px                 7      0.322140  1 O  px         
    18      0.261273  2 O  px                32      0.261273  3 O  px         
    21      0.158619  2 O  px                35      0.158619  3 O  px         

 Vector   10  Occ=2.000000D+00  E=-5.588718D-01
              MO Center=  9.4D-18, -2.4D-13, -1.7D-01, r^2= 1.8D+00
   Bfn.  Coefficient  Atom+Function         Bfn.  Coefficient  Atom+Function  
  ----- ------------  ---------------      ----- ------------  ---------------
    19      0.349989  2 O  py                33      0.349989  3 O  py         
    20     -0.346186  2 O  pz                34      0.346186  3 O  pz         
    22      0.252101  2 O  py                36      0.252101  3 O  py         
    23     -0.240048  2 O  pz                37      0.240048  3 O  pz         

 Vector   11  Occ=2.000000D+00  E=-5.468231D-01
              MO Center= -3.0D-18,  2.5D-13, -1.0D-01, r^2= 1.6D+00
   Bfn.  Coefficient  Atom+Function         Bfn.  Coefficient  Atom+Function  
  ----- ------------  ---------------      ----- ------------  ---------------
    20      0.434165  2 O  pz                34      0.434165  3 O  pz         
     6     -0.333510  1 O  pz                23      0.313117  2 O  pz         
    37      0.313117  3 O  pz                 9     -0.224176  1 O  pz         
     3     -0.176107  1 O  s          

 Vector   12  Occ=2.000000D+00  E=-4.812745D-01
              MO Center= -1.3D-16,  1.1D-14, -2.1D-01, r^2= 1.7D+00
   Bfn.  Coefficient  Atom+Function         Bfn.  Coefficient  Atom+Function  
  ----- ------------  ---------------      ----- ------------  ---------------
    18      0.454977  2 O  px                32     -0.454977  3 O  px         
    21      0.367782  2 O  px                35     -0.367782  3 O  px         

 Vector   13  Occ=0.000000D+00  E=-4.031303D-02
              MO Center=  4.7D-18, -8.5D-15,  2.7D-02, r^2= 1.5D+00
   Bfn.  Coefficient  Atom+Function         Bfn.  Coefficient  Atom+Function  
  ----- ------------  ---------------      ----- ------------  ---------------
     4      0.474637  1 O  px                 7      0.443309  1 O  px         
    21     -0.375378  2 O  px                35     -0.375378  3 O  px         
    18     -0.373263  2 O  px                32     -0.373263  3 O  px         

 Vector   14  Occ=0.000000D+00  E= 3.083475D-01
              MO Center=  4.4D-17, -1.1D-14, -7.5D-02, r^2= 1.7D+00
   Bfn.  Coefficient  Atom+Function         Bfn.  Coefficient  Atom+Function  
  ----- ------------  ---------------      ----- ------------  ---------------
     3      1.218298  1 O  s                  9     -0.673278  1 O  pz         
    22     -0.649170  2 O  py                36      0.649170  3 O  py         
    17     -0.543022  2 O  s                 31     -0.543022  3 O  s          
     6     -0.358476  1 O  pz                19     -0.353304  2 O  py         
    33      0.353304  3 O  py                 2      0.253905  1 O  s          

 Vector   15  Occ=0.000000D+00  E= 3.983095D-01
              MO Center= -1.4D-16,  1.6D-14,  8.0D-02, r^2= 1.7D+00
   Bfn.  Coefficient  Atom+Function         Bfn.  Coefficient  Atom+Function  
  ----- ------------  ---------------      ----- ------------  ---------------
     8      1.166031  1 O  py                17      0.708776  2 O  s          
    31     -0.708776  3 O  s                 22      0.569584  2 O  py         
    36      0.569584  3 O  py                 5      0.550938  1 O  py         
    23      0.495110  2 O  pz                37     -0.495110  3 O  pz         
    20      0.238327  2 O  pz                34     -0.238327  3 O  pz         

 Vector   16  Occ=0.000000D+00  E= 1.001430D+00
              MO Center= -1.7D-15,  1.2D-13,  5.1D-01, r^2= 2.1D+00
   Bfn.  Coefficient  Atom+Function         Bfn.  Coefficient  Atom+Function  
  ----- ------------  ---------------      ----- ------------  ---------------
     9      1.378344  1 O  pz                 3     -1.175110  1 O  s          
    22      0.886137  2 O  py                36     -0.886137  3 O  py         
    17      0.828683  2 O  s                 31      0.828683  3 O  s          
     6     -0.669352  1 O  pz                19     -0.376620  2 O  py         
    33      0.376620  3 O  py                23      0.235344  2 O  pz         

 Vector   17  Occ=0.000000D+00  E= 1.066370D+00
              MO Center=  1.7D-15,  3.7D-14,  1.7D-01, r^2= 1.6D+00
   Bfn.  Coefficient  Atom+Function         Bfn.  Coefficient  Atom+Function  
  ----- ------------  ---------------      ----- ------------  ---------------
     4      0.712376  1 O  px                 7     -0.700261  1 O  px         
    18      0.471299  2 O  px                32      0.471299  3 O  px         
    21     -0.328485  2 O  px                35     -0.328485  3 O  px         

 Vector   18  Occ=0.000000D+00  E= 1.071108D+00
              MO Center= -1.7D-16,  2.1D-12,  2.5D-01, r^2= 2.4D+00
   Bfn.  Coefficient  Atom+Function         Bfn.  Coefficient  Atom+Function  
  ----- ------------  ---------------      ----- ------------  ---------------
     8      1.750543  1 O  py                22      0.779891  2 O  py         
    36      0.779891  3 O  py                 5     -0.679418  1 O  py         
    17      0.652779  2 O  s                 31     -0.652779  3 O  s          
    19     -0.418135  2 O  py                33     -0.418135  3 O  py         
    23      0.387698  2 O  pz                37     -0.387698  3 O  pz         

 Vector   19  Occ=0.000000D+00  E= 1.074755D+00
              MO Center= -6.5D-17, -2.2D-12, -3.3D-01, r^2= 1.9D+00
   Bfn.  Coefficient  Atom+Function         Bfn.  Coefficient  Atom+Function  
  ----- ------------  ---------------      ----- ------------  ---------------
    20      0.481518  2 O  pz                34      0.481518  3 O  pz         
    22      0.456763  2 O  py                36     -0.456763  3 O  py         
    23     -0.433524  2 O  pz                37     -0.433524  3 O  pz         
    19     -0.399239  2 O  py                33      0.399239  3 O  py         
     6      0.311970  1 O  pz                 3     -0.235763  1 O  s          

 Vector   20  Occ=0.000000D+00  E= 1.160781D+00
              MO Center= -4.2D-17,  1.7D-13, -3.2D-01, r^2= 2.7D+00
   Bfn.  Coefficient  Atom+Function         Bfn.  Coefficient  Atom+Function  
  ----- ------------  ---------------      ----- ------------  ---------------
    23      0.763002  2 O  pz                37     -0.763002  3 O  pz         
    20     -0.587243  2 O  pz                34      0.587243  3 O  pz         
    22      0.413792  2 O  py                36      0.413792  3 O  py         
     5      0.217160  1 O  py                19     -0.201114  2 O  py         
    33     -0.201114  3 O  py         

 Vector   21  Occ=0.000000D+00  E= 1.194755D+00
              MO Center= -6.7D-18, -1.9D-13, -2.4D-01, r^2= 2.9D+00
   Bfn.  Coefficient  Atom+Function         Bfn.  Coefficient  Atom+Function  
  ----- ------------  ---------------      ----- ------------  ---------------
     3      1.001324  1 O  s                 23     -0.635177  2 O  pz         
    37     -0.635177  3 O  pz                 9      0.531255  1 O  pz         
    22     -0.452404  2 O  py                36      0.452404  3 O  py         
     2     -0.432177  1 O  s                  6     -0.396183  1 O  pz         
    20      0.370881  2 O  pz                34      0.370881  3 O  pz         

 Vector   22  Occ=0.000000D+00  E= 1.206676D+00
              MO Center=  4.4D-16,  2.7D-13, -2.2D-01, r^2= 2.4D+00
   Bfn.  Coefficient  Atom+Function         Bfn.  Coefficient  Atom+Function  
  ----- ------------  ---------------      ----- ------------  ---------------
    21      0.786027  2 O  px                35     -0.786027  3 O  px         
    18     -0.686229  2 O  px                32      0.686229  3 O  px         


 center of mass
 --------------
 x =   0.00000000 y =   0.00000000 z =  -0.00000000

 moments of inertia (a.u.)
 ------------------
         151.002411350145           0.000000000000           0.000000000000
           0.000000000000          16.916148225582           0.000000000000
           0.000000000000           0.000000000000         134.086263124563

  Mulliken analysis of the total density
  --------------------------------------

    Atom       Charge   Shell Charges
 -----------   ------   -------------------------------------------------------
    1 O    8     7.75   2.00  0.92  0.88  2.64  1.24  0.07
    2 O    8     8.12   2.00  0.91  1.02  2.63  1.54  0.03
    3 O    8     8.12   2.00  0.91  1.02  2.63  1.54  0.03

       Multipole analysis of the density wrt the origin
       ------------------------------------------------

     L   x y z        total         open         nuclear
     -   - - -        -----         ----         -------
     0   0 0 0     -0.000000      0.000000     24.000000

     1   1 0 0      0.000000      0.000000      0.000000
     1   0 1 0     -0.000000      0.000000      0.000000
     1   0 0 1      0.311908      0.000000     -0.000000

     2   2 0 0    -10.847689      0.000000      0.000000
     2   1 1 0     -0.000000      0.000000      0.000000
     2   1 0 1     -0.000000      0.000000      0.000000
     2   0 2 0    -12.916339      0.000000     67.064466
     2   0 1 1      0.000000      0.000000      0.000000
     2   0 0 2    -11.654626      0.000000      8.460766


 Parallel integral file used       6 records with       0 large values

                   NWChem Extensible Many-Electron Theory Module
                   ---------------------------------------------

              ======================================================
                   This portion of the program was automatically
                  generated by a Tensor Contraction Engine (TCE).
                  The development of this portion of the program
                 and TCE was supported by US Department of Energy,
                Office of Science, Office of Basic Energy Science.
                      TCE is a product of Battelle and PNNL.
              Please cite: S.Hirata, J.Phys.Chem.A 107, 9887 (2003).
              ======================================================

                                 tce_eaccsd_ozone


            General Information
            -------------------
      Number of processors :     3
         Wavefunction type : Restricted Hartree-Fock
          No. of electrons :    24
           Alpha electrons :    12
            Beta electrons :    12
           No. of orbitals :    84
            Alpha orbitals :    42
             Beta orbitals :    42
        Alpha frozen cores :     3
         Beta frozen cores :     3
     Alpha frozen virtuals :     0
      Beta frozen virtuals :     0
         Spin multiplicity : singlet 
    Number of AO functions :    42
       Number of AO shells :    18
        Use of symmetry is : off
      Symmetry adaption is : off
         Schwarz screening : 0.10D-09

          Correlation Information
          -----------------------
          Calculation type : Coupled-cluster singles & doubles                           
   Perturbative correction : none                                                        
            Max iterations :      100
        Residual threshold : 0.10D-05
     T(0) DIIS level shift : 0.00D+00
     L(0) DIIS level shift : 0.00D+00
     T(1) DIIS level shift : 0.00D+00
     L(1) DIIS level shift : 0.00D+00
     T(R) DIIS level shift : 0.00D+00
     T(I) DIIS level shift : 0.00D+00
   CC-T/L Amplitude update :  5-th order DIIS
     No. of excited states :     2
               Target root :     1
           Target symmetry : none
      Symmetry restriction : off
   Dipole & oscillator str : off
                I/O scheme : Global Array Library
        L-threshold :  0.10D-05
        EOM-threshold :  0.10D-05
 no EOMCCSD initial starts read in
 TCE RESTART OPTIONS
 READ_INT:   F
 WRITE_INT:  F
 READ_TA:    F
 WRITE_TA:   F
 READ_XA:    F
 WRITE_XA:   F
 READ_IN3:   F
 WRITE_IN3:  F
 SLICE:      F
 D4D5:       F

            Memory Information
            ------------------
          Available GA space size is     196606236 doubles
          Available MA space size is     157284236 doubles

 Maximum block size supplied by input
 Maximum block size        20 doubles

 tile_dim =     15

 Block   Spin    Irrep     Size     Offset   Alpha
 -------------------------------------------------
   1    alpha     a      9 doubles       0       1
   2    beta      a      9 doubles       9       1
   3    alpha     a     15 doubles      18       3
   4    alpha     a     15 doubles      33       4
   5    beta      a     15 doubles      48       3
   6    beta      a     15 doubles      63       4

 Global array virtual files algorithm will be used

 Parallel file system coherency ......... OK

 Integral file          = ./tce_eaccsd_ozone.aoints.0
 Record size in doubles =  65536        No. of integs per rec  =  43688
 Max. records in memory =      6        Max. records in file   =  42413
 No. of bits per label  =      8        No. of bits per value  =     64


 #quartets = 1.470D+04 #integrals = 2.057D+05 #direct =  0.0% #cached =100.0%


File balance: exchanges=     0  moved=     0  time=   0.0


 Fock matrix recomputed
 1-e file size   =             1521
 1-e file name   = ./tce_eaccsd_ozone.f1
 Cpu & wall time / sec            0.1            0.3

 tce_ao2e: fast2e=1
 half-transformed integrals in memory

 2-e (intermediate) file size =         6302772
 2-e (intermediate) file name = ./tce_eaccsd_ozone.v2i
 Cpu & wall time / sec            2.1            3.1

 tce_mo2e: fast2e=1
 2-e integrals stored in memory

 2-e file size   =          3366117
 2-e file name   = ./tce_eaccsd_ozone.v2
 Cpu & wall time / sec            0.7            1.4
 T1-number-of-tasks                    2

 t1 file size   =              270
 t1 file name   = ./tce_eaccsd_ozone.t1
 t1 file handle =       -999
 T2-number-of-boxes                    7

 t2 file size   =           127575
 t2 file name   = ./tce_eaccsd_ozone.t2
 t2 file handle =       -996

 CCSD iterations
 -----------------------------------------------------------------
 Iter          Residuum       Correlation     Cpu    Wall    V2*C2
 -----------------------------------------------------------------
    1   0.2563273993780  -0.6340466067976     4.3    10.9     0.4
    2   0.0818970815916  -0.5808017660278     5.5    13.7     0.3
    3   0.0317277910870  -0.6129563777111     3.1     9.2     0.2
    4   0.0214230656260  -0.6051365340409     5.2    12.6     0.7
    5   0.0091066229714  -0.6108408183985     4.2     9.6     0.3
 MICROCYCLE DIIS UPDATE:                    5                    5
    6   0.0040526933832  -0.6103928080773     2.6     8.6     0.3
    7   0.0023792982808  -0.6104861377434     2.7     8.6     0.3
    8   0.0012474312862  -0.6105653026517     2.2     7.7     0.4
    9   0.0009573050068  -0.6106012094337     3.2     8.6     0.3
   10   0.0005324750324  -0.6106712891741     4.0    12.0     0.2
 MICROCYCLE DIIS UPDATE:                   10                    5
   11   0.0000923147544  -0.6107616896396     3.4    10.0     0.2
   12   0.0000408082555  -0.6107481054111     4.0    11.0     0.4
   13   0.0000207388080  -0.6107572154873     2.6     7.9     0.2
   14   0.0000138316352  -0.6107548874182     4.2    11.0     0.3
   15   0.0000077938949  -0.6107568505163     3.7     9.7     0.4
 MICROCYCLE DIIS UPDATE:                   15                    5
   16   0.0000031343863  -0.6107568248096     3.0     8.9     0.2
   17   0.0000017924021  -0.6107568941697     4.4    12.3     0.3
   18   0.0000008706228  -0.6107568847035     5.9    15.3     0.3
 -----------------------------------------------------------------
 Iterations converged
 CCSD correlation energy / hartree =        -0.610756884703491
 CCSD total energy / hartree       =      -224.876337199076204

 Singles contributions

 Doubles contributions
    13a   (alpha)    13a   (beta ) ---    12a   (alpha)    12a   (beta )       -0.2139851460

 EACCSD calculation

 Ground-state symmetry is a   

 =========================================
 Excited-state calculation ( a   symmetry)
 =========================================
 Dim. of EOMCC iter. space      500

 x1 file size   =               30

 x2 file size   =            14175

 EOMCCSD SOLVER TYPE  1

 No. of initial right vectors    5

 EOM-CCSD right-hand side iterations
 --------------------------------------------------------------
      Residuum       Omega / hartree  Omega / eV    Cpu    Wall
 --------------------------------------------------------------

 Iteration   1 using    5 trial vectors
   0.6163502108268   0.0844811429431    2.29885
   0.2518398877517   0.3158189505853    8.59387     1.8     2.9

 Iteration   2 using    7 trial vectors
   0.0906536114480  -0.0189328428901   -0.51519
   0.0720286229722   0.2880793792322    7.83904     2.3     4.4

 Iteration   3 using    9 trial vectors
   0.0214632235068  -0.0219358712048   -0.59691
   0.0942714473501   0.2825055342460    7.68737     2.1     3.5

 Iteration   4 using   11 trial vectors
   0.0040553488255  -0.0223705547304   -0.60873
   0.1493807981376   0.2511914098566    6.83527     0.4     0.7

 Iteration   5 using   13 trial vectors
   0.0010727853028  -0.0224164990065   -0.60998
   0.0548615165408   0.2392542322708    6.51044     1.6     2.7

 Iteration   6 using   15 trial vectors
   0.0002747237879  -0.0224139162636   -0.60991
   0.0164606515990   0.2376398837663    6.46651     0.8     1.5

 Iteration   7 using   17 trial vectors
   0.0000553227176  -0.0224128976532   -0.60989
   0.0036115680590   0.2374704782025    6.46190     0.9     1.0

 Iteration   8 using   19 trial vectors
   0.0000102868404  -0.0224124650100   -0.60987
   0.0008066787697   0.2374603370313    6.46163     0.6     1.1

 Iteration   9 using   21 trial vectors
   0.0000019661384  -0.0224123906712   -0.60987
   0.0002368223766   0.2374561037641    6.46151     0.8     1.7

 Iteration  10 using   23 trial vectors
   0.0000002958660  -0.0224123825168   -0.60987
   0.0000474326868   0.2374560599039    6.46151     0.5     0.7

 Iteration  11 using   24 trial vectors
   0.0000002958660  -0.0224123825168   -0.60987
   0.0000111448810   0.2374561253623    6.46151     0.7     1.2

 Iteration  12 using   25 trial vectors
   0.0000002958660  -0.0224123825168   -0.60987
   0.0000028987846   0.2374561014918    6.46151     1.0     2.0

 Iteration  13 using   26 trial vectors
   0.0000002958660  -0.0224123825168   -0.60987
   0.0000006958835   0.2374561077430    6.46151     0.1     0.2
 --------------------------------------------------------------
 Iterations converged
 ------------------

 Excited state root  1
 Excitation energy / hartree =       -0.022412382516803
                   / eV      =       -0.609872218209433
 largest EOMCCSD amplitudes: R1 and R2

 Singles contributions EA-EOMCCSD
    13a   (alpha)       -0.9740561441

 Doubles contributions EA-EOMCCSD
 ------------------

 Excited state root  2
 Excitation energy / hartree =        0.237456107743018
                   / eV      =        6.461512204159550
 largest EOMCCSD amplitudes: R1 and R2

 Singles contributions EA-EOMCCSD
    14a   (alpha)        0.9604871101

 Doubles contributions EA-EOMCCSD

 Parallel integral file used       6 records with       0 large values


 Task  times  cpu:       87.6s     wall:      220.8s


                                NWChem Input Module
                                -------------------


 Summary of allocated global arrays
-----------------------------------
  No active global arrays



                         GA Statistics for process    0
                         ------------------------------

       create   destroy   get      put      acc     scatter   gather  read&inc
calls: 8112     8112     4.19e+04 9039     9921        0        0     2.17e+04 
number of processes/call 1.54e+00 1.08e+00 1.35e+00 0.00e+00 0.00e+00
bytes total:             3.01e+09 1.06e+08 4.10e+08 0.00e+00 0.00e+00 1.74e+05
bytes remote:            1.28e+09 6.43e+07 2.48e+08 0.00e+00 0.00e+00 0.00e+00
Max memory consumed for GA by this process: 25801880 bytes

MA_summarize_allocated_blocks: starting scan ...
MA_summarize_allocated_blocks: scan completed: 0 heap blocks, 0 stack blocks
MA usage statistics:

	allocation statistics:
					      heap	     stack
					      ----	     -----
	current number of blocks	         0	         0
	maximum number of blocks	        17	        30
	current total bytes		         0	         0
	maximum total bytes		   3161360	  22510056
	maximum total K-bytes		      3162	     22511
	maximum total M-bytes		         4	        23


                                     CITATION
                                     --------
                Please cite the following reference when publishing
                           results obtained with NWChem:

                 M. Valiev, E.J. Bylaska, N. Govind, K. Kowalski,
              T.P. Straatsma, H.J.J. van Dam, D. Wang, J. Nieplocha,
                        E. Apra, T.L. Windus, W.A. de Jong
                 "NWChem: a comprehensive and scalable open-source
                  solution for large scale molecular simulations"
                      Comput. Phys. Commun. 181, 1477 (2010)
                           doi:10.1016/j.cpc.2010.04.018

                                      AUTHORS
                                      -------
          E. Apra, E. J. Bylaska, W. A. de Jong, N. Govind, K. Kowalski,
       T. P. Straatsma, M. Valiev, H. J. J. van Dam, D. Wang, T. L. Windus,
        J. Hammond, J. Autschbach, K. Bhaskaran-Nair, J. Brabec, K. Lopata,
    S. A. Fischer, S. Krishnamoorthy, M. Jacquelin, W. Ma, M. Klemm, O. Villa,
      Y. Chen, V. Anisimov, F. Aquino, S. Hirata, M. T. Hackler, V. Konjkov,
      T. Risthaus, M. Malagoli, A. Marenich, A. Otero-de-la-Roza, J. Mullin,
        P. Nichols, R. Peverati, J. Pittner, Y. Zhao, P.-D. Fan, A. Fonari,
       M. Williamson, R. J. Harrison, J. R. Rehr, M. Dupuis, D. Silverstein,
    D. M. A. Smith, J. Nieplocha, V. Tipparaju, M. Krishnan, B. E. Van Kuiken,
        A. Vazquez-Mayagoitia, L. Jensen, M. Swart, Q. Wu, T. Van Voorhis,
     A. A. Auer, M. Nooijen, L. D. Crosby, E. Brown, G. Cisneros, G. I. Fann,
   H. Fruchtl, J. Garza, K. Hirao, R. A. Kendall, J. A. Nichols, K. Tsemekhman,
    K. Wolinski, J. Anchell, D. E. Bernholdt, P. Borowski, T. Clark, D. Clerc,
   H. Dachsel, M. J. O. Deegan, K. Dyall, D. Elwood, E. Glendening, M. Gutowski,
   A. C. Hess, J. Jaffe, B. G. Johnson, J. Ju, R. Kobayashi, R. Kutteh, Z. Lin,
   R. Littlefield, X. Long, B. Meng, T. Nakajima, S. Niu, L. Pollack, M. Rosing,
   K. Glaesemann, G. Sandrone, M. Stave, H. Taylor, G. Thomas, J. H. van Lenthe,
                               A. T. Wong, Z. Zhang.

 Total times  cpu:       87.7s     wall:      220.9s
