 argument  1 = xe-zora-mp.nw



============================== echo of input deck ==============================
echo

start xe-zora-mp

geometry noautoz units au
  Xe 0 0 0
end

basis spherical
 xe library "DZVP (DFT Orbital)"
end

dft
 grid xfine
 iterations 100
end

relativistic
   zora on
# 1 = modbas.4c, 2=modbas.2c
   modelpotential 2
end

task dft energy
================================================================================


                                         
                                         


              Northwest Computational Chemistry Package (NWChem) 6.8
              ------------------------------------------------------


                    Environmental Molecular Sciences Laboratory
                       Pacific Northwest National Laboratory
                                Richland, WA 99352

                              Copyright (c) 1994-2017
                       Pacific Northwest National Laboratory
                            Battelle Memorial Institute

             NWChem is an open-source computational chemistry package
                        distributed under the terms of the
                      Educational Community License (ECL) 2.0
             A copy of the license is included with this distribution
                              in the LICENSE.TXT file

                                  ACKNOWLEDGMENT
                                  --------------

            This software and its documentation were developed at the
            EMSL at Pacific Northwest National Laboratory, a multiprogram
            national laboratory, operated for the U.S. Department of Energy
            by Battelle under Contract Number DE-AC05-76RL01830. Support
            for this work was provided by the Department of Energy Office
            of Biological and Environmental Research, Office of Basic
            Energy Sciences, and the Office of Advanced Scientific Computing.


           Job information
           ---------------

    hostname        = kohn
    program         = ../../../bin/LINUX64/nwchem
    date            = Wed Sep 20 10:24:26 2017

    compiled        = Wed_Sep_20_10:10:43_2017
    source          = /home/niri/nwchem/nwchem-6.8
    nwchem branch   = 6.8
    nwchem revision = 29444
    ga revision     = N/A
    input           = xe-zora-mp.nw
    prefix          = xe-zora-mp.
    data base       = ./xe-zora-mp.db
    status          = startup
    nproc           =        4
    time left       =     -1s



           Memory information
           ------------------

    heap     =   13107198 doubles =    100.0 Mbytes
    stack    =   13107195 doubles =    100.0 Mbytes
    global   =   26214400 doubles =    200.0 Mbytes (distinct from heap & stack)
    total    =   52428793 doubles =    400.0 Mbytes
    verify   = yes
    hardfail = no 


           Directory information
           ---------------------

  0 permanent = .
  0 scratch   = .




                                NWChem Input Module
                                -------------------




                             Geometry "geometry" -> ""
                             -------------------------

 Output coordinates in a.u. (scale by  1.000000000 to convert to a.u.)

  No.       Tag          Charge          X              Y              Z
 ---- ---------------- ---------- -------------- -------------- --------------
    1 Xe                  54.0000     0.00000000     0.00000000     0.00000000

      Atomic Mass 
      ----------- 

      Xe               131.904200


 Effective nuclear repulsion energy (a.u.)       0.0000000000

            Nuclear Dipole moment (a.u.) 
            ----------------------------
        X                 Y               Z
 ---------------- ---------------- ----------------
     0.0000000000     0.0000000000     0.0000000000


            XYZ format geometry
            -------------------
     1
 geometry
 Xe                    0.00000000     0.00000000     0.00000000

  library name resolved from: environment
  library file name is: </home/niri/nwchem/nwchem-6.8/src/basis/libraries/>
  
                      Basis "ao basis" -> "" (spherical)
                      -----
  xe (Xenon)
  ----------
            Exponent  Coefficients 
       -------------- ---------------------------------------------------------
  1 S  2.87346870E+05  0.001607
  1 S  4.30953010E+04  0.012300
  1 S  9.78412850E+03  0.061803
  1 S  2.75363840E+03  0.215388
  1 S  8.95439180E+02  0.462149
  1 S  3.08623680E+02  0.386397

  2 S  5.83956090E+02 -0.114385
  2 S  7.17851100E+01  0.633225
  2 S  3.12157040E+01  0.441059

  3 S  5.71718900E+01 -0.272283
  3 S  1.04504210E+01  0.847849
  3 S  4.79634320E+00  0.304904

  4 S  9.60140440E+00 -0.345049
  4 S  2.24514470E+00  0.819619
  4 S  1.03824270E+00  0.389631

  5 S  1.72612860E+00  0.274540
  5 S  3.31989200E-01 -0.760948

  6 S  1.31151600E-01  1.000000

  7 P  4.25957200E+03  0.007216
  7 P  1.00747600E+03  0.055682
  7 P  3.22557310E+02  0.233572
  7 P  1.17306570E+02  0.504404
  7 P  4.50438490E+01  0.366528

  8 P  1.71160830E+02 -0.025392
  8 P  2.17103630E+01  0.494453
  8 P  8.58627200E+00  0.573510

  9 P  3.92782090E+00 -0.434769
  9 P  1.73472550E+00 -0.524196
  9 P  7.69381300E-01 -0.118481

 10 P  5.21767100E-01  0.363949
 10 P  2.12388600E-01  0.530251

 11 P  8.17809000E-02  1.000000

 12 D  4.43545200E+02 -0.012328
 12 D  1.31561200E+02 -0.089163
 12 D  1.96601230E+01 -0.499840
 12 D  4.88163950E+01 -0.302543
 12 D  7.95644190E+00 -0.313405

 13 D  6.82453850E+00 -0.253755
 13 D  2.60497700E+00 -0.566071
 13 D  9.42219200E-01 -0.351108

 14 D  2.75000000E-01  1.000000



 Summary of "ao basis" -> "" (spherical)
 ------------------------------------------------------------------------------
       Tag                 Description            Shells   Functions and Types
 ---------------- ------------------------------  ------  ---------------------
 xe                    DZVP (DFT Orbital)           14       36   6s5p3d



                                 NWChem DFT Module
                                 -----------------




 Summary of "ao basis" -> "ao basis" (spherical)
 ------------------------------------------------------------------------------
       Tag                 Description            Shells   Functions and Types
 ---------------- ------------------------------  ------  ---------------------
 xe                    DZVP (DFT Orbital)           14       36   6s5p3d



 Using Relativistic ZORA Model Potential Approach
 C. van Wullen, J. Chem. Phys. 109, 392 (1998)
 C. van Wullen, C. Michauk, J. Chem. Phys. 123, 204113 (2005)

 Reading Model Potential File:
 /home/niri/nwchem/nwchem-6.8/src/basis/libraries/rel-modelpotentials/modbas.2c

  Caching 1-el integrals 

            General Information
            -------------------
          SCF calculation type: DFT
          Wavefunction type:  closed shell.
          No. of atoms     :     1
          No. of electrons :    54
           Alpha electrons :    27
            Beta electrons :    27
          Charge           :     0
          Spin multiplicity:     1
          Use of symmetry is: off; symmetry adaption is: off
          Maximum number of iterations: 100
          AO basis - number of functions:    36
                     number of shells:    14
          Convergence on energy requested:  1.00D-06
          Convergence on density requested:  1.00D-05
          Convergence on gradient requested:  5.00D-04

              XC Information
              --------------
                        Slater Exchange Functional  1.000 local    
                      VWN V Correlation Functional  1.000 local    

             Grid Information
             ----------------
          Grid used for XC integration:  xfine     
          Radial quadrature: Mura-Knowles        
          Angular quadrature: Lebedev. 
          Tag              B.-S. Rad. Rad. Pts. Rad. Cut. Ang. Pts.
          ---              ---------- --------- --------- ---------
          Xe                  1.40      205           6.0      1454
          Grid pruning is: on 
          Number of quadrature shells:   205
          Spatial weights used:  Erf1

          Convergence Information
          -----------------------
          Convergence aids based upon iterative change in 
          total energy or number of iterations. 
          Levelshifting, if invoked, occurs when the 
          HOMO/LUMO gap drops below (HL_TOL):  1.00D-02
          DIIS, if invoked, will attempt to extrapolate 
          using up to (NFOCK): 10 stored Fock matrices.

                    Damping( 0%)  Levelshifting(0.5)       DIIS
                  --------------- ------------------- ---------------
          dE  on:    start            ASAP                start   
          dE off:    2 iters        100 iters           100 iters 


      Screening Tolerance Information
      -------------------------------
          Density screening/tol_rho:  1.00D-10
          AO Gaussian exp screening on grid/accAOfunc:  14
          CD Gaussian exp screening on grid/accCDfunc:  20
          XC Gaussian exp screening on grid/accXCfunc:  20
          Schwarz screening/accCoul:  1.00D-08

          Performing ZORA calculations
          ----------------------------


      Superposition of Atomic Density Guess
      -------------------------------------

 Sum of atomic energies:       -7231.25406038

 Read atomic ZORA corrections from ./xe-zora-mp.zora_sf

 dft_zora_read: failed to open./xe-zora-mp.zora_sf
       Generating atomic ZORA corrections
       ----------------------------------

 In dft_scf:: zora:Knucl= F

 Grid_pts file          = ./xe-zora-mp.gridpts.0
 Record size in doubles =  12289        No. of grid_pts per rec  =   3070
 Max. records in memory =     28        Max. recs in file   =    766129


 Wrote atomic ZORA corrections to ./xe-zora-mp.zora_sf


      Superposition of Atomic Density Guess
      -------------------------------------

 Sum of atomic energies:       -7231.25406038

      Non-variational initial energy
      ------------------------------

 Total energy =   -7231.254059
 1-e energy   =   -9930.471514
 2-e energy   =    2699.217456
 HOMO         =      -0.458186
 LUMO         =       0.337287

   Time after variat. SCF:      1.4
   Time prior to 1st pass:      1.4

 #quartets = 5.564D+03 #integrals = 3.107D+04 #direct =  0.0% #cached =100.0%


 Integral file          = ./xe-zora-mp.aoints.0
 Record size in doubles =  65536        No. of integs per rec  =  43688
 Max. records in memory =      3        Max. records in file   = 143658
 No. of bits per label  =      8        No. of bits per value  =     64


File balance: exchanges=     0  moved=     0  time=   0.0


           Memory utilization after 1st SCF pass: 
           Heap Space remaining (MW):       12.56            12560470
          Stack Space remaining (MW):       13.10            13104268

   convergence    iter        energy       DeltaE   RMS-Dens  Diis-err    time
 ---------------- ----- ----------------- --------- --------- ---------  ------
 d= 0,ls=0.0,diis     1  -7498.0976599046 -7.50D+03  4.16D-02  6.33D+01     2.2
 d= 0,ls=0.0,diis     2  -7498.1536955967 -5.60D-02  2.30D-02  4.45D-02     2.2
 d= 0,ls=0.0,diis     3  -7498.1574812131 -3.79D-03  9.76D-03  2.39D-02     2.3
 d= 0,ls=0.0,diis     4  -7498.1619441588 -4.46D-03  1.68D-04  4.25D-06     2.3
 d= 0,ls=0.0,diis     5  -7498.1619453433 -1.18D-06  4.68D-06  1.19D-08     2.4
 d= 0,ls=0.0,diis     6  -7498.1619453446 -1.31D-09  2.19D-07  8.19D-12     2.4
(nogshift,skip_gshiftAOev,done_Fji)=( 1,F,F)


         Total DFT energy =    -7498.161945344605
      One electron energy =   -10207.551587944212
           Coulomb energy =     2885.223805476923
    Exchange-Corr. energy =     -175.834162877315
 Nuclear repulsion energy =        0.000000000000

       Scaling correction =       98.797036443507

 Numeric. integr. density =       53.999999999778

     Total iterative time =      1.0s



                       DFT Final Molecular Orbital Analysis
                       ------------------------------------

 Vector    1  Occ=2.000000D+00  E=-1.254876D+03
              MO Center= -5.4D-19, -9.9D-19,  1.4D-19, r^2= 2.9D-04
   Bfn.  Coefficient  Atom+Function         Bfn.  Coefficient  Atom+Function  
  ----- ------------  ---------------      ----- ------------  ---------------
     1      1.007131  1 Xe s          

 Vector    2  Occ=2.000000D+00  E=-1.949968D+02
              MO Center=  7.4D-17,  1.1D-17, -1.8D-17, r^2= 4.6D-03
   Bfn.  Coefficient  Atom+Function         Bfn.  Coefficient  Atom+Function  
  ----- ------------  ---------------      ----- ------------  ---------------
     2      1.076512  1 Xe s                  1     -0.333472  1 Xe s          
     3     -0.043220  1 Xe s          

 Vector    3  Occ=2.000000D+00  E=-1.781293D+02
              MO Center=  7.8D-18,  1.6D-17,  1.6D-17, r^2= 3.5D-03
   Bfn.  Coefficient  Atom+Function         Bfn.  Coefficient  Atom+Function  
  ----- ------------  ---------------      ----- ------------  ---------------
     9      0.820914  1 Xe pz                 8      0.564421  1 Xe py         
     7     -0.095292  1 Xe px         

 Vector    4  Occ=2.000000D+00  E=-1.781293D+02
              MO Center= -6.4D-17, -3.6D-17,  2.3D-17, r^2= 3.5D-03
   Bfn.  Coefficient  Atom+Function         Bfn.  Coefficient  Atom+Function  
  ----- ------------  ---------------      ----- ------------  ---------------
     7      0.836204  1 Xe px                 8      0.493569  1 Xe py         
     9     -0.242287  1 Xe pz         

 Vector    5  Occ=2.000000D+00  E=-1.781293D+02
              MO Center= -1.6D-17,  1.7D-17, -1.0D-17, r^2= 3.5D-03
   Bfn.  Coefficient  Atom+Function         Bfn.  Coefficient  Atom+Function  
  ----- ------------  ---------------      ----- ------------  ---------------
     8      0.662850  1 Xe py                 7     -0.541510  1 Xe px         
     9     -0.518602  1 Xe pz         

 Vector    6  Occ=2.000000D+00  E=-3.981120D+01
              MO Center= -4.8D-17,  9.5D-17, -6.3D-17, r^2= 3.2D-02
   Bfn.  Coefficient  Atom+Function         Bfn.  Coefficient  Atom+Function  
  ----- ------------  ---------------      ----- ------------  ---------------
     3      1.163179  1 Xe s                  2     -0.539784  1 Xe s          
     1      0.138988  1 Xe s                  4     -0.051902  1 Xe s          
     5     -0.031176  1 Xe s          

 Vector    7  Occ=2.000000D+00  E=-3.412824D+01
              MO Center= -3.4D-16, -1.5D-16,  3.3D-17, r^2= 3.1D-02
   Bfn.  Coefficient  Atom+Function         Bfn.  Coefficient  Atom+Function  
  ----- ------------  ---------------      ----- ------------  ---------------
    10      1.066088  1 Xe px                 7     -0.448941  1 Xe px         
    12     -0.211175  1 Xe pz                11     -0.131730  1 Xe py         
     9      0.088928  1 Xe pz                 8      0.055473  1 Xe py         

 Vector    8  Occ=2.000000D+00  E=-3.412824D+01
              MO Center= -1.4D-17, -1.3D-16, -9.0D-17, r^2= 3.1D-02
   Bfn.  Coefficient  Atom+Function         Bfn.  Coefficient  Atom+Function  
  ----- ------------  ---------------      ----- ------------  ---------------
    11      1.053671  1 Xe py                 8     -0.443712  1 Xe py         
    12     -0.287953  1 Xe pz                 9      0.121260  1 Xe pz         
    10      0.073157  1 Xe px                 7     -0.030807  1 Xe px         

 Vector    9  Occ=2.000000D+00  E=-3.412824D+01
              MO Center=  1.5D-16, -6.0D-17, -4.7D-16, r^2= 3.1D-02
   Bfn.  Coefficient  Atom+Function         Bfn.  Coefficient  Atom+Function  
  ----- ------------  ---------------      ----- ------------  ---------------
    12      1.034881  1 Xe pz                 9     -0.435800  1 Xe pz         
    11      0.266301  1 Xe py                10      0.237899  1 Xe px         
     8     -0.112142  1 Xe py                 7     -0.100182  1 Xe px         

 Vector   10  Occ=2.000000D+00  E=-2.465969D+01
              MO Center=  2.0D-18, -8.5D-17,  3.5D-17, r^2= 2.6D-02
   Bfn.  Coefficient  Atom+Function         Bfn.  Coefficient  Atom+Function  
  ----- ------------  ---------------      ----- ------------  ---------------
    26      0.858654  1 Xe d  2              23      0.305293  1 Xe d -1       
    25     -0.281243  1 Xe d  1              22     -0.271368  1 Xe d -2       
    24      0.071775  1 Xe d  0       

 Vector   11  Occ=2.000000D+00  E=-2.465969D+01
              MO Center= -1.9D-17,  5.1D-17, -1.1D-17, r^2= 2.6D-02
   Bfn.  Coefficient  Atom+Function         Bfn.  Coefficient  Atom+Function  
  ----- ------------  ---------------      ----- ------------  ---------------
    23      0.840894  1 Xe d -1              25      0.495156  1 Xe d  1       
    24     -0.147009  1 Xe d  0              26     -0.107225  1 Xe d  2       
    22      0.054681  1 Xe d -2       

 Vector   12  Occ=2.000000D+00  E=-2.465969D+01
              MO Center= -1.8D-17,  5.9D-17,  1.0D-17, r^2= 2.6D-02
   Bfn.  Coefficient  Atom+Function         Bfn.  Coefficient  Atom+Function  
  ----- ------------  ---------------      ----- ------------  ---------------
    22      0.861106  1 Xe d -2              25     -0.429591  1 Xe d  1       
    23      0.221262  1 Xe d -1              24      0.107008  1 Xe d  0       
    26      0.043820  1 Xe d  2       

 Vector   13  Occ=2.000000D+00  E=-2.465969D+01
              MO Center= -7.2D-17, -3.6D-18,  5.9D-16, r^2= 2.6D-02
   Bfn.  Coefficient  Atom+Function         Bfn.  Coefficient  Atom+Function  
  ----- ------------  ---------------      ----- ------------  ---------------
    24      0.927713  1 Xe d  0              25      0.343667  1 Xe d  1       
    26      0.067247  1 Xe d  2              22      0.061898  1 Xe d -2       
    23     -0.035629  1 Xe d -1       

 Vector   14  Occ=2.000000D+00  E=-2.465969D+01
              MO Center=  3.2D-16,  1.8D-16, -8.2D-17, r^2= 2.6D-02
   Bfn.  Coefficient  Atom+Function         Bfn.  Coefficient  Atom+Function  
  ----- ------------  ---------------      ----- ------------  ---------------
    25      0.601205  1 Xe d  1              26      0.482861  1 Xe d  2       
    22      0.407940  1 Xe d -2              23     -0.371279  1 Xe d -1       
    24     -0.299193  1 Xe d  0       

 Vector   15  Occ=2.000000D+00  E=-7.137542D+00
              MO Center= -1.5D-16,  1.1D-16, -6.2D-16, r^2= 1.7D-01
   Bfn.  Coefficient  Atom+Function         Bfn.  Coefficient  Atom+Function  
  ----- ------------  ---------------      ----- ------------  ---------------
     4      1.212658  1 Xe s                  3     -0.705841  1 Xe s          
     2      0.245349  1 Xe s                  5      0.070716  1 Xe s          
     1     -0.061223  1 Xe s                  6      0.040298  1 Xe s          

 Vector   16  Occ=2.000000D+00  E=-5.271234D+00
              MO Center= -2.8D-16, -1.5D-16, -3.7D-16, r^2= 1.9D-01
   Bfn.  Coefficient  Atom+Function         Bfn.  Coefficient  Atom+Function  
  ----- ------------  ---------------      ----- ------------  ---------------
    14      1.053626  1 Xe py                11      0.626399  1 Xe py         
    13      0.527729  1 Xe px                10      0.313744  1 Xe px         
    15     -0.244494  1 Xe pz                 8     -0.174176  1 Xe py         
    12     -0.145356  1 Xe pz                 7     -0.087239  1 Xe px         
     9      0.040418  1 Xe pz                17      0.029213  1 Xe py         

 Vector   17  Occ=2.000000D+00  E=-5.271234D+00
              MO Center= -1.4D-16,  2.8D-16, -3.2D-16, r^2= 1.9D-01
   Bfn.  Coefficient  Atom+Function         Bfn.  Coefficient  Atom+Function  
  ----- ------------  ---------------      ----- ------------  ---------------
    13      1.075371  1 Xe px                10      0.639326  1 Xe px         
    14     -0.540302  1 Xe py                11     -0.321219  1 Xe py         
     7     -0.177771  1 Xe px                 8      0.089318  1 Xe py         
    16      0.029816  1 Xe px         

 Vector   18  Occ=2.000000D+00  E=-5.271234D+00
              MO Center= -2.5D-16,  1.1D-16, -9.1D-17, r^2= 1.9D-01
   Bfn.  Coefficient  Atom+Function         Bfn.  Coefficient  Atom+Function  
  ----- ------------  ---------------      ----- ------------  ---------------
    15      1.178377  1 Xe pz                12      0.700565  1 Xe pz         
    14      0.215286  1 Xe py                 9     -0.194799  1 Xe pz         
    11      0.127991  1 Xe py                13      0.116110  1 Xe px         
    10      0.069030  1 Xe px                 8     -0.035589  1 Xe py         
    18      0.032671  1 Xe pz         

 Vector   19  Occ=2.000000D+00  E=-2.281876D+00
              MO Center=  3.1D-16,  2.9D-18,  3.3D-16, r^2= 2.5D-01
   Bfn.  Coefficient  Atom+Function         Bfn.  Coefficient  Atom+Function  
  ----- ------------  ---------------      ----- ------------  ---------------
    29      1.022114  1 Xe d  0              24     -0.403658  1 Xe d  0       
    31     -0.257985  1 Xe d  2              30     -0.199373  1 Xe d  1       
    28      0.105328  1 Xe d -1              26      0.101884  1 Xe d  2       
    25      0.078737  1 Xe d  1              23     -0.041597  1 Xe d -1       
    27     -0.036368  1 Xe d -2       

 Vector   20  Occ=2.000000D+00  E=-2.281876D+00
              MO Center=  1.6D-16,  6.5D-17, -9.6D-18, r^2= 2.5D-01
   Bfn.  Coefficient  Atom+Function         Bfn.  Coefficient  Atom+Function  
  ----- ------------  ---------------      ----- ------------  ---------------
    31      0.957179  1 Xe d  2              28      0.387134  1 Xe d -1       
    26     -0.378013  1 Xe d  2              30     -0.242441  1 Xe d  1       
    23     -0.152888  1 Xe d -1              29      0.149891  1 Xe d  0       
    27     -0.127006  1 Xe d -2              25      0.095746  1 Xe d  1       
    24     -0.059196  1 Xe d  0              22      0.050158  1 Xe d -2       

 Vector   21  Occ=2.000000D+00  E=-2.281876D+00
              MO Center=  1.5D-17,  5.8D-18,  2.1D-16, r^2= 2.5D-01
   Bfn.  Coefficient  Atom+Function         Bfn.  Coefficient  Atom+Function  
  ----- ------------  ---------------      ----- ------------  ---------------
    28      0.988892  1 Xe d -1              23     -0.390537  1 Xe d -1       
    31     -0.313047  1 Xe d  2              30      0.266101  1 Xe d  1       
    29     -0.129206  1 Xe d  0              26      0.123630  1 Xe d  2       
    25     -0.105090  1 Xe d  1              24      0.051027  1 Xe d  0       

 Vector   22  Occ=2.000000D+00  E=-2.281876D+00
              MO Center=  3.1D-16,  8.3D-17, -1.9D-17, r^2= 2.5D-01
   Bfn.  Coefficient  Atom+Function         Bfn.  Coefficient  Atom+Function  
  ----- ------------  ---------------      ----- ------------  ---------------
    30     -0.751761  1 Xe d  1              27      0.730458  1 Xe d -2       
    25      0.296889  1 Xe d  1              22     -0.288475  1 Xe d -2       
    29     -0.167299  1 Xe d  0              28      0.144624  1 Xe d -1       
    31     -0.125783  1 Xe d  2              24      0.066070  1 Xe d  0       
    23     -0.057115  1 Xe d -1              26      0.049675  1 Xe d  2       

 Vector   23  Occ=2.000000D+00  E=-2.281876D+00
              MO Center= -3.9D-17, -2.4D-16,  2.0D-16, r^2= 2.5D-01
   Bfn.  Coefficient  Atom+Function         Bfn.  Coefficient  Atom+Function  
  ----- ------------  ---------------      ----- ------------  ---------------
    27      0.782553  1 Xe d -2              30      0.654949  1 Xe d  1       
    22     -0.309049  1 Xe d -2              25     -0.258655  1 Xe d  1       
    31      0.258596  1 Xe d  2              29      0.227094  1 Xe d  0       
    26     -0.102126  1 Xe d  2              24     -0.089685  1 Xe d  0       
    28     -0.060411  1 Xe d -1       

 Vector   24  Occ=2.000000D+00  E=-7.077522D-01
              MO Center= -3.3D-15,  3.5D-15, -7.4D-15, r^2= 1.1D+00
   Bfn.  Coefficient  Atom+Function         Bfn.  Coefficient  Atom+Function  
  ----- ------------  ---------------      ----- ------------  ---------------
     5      0.819118  1 Xe s                  4      0.589413  1 Xe s          
     6     -0.339449  1 Xe s                  3     -0.274665  1 Xe s          
     2      0.087906  1 Xe s          

 Vector   25  Occ=2.000000D+00  E=-3.086913D-01
              MO Center=  7.5D-15,  7.9D-15,  1.7D-15, r^2= 1.7D+00
   Bfn.  Coefficient  Atom+Function         Bfn.  Coefficient  Atom+Function  
  ----- ------------  ---------------      ----- ------------  ---------------
    16      0.722034  1 Xe px                17      0.530623  1 Xe py         
    13      0.412517  1 Xe px                18      0.362278  1 Xe pz         
    14      0.303159  1 Xe py                15      0.206979  1 Xe pz         
    10      0.179547  1 Xe px                19      0.156721  1 Xe px         
    11      0.131950  1 Xe py                20      0.115174  1 Xe py         

 Vector   26  Occ=2.000000D+00  E=-3.086913D-01
              MO Center=  1.8D-15, -3.0D-15, -5.5D-15, r^2= 1.7D+00
   Bfn.  Coefficient  Atom+Function         Bfn.  Coefficient  Atom+Function  
  ----- ------------  ---------------      ----- ------------  ---------------
    17     -0.664161  1 Xe py                16      0.636667  1 Xe px         
    14     -0.379453  1 Xe py                13      0.363745  1 Xe px         
    18     -0.296114  1 Xe pz                15     -0.169178  1 Xe pz         
    11     -0.165156  1 Xe py                10      0.158319  1 Xe px         
    20     -0.144159  1 Xe py                19      0.138192  1 Xe px         

 Vector   27  Occ=2.000000D+00  E=-3.086913D-01
              MO Center= -1.3D-15, -1.9D-15,  5.8D-15, r^2= 1.7D+00
   Bfn.  Coefficient  Atom+Function         Bfn.  Coefficient  Atom+Function  
  ----- ------------  ---------------      ----- ------------  ---------------
    18      0.845701  1 Xe pz                15      0.483172  1 Xe pz         
    17     -0.459856  1 Xe py                14     -0.262728  1 Xe py         
    12      0.210300  1 Xe pz                21      0.183563  1 Xe pz         
    11     -0.114352  1 Xe py                20     -0.099814  1 Xe py         
    16     -0.086379  1 Xe px                 9     -0.054214  1 Xe pz         

 Vector   28  Occ=0.000000D+00  E= 1.779589D-01
              MO Center= -1.4D-14, -3.2D-15, -8.7D-15, r^2= 5.1D+00
   Bfn.  Coefficient  Atom+Function         Bfn.  Coefficient  Atom+Function  
  ----- ------------  ---------------      ----- ------------  ---------------
    19      1.307253  1 Xe px                16     -1.164481  1 Xe px         
    13     -0.453286  1 Xe px                20      0.241260  1 Xe py         
    17     -0.214911  1 Xe py                21      0.195833  1 Xe pz         
    10     -0.186988  1 Xe px                18     -0.174445  1 Xe pz         
    14     -0.083656  1 Xe py                15     -0.067904  1 Xe pz         

 Vector   29  Occ=0.000000D+00  E= 1.779589D-01
              MO Center=  8.5D-15, -1.5D-15, -8.7D-15, r^2= 5.1D+00
   Bfn.  Coefficient  Atom+Function         Bfn.  Coefficient  Atom+Function  
  ----- ------------  ---------------      ----- ------------  ---------------
    21      1.305332  1 Xe pz                18     -1.162769  1 Xe pz         
    15     -0.452620  1 Xe pz                19     -0.235232  1 Xe px         
    20      0.215041  1 Xe py                16      0.209541  1 Xe px         
    17     -0.191556  1 Xe py                12     -0.186713  1 Xe pz         
    13      0.081566  1 Xe px                14     -0.074565  1 Xe py         

 Vector   30  Occ=0.000000D+00  E= 1.779589D-01
              MO Center= -1.6D-15,  2.4D-14, -2.7D-15, r^2= 5.1D+00
   Bfn.  Coefficient  Atom+Function         Bfn.  Coefficient  Atom+Function  
  ----- ------------  ---------------      ----- ------------  ---------------
    20      1.304231  1 Xe py                17     -1.161789  1 Xe py         
    14     -0.452238  1 Xe py                21     -0.251449  1 Xe pz         
    18      0.223987  1 Xe pz                19     -0.203034  1 Xe px         
    11     -0.186555  1 Xe py                16      0.180860  1 Xe px         
    15      0.087189  1 Xe pz                13      0.070401  1 Xe px         

 Vector   31  Occ=0.000000D+00  E= 2.571050D-01
              MO Center=  2.8D-15, -1.9D-14,  1.9D-14, r^2= 2.8D+00
   Bfn.  Coefficient  Atom+Function         Bfn.  Coefficient  Atom+Function  
  ----- ------------  ---------------      ----- ------------  ---------------
     6      2.156978  1 Xe s                  5      2.088746  1 Xe s          
     3     -0.334418  1 Xe s                  4      0.118778  1 Xe s          
     2      0.036119  1 Xe s          

 Vector   32  Occ=0.000000D+00  E= 2.838683D-01
              MO Center= -6.0D-16,  1.9D-16, -4.7D-15, r^2= 1.9D+00
   Bfn.  Coefficient  Atom+Function         Bfn.  Coefficient  Atom+Function  
  ----- ------------  ---------------      ----- ------------  ---------------
    36      0.755446  1 Xe d  2              34     -0.656256  1 Xe d  0       
    35      0.262896  1 Xe d  1              31      0.255966  1 Xe d  2       
    29     -0.222358  1 Xe d  0              33     -0.154155  1 Xe d -1       
    26     -0.089993  1 Xe d  2              30      0.089076  1 Xe d  1       
    32      0.085105  1 Xe d -2              24      0.078176  1 Xe d  0       

 Vector   33  Occ=0.000000D+00  E= 2.838683D-01
              MO Center= -4.0D-15, -8.0D-15,  2.6D-16, r^2= 1.9D+00
   Bfn.  Coefficient  Atom+Function         Bfn.  Coefficient  Atom+Function  
  ----- ------------  ---------------      ----- ------------  ---------------
    33      0.628934  1 Xe d -1              36      0.607385  1 Xe d  2       
    35     -0.423466  1 Xe d  1              34      0.360104  1 Xe d  0       
    28      0.213101  1 Xe d -1              31      0.205799  1 Xe d  2       
    32     -0.167386  1 Xe d -2              30     -0.143482  1 Xe d  1       
    29      0.122013  1 Xe d  0              23     -0.074922  1 Xe d -1       

 Vector   34  Occ=0.000000D+00  E= 2.838683D-01
              MO Center= -1.3D-15,  2.3D-15, -6.5D-16, r^2= 1.9D+00
   Bfn.  Coefficient  Atom+Function         Bfn.  Coefficient  Atom+Function  
  ----- ------------  ---------------      ----- ------------  ---------------
    33      0.806553  1 Xe d -1              35      0.499581  1 Xe d  1       
    28      0.273283  1 Xe d -1              36     -0.262986  1 Xe d  2       
    34     -0.258960  1 Xe d  0              32      0.255264  1 Xe d -2       
    30      0.169272  1 Xe d  1              23     -0.096081  1 Xe d -1       
    31     -0.089107  1 Xe d  2              29     -0.087743  1 Xe d  0       

 Vector   35  Occ=0.000000D+00  E= 2.838683D-01
              MO Center=  2.5D-15, -8.7D-16, -3.5D-16, r^2= 1.9D+00
   Bfn.  Coefficient  Atom+Function         Bfn.  Coefficient  Atom+Function  
  ----- ------------  ---------------      ----- ------------  ---------------
    32      0.980317  1 Xe d -2              35     -0.365181  1 Xe d  1       
    27      0.332159  1 Xe d -2              30     -0.123733  1 Xe d  1       
    22     -0.116780  1 Xe d -2              33     -0.054694  1 Xe d -1       
    34      0.045641  1 Xe d  0              36      0.045133  1 Xe d  2       
    25      0.043502  1 Xe d  1       

 Vector   36  Occ=0.000000D+00  E= 2.838683D-01
              MO Center=  2.6D-15, -1.3D-15,  1.3D-14, r^2= 1.9D+00
   Bfn.  Coefficient  Atom+Function         Bfn.  Coefficient  Atom+Function  
  ----- ------------  ---------------      ----- ------------  ---------------
    34      0.687024  1 Xe d  0              35      0.685649  1 Xe d  1       
    36      0.301127  1 Xe d  2              29      0.232783  1 Xe d  0       
    30      0.232317  1 Xe d  1              32      0.200120  1 Xe d -2       
    33     -0.169260  1 Xe d -1              31      0.102030  1 Xe d  2       
    24     -0.081842  1 Xe d  0              25     -0.081678  1 Xe d  1       


 Parallel integral file used       4 records with       0 large values


 Task  times  cpu:        2.4s     wall:        2.4s


                                NWChem Input Module
                                -------------------


 Summary of allocated global arrays
-----------------------------------
  array 0 => double precision sf 1(36,36),  handle: -987 



                         GA Statistics for process    0
                         ------------------------------

       create   destroy   get      put      acc     scatter   gather  read&inc
calls:  132      131      739     1423      223        0        0      211     
number of processes/call 1.27e+00 1.10e+00 1.35e+00 0.00e+00 0.00e+00
bytes total:             4.33e+06 1.80e+06 2.31e+06 0.00e+00 0.00e+00 1.69e+03
bytes remote:            1.62e+05 7.38e+04 1.24e+05 0.00e+00 0.00e+00 0.00e+00
Max memory consumed for GA by this process: 404352 bytes

MA_summarize_allocated_blocks: starting scan ...
MA_summarize_allocated_blocks: scan completed: 0 heap blocks, 0 stack blocks
MA usage statistics:

	allocation statistics:
					      heap	     stack
					      ----	     -----
	current number of blocks	         0	         0
	maximum number of blocks	        21	        51
	current total bytes		         0	         0
	maximum total bytes		   4373480	  22532152
	maximum total K-bytes		      4374	     22533
	maximum total M-bytes		         5	        23


                                     CITATION
                                     --------
                Please cite the following reference when publishing
                           results obtained with NWChem:

                 M. Valiev, E.J. Bylaska, N. Govind, K. Kowalski,
              T.P. Straatsma, H.J.J. van Dam, D. Wang, J. Nieplocha,
                        E. Apra, T.L. Windus, W.A. de Jong
                 "NWChem: a comprehensive and scalable open-source
                  solution for large scale molecular simulations"
                      Comput. Phys. Commun. 181, 1477 (2010)
                           doi:10.1016/j.cpc.2010.04.018

                                      AUTHORS
                                      -------
          E. Apra, E. J. Bylaska, W. A. de Jong, N. Govind, K. Kowalski,
       T. P. Straatsma, M. Valiev, H. J. J. van Dam, D. Wang, T. L. Windus,
        J. Hammond, J. Autschbach, K. Bhaskaran-Nair, J. Brabec, K. Lopata,
       S. A. Fischer, S. Krishnamoorthy, W. Ma, M. Klemm, O. Villa, Y. Chen,
    V. Anisimov, F. Aquino, S. Hirata, M. T. Hackler, V. Konjkov, T. Risthaus,
       M. Malagoli, A. Marenich, A. Otero-de-la-Roza, J. Mullin, P. Nichols,
      R. Peverati, J. Pittner, Y. Zhao, P.-D. Fan, A. Fonari, M. Williamson,
      R. J. Harrison, J. R. Rehr, M. Dupuis, D. Silverstein, D. M. A. Smith,
            J. Nieplocha, V. Tipparaju, M. Krishnan, B. E. Van Kuiken,
        A. Vazquez-Mayagoitia, L. Jensen, M. Swart, Q. Wu, T. Van Voorhis,
     A. A. Auer, M. Nooijen, L. D. Crosby, E. Brown, G. Cisneros, G. I. Fann,
   H. Fruchtl, J. Garza, K. Hirao, R. A. Kendall, J. A. Nichols, K. Tsemekhman,
    K. Wolinski, J. Anchell, D. E. Bernholdt, P. Borowski, T. Clark, D. Clerc,
   H. Dachsel, M. J. O. Deegan, K. Dyall, D. Elwood, E. Glendening, M. Gutowski,
   A. C. Hess, J. Jaffe, B. G. Johnson, J. Ju, R. Kobayashi, R. Kutteh, Z. Lin,
   R. Littlefield, X. Long, B. Meng, T. Nakajima, S. Niu, L. Pollack, M. Rosing,
   K. Glaesemann, G. Sandrone, M. Stave, H. Taylor, G. Thomas, J. H. van Lenthe,
                               A. T. Wong, Z. Zhang.

 Total times  cpu:        2.4s     wall:        2.5s
