 argument  1 = tddftgrad_n2.nw



============================== echo of input deck ==============================
# Test case for TDDFT analytical gradients for the N2 molecule
# using BNL/3-21G.

echo

start tddftgrad_n2

title "N2 TDDFT Gradients with BNL/3-21G"

geometry nocenter
N     0.00000000    0.00000000   -0.56556494
N     0.00000000    0.00000000    0.56556494
symmetry c1
end

basis spherical
 * library "3-21G"
end

dft
 xc xbnl07 0.90 lyp 1.00 hfexch 1.00
 cam 0.33 cam_alpha 0.0 cam_beta 1.0
 direct
 grid euler
 grid xfine
end

tddft
 nroots 6
 notriplet
 target 1
 civecs
 grad
   root 1
 end
end
task tddft gradient
================================================================================


                                         
                                         


              Northwest Computational Chemistry Package (NWChem) 6.5
              ------------------------------------------------------


                    Environmental Molecular Sciences Laboratory
                       Pacific Northwest National Laboratory
                                Richland, WA 99352

                              Copyright (c) 1994-2014
                       Pacific Northwest National Laboratory
                            Battelle Memorial Institute

             NWChem is an open-source computational chemistry package
                        distributed under the terms of the
                      Educational Community License (ECL) 2.0
             A copy of the license is included with this distribution
                              in the LICENSE.TXT file

                                  ACKNOWLEDGMENT
                                  --------------

            This software and its documentation were developed at the
            EMSL at Pacific Northwest National Laboratory, a multiprogram
            national laboratory, operated for the U.S. Department of Energy
            by Battelle under Contract Number DE-AC05-76RL01830. Support
            for this work was provided by the Department of Energy Office
            of Biological and Environmental Research, Office of Basic
            Energy Sciences, and the Office of Advanced Scientific Computing.


           Job information
           ---------------

    hostname        = orion
    program         = ../../../bin/LINUX64/nwchem
    date            = Tue Sep  2 17:32:09 2014

    compiled        = Sat_Aug_30_06:49:11_2014
    source          = /home/niri/nwchem/nwchem-6.5
    nwchem branch   = 6.5
    nwchem revision = 26025
    ga revision     = 10501
    input           = tddftgrad_n2.nw
    prefix          = tddftgrad_n2.
    data base       = ./tddftgrad_n2.db
    status          = startup
    nproc           =        4
    time left       =     -1s



           Memory information
           ------------------

    heap     =   13107196 doubles =    100.0 Mbytes
    stack    =   13107201 doubles =    100.0 Mbytes
    global   =   26214400 doubles =    200.0 Mbytes (distinct from heap & stack)
    total    =   52428797 doubles =    400.0 Mbytes
    verify   = yes
    hardfail = no 


           Directory information
           ---------------------

  0 permanent = .
  0 scratch   = .




                                NWChem Input Module
                                -------------------


                         N2 TDDFT Gradients with BNL/3-21G
                         ---------------------------------

 Scaling coordinates for geometry "geometry" by  1.889725989
 (inverse scale =  0.529177249)

 Turning off AUTOSYM since
 SYMMETRY directive was detected!


          ------
          auto-z
          ------


                             Geometry "geometry" -> ""
                             -------------------------

 Output coordinates in angstroms (scale by  1.889725989 to convert to a.u.)

  No.       Tag          Charge          X              Y              Z
 ---- ---------------- ---------- -------------- -------------- --------------
    1 N                    7.0000     0.00000000     0.00000000    -0.56556494
    2 N                    7.0000     0.00000000     0.00000000     0.56556494

      Atomic Mass 
      ----------- 

      N                 14.003070


 Effective nuclear repulsion energy (a.u.)      22.9237028032

            Nuclear Dipole moment (a.u.) 
            ----------------------------
        X                 Y               Z
 ---------------- ---------------- ----------------
     0.0000000000     0.0000000000     0.0000000000



                                Z-matrix (autoz)
                                -------- 

 Units are Angstrom for bonds and degrees for angles

      Type          Name      I     J     K     L     M      Value
      ----------- --------  ----- ----- ----- ----- ----- ----------
    1 Stretch                  1     2                       1.13113


            XYZ format geometry
            -------------------
     2
 geometry
 N                     0.00000000     0.00000000    -0.56556494
 N                     0.00000000     0.00000000     0.56556494

 ==============================================================================
                                internuclear distances
 ------------------------------------------------------------------------------
       center one      |      center two      | atomic units |  angstroms
 ------------------------------------------------------------------------------
    2 N                |   1 N                |     2.13753  |     1.13113
 ------------------------------------------------------------------------------
                         number of included internuclear distances:          1
 ==============================================================================



  library name resolved from: environment
  library file name is: </home/niri/nwchem/nwchem-6.5/src/basis/libraries/>
  


 Summary of "ao basis" -> "" (spherical)
 ------------------------------------------------------------------------------
       Tag                 Description            Shells   Functions and Types
 ---------------- ------------------------------  ------  ---------------------
 *                           3-21G                    on all atoms 


 tddft_input: filename not found; default name will be used

                                 NWChem DFT Module
                                 -----------------


                         N2 TDDFT Gradients with BNL/3-21G


                      Basis "ao basis" -> "ao basis" (spherical)
                      -----
  N (Nitrogen)
  ------------
            Exponent  Coefficients 
       -------------- ---------------------------------------------------------
  1 S  2.42766000E+02  0.059866
  1 S  3.64851000E+01  0.352955
  1 S  7.81449000E+00  0.706513

  2 S  5.42522000E+00 -0.413301
  2 S  1.14915000E+00  1.224420

  3 P  5.42522000E+00  0.237972
  3 P  1.14915000E+00  0.858953

  4 S  2.83205000E-01  1.000000

  5 P  2.83205000E-01  1.000000



 Summary of "ao basis" -> "ao basis" (spherical)
 ------------------------------------------------------------------------------
       Tag                 Description            Shells   Functions and Types
 ---------------- ------------------------------  ------  ---------------------
 N                           3-21G                   5        9   3s2p




 Summary of "ao basis" -> "ao basis" (spherical)
 ------------------------------------------------------------------------------
       Tag                 Description            Shells   Functions and Types
 ---------------- ------------------------------  ------  ---------------------
 N                           3-21G                   5        9   3s2p


  int_init: cando_txs set to always be  F
  Caching 1-el integrals 

            General Information
            -------------------
          SCF calculation type: DFT
          Wavefunction type:  closed shell.
          No. of atoms     :     2
          No. of electrons :    14
           Alpha electrons :     7
            Beta electrons :     7
          Charge           :     0
          Spin multiplicity:     1
          Use of symmetry is: off; symmetry adaption is: off
          Maximum number of iterations:  30
          This is a Direct SCF calculation.
          AO basis - number of functions:    18
                     number of shells:    10
          Convergence on energy requested: 1.00D-06
          Convergence on density requested: 1.00D-05
          Convergence on gradient requested: 5.00D-04

              XC Information
              --------------
                     Hartree-Fock (Exact) Exchange  1.000          
                   LC-BNL 2007 Exchange Functional  0.900 local    
              Lee-Yang-Parr Correlation Functional  1.000          

           Range-Separation Parameters        
           ---------------------------
           Alpha           :  0.00
           Beta            :  1.00
           Gamma           :  0.33
           Short-Range HF  :     F

             Grid Information
             ----------------
          Grid used for XC integration:  xfine     
          Radial quadrature: Euler-MacLaurin     
          Angular quadrature: Lebedev. 
          Tag              B.-S. Rad. Rad. Pts. Rad. Cut. Ang. Pts.
          ---              ---------- --------- --------- ---------
          N                   0.65       74           5.0      1454
          Grid pruning is: on 
          Number of quadrature shells:   148
          Spatial weights used:  Erf1

          Convergence Information
          -----------------------
          Convergence aids based upon iterative change in 
          total energy or number of iterations. 
          Levelshifting, if invoked, occurs when the 
          HOMO/LUMO gap drops below (HL_TOL): 1.00D-02
          DIIS, if invoked, will attempt to extrapolate 
          using up to (NFOCK): 10 stored Fock matrices.

                    Damping( 0%)  Levelshifting(0.5)       DIIS
                  --------------- ------------------- ---------------
          dE  on:    start            ASAP                start   
          dE off:    2 iters         30 iters            30 iters 


      Screening Tolerance Information
      -------------------------------
          Density screening/tol_rho: 1.00D-10
          AO Gaussian exp screening on grid/accAOfunc:  14
          CD Gaussian exp screening on grid/accCDfunc:  20
          XC Gaussian exp screening on grid/accXCfunc:  20
          Schwarz screening/accCoul: 1.00D-08


      Superposition of Atomic Density Guess
      -------------------------------------

 Sum of atomic energies:        -108.02672284

      Non-variational initial energy
      ------------------------------

 Total energy =    -108.456200
 1-e energy   =    -192.249764
 2-e energy   =      60.869860
 HOMO         =      -0.393662
 LUMO         =       0.047550

   Time after variat. SCF:      0.1
   Time prior to 1st pass:      0.1

 Grid_pts file          = ./tddftgrad_n2.gridpts.0
 Record size in doubles =  12289        No. of grid_pts per rec  =   3070
 Max. records in memory =     21        Max. recs in file   =     90585

 Grid integrated density:      13.999999799949
 Requested integration accuracy:   0.10E-07

           Memory utilization after 1st SCF pass: 
           Heap Space remaining (MW):       12.85            12848604
          Stack Space remaining (MW):       13.11            13106980

   convergence    iter        energy       DeltaE   RMS-Dens  Diis-err    time
 ---------------- ----- ----------------- --------- --------- ---------  ------
 d= 0,ls=0.0,diis     1   -106.7484021740 -1.30D+02  2.27D-02  5.47D-01     0.2
 Grid integrated density:      13.999999803154
 Requested integration accuracy:   0.10E-07
 d= 0,ls=0.0,diis     2   -106.7715170302 -2.31D-02  4.06D-03  1.07D-02     0.4
 d= 0,ls=0.0,diis     3   -106.7723227735 -8.06D-04  9.69D-04  1.12D-03     0.5
 d= 0,ls=0.0,diis     4   -106.7724311708 -1.08D-04  1.43D-04  4.02D-06     0.6
 d= 0,ls=0.0,diis     5   -106.7724316319 -4.61D-07  1.40D-05  5.17D-09     0.8
 d= 0,ls=0.0,diis     6   -106.7724316329 -9.88D-10  4.17D-07  8.36D-12     0.9


         Total DFT energy =     -106.772431632854
      One electron energy =     -191.861893046353
           Coulomb energy =       73.610611355848
    Exchange-Corr. energy =      -11.444852745590
 Nuclear repulsion energy =       22.923702803241

 Numeric. integr. density =       13.999999988203

     Total iterative time =      0.8s



                       DFT Final Molecular Orbital Analysis
                       ------------------------------------

 Vector    1  Occ=2.000000D+00  E=-1.385518D+01
              MO Center=  2.3D-15, -1.6D-15,  1.8D-05, r^2= 3.4D-01
   Bfn.  Coefficient  Atom+Function         Bfn.  Coefficient  Atom+Function  
  ----- ------------  ---------------      ----- ------------  ---------------
     1      0.694367  1 N  s                 10     -0.694388  2 N  s          

 Vector    2  Occ=2.000000D+00  E=-1.385248D+01
              MO Center= -8.6D-15, -2.1D-14, -1.8D-05, r^2= 3.4D-01
   Bfn.  Coefficient  Atom+Function         Bfn.  Coefficient  Atom+Function  
  ----- ------------  ---------------      ----- ------------  ---------------
     1      0.694257  1 N  s                 10      0.694235  2 N  s          

 Vector    3  Occ=2.000000D+00  E=-1.194800D+00
              MO Center=  4.1D-12,  4.5D-12,  1.4D-08, r^2= 4.7D-01
   Bfn.  Coefficient  Atom+Function         Bfn.  Coefficient  Atom+Function  
  ----- ------------  ---------------      ----- ------------  ---------------
     6      0.335840  1 N  s                 15      0.335840  2 N  s          
     5      0.222366  1 N  pz                14     -0.222366  2 N  pz         
     2      0.178234  1 N  s                 11      0.178234  2 N  s          
     1     -0.169370  1 N  s                 10     -0.169370  2 N  s          

 Vector    4  Occ=2.000000D+00  E=-5.877774D-01
              MO Center= -7.6D-12,  1.2D-11,  2.5D-07, r^2= 1.3D+00
   Bfn.  Coefficient  Atom+Function         Bfn.  Coefficient  Atom+Function  
  ----- ------------  ---------------      ----- ------------  ---------------
     6      0.722302  1 N  s                 15     -0.722302  2 N  s          
     1     -0.170295  1 N  s                 10      0.170295  2 N  s          

 Vector    5  Occ=2.000000D+00  E=-5.332172D-01
              MO Center=  3.4D-12,  1.5D-11,  2.8D-08, r^2= 9.4D-01
   Bfn.  Coefficient  Atom+Function         Bfn.  Coefficient  Atom+Function  
  ----- ------------  ---------------      ----- ------------  ---------------
     4      0.361797  1 N  py                13      0.361797  2 N  py         
     8      0.333821  1 N  py                17      0.333821  2 N  py         

 Vector    6  Occ=2.000000D+00  E=-5.332172D-01
              MO Center= -1.4D-11,  3.0D-12,  2.8D-08, r^2= 9.4D-01
   Bfn.  Coefficient  Atom+Function         Bfn.  Coefficient  Atom+Function  
  ----- ------------  ---------------      ----- ------------  ---------------
     3      0.361797  1 N  px                12      0.361797  2 N  px         
     7      0.333821  1 N  px                16      0.333821  2 N  px         

 Vector    7  Occ=2.000000D+00  E=-4.620675D-01
              MO Center=  6.9D-12, -1.9D-11, -2.5D-07, r^2= 1.3D+00
   Bfn.  Coefficient  Atom+Function         Bfn.  Coefficient  Atom+Function  
  ----- ------------  ---------------      ----- ------------  ---------------
     6     -0.405963  1 N  s                 15     -0.405962  2 N  s          
     5      0.394826  1 N  pz                14     -0.394826  2 N  pz         
     9      0.283728  1 N  pz                18     -0.283728  2 N  pz         

 Vector    8  Occ=0.000000D+00  E= 1.029667D-01
              MO Center=  6.3D-12, -7.6D-12, -2.9D-08, r^2= 1.1D+00
   Bfn.  Coefficient  Atom+Function         Bfn.  Coefficient  Atom+Function  
  ----- ------------  ---------------      ----- ------------  ---------------
     8      0.458840  1 N  py                17     -0.458840  2 N  py         
     7     -0.381501  1 N  px                16      0.381501  2 N  px         
     4      0.320306  1 N  py                13     -0.320306  2 N  py         
     3     -0.266317  1 N  px                12      0.266317  2 N  px         

 Vector    9  Occ=0.000000D+00  E= 1.029667D-01
              MO Center= -5.4D-13, -4.5D-13, -2.9D-08, r^2= 1.1D+00
   Bfn.  Coefficient  Atom+Function         Bfn.  Coefficient  Atom+Function  
  ----- ------------  ---------------      ----- ------------  ---------------
     7      0.458840  1 N  px                16     -0.458840  2 N  px         
     8      0.381501  1 N  py                17     -0.381501  2 N  py         
     3      0.320306  1 N  px                12     -0.320306  2 N  px         
     4      0.266317  1 N  py                13     -0.266317  2 N  py         

 Vector   10  Occ=0.000000D+00  E= 6.249691D-01
              MO Center= -1.3D-12, -9.7D-13,  4.0D-12, r^2= 1.8D+00
   Bfn.  Coefficient  Atom+Function         Bfn.  Coefficient  Atom+Function  
  ----- ------------  ---------------      ----- ------------  ---------------
     6      2.460295  1 N  s                 15     -2.460295  2 N  s          
     9      1.872483  1 N  pz                18      1.872483  2 N  pz         
     5      0.284717  1 N  pz                14      0.284717  2 N  pz         

 Vector   11  Occ=0.000000D+00  E= 1.096299D+00
              MO Center=  1.0D-11,  3.7D-11,  2.0D-07, r^2= 1.3D+00
   Bfn.  Coefficient  Atom+Function         Bfn.  Coefficient  Atom+Function  
  ----- ------------  ---------------      ----- ------------  ---------------
     4      0.707701  1 N  py                13      0.707701  2 N  py         
     8     -0.571875  1 N  py                17     -0.571875  2 N  py         
     3      0.199627  1 N  px                12      0.199628  2 N  px         
     7     -0.161314  1 N  px                16     -0.161314  2 N  px         

 Vector   12  Occ=0.000000D+00  E= 1.096299D+00
              MO Center=  6.4D-11, -1.8D-11,  2.0D-07, r^2= 1.3D+00
   Bfn.  Coefficient  Atom+Function         Bfn.  Coefficient  Atom+Function  
  ----- ------------  ---------------      ----- ------------  ---------------
     3      0.707701  1 N  px                12      0.707701  2 N  px         
     7     -0.571875  1 N  px                16     -0.571875  2 N  px         
     4     -0.199627  1 N  py                13     -0.199628  2 N  py         
     8      0.161314  1 N  py                17      0.161314  2 N  py         

 Vector   13  Occ=0.000000D+00  E= 1.104611D+00
              MO Center= -7.0D-11, -1.7D-11,  2.1D-07, r^2= 1.8D+00
   Bfn.  Coefficient  Atom+Function         Bfn.  Coefficient  Atom+Function  
  ----- ------------  ---------------      ----- ------------  ---------------
     9      0.879046  1 N  pz                18     -0.879046  2 N  pz         
     5     -0.657899  1 N  pz                14      0.657899  2 N  pz         
     6     -0.154864  1 N  s                 15     -0.154864  2 N  s          

 Vector   14  Occ=0.000000D+00  E= 1.212880D+00
              MO Center= -4.1D-11,  5.5D-11, -2.0D-07, r^2= 1.6D+00
   Bfn.  Coefficient  Atom+Function         Bfn.  Coefficient  Atom+Function  
  ----- ------------  ---------------      ----- ------------  ---------------
     8      0.818065  1 N  py                17     -0.818065  2 N  py         
     7     -0.611280  1 N  px                16      0.611280  2 N  px         
     4     -0.584586  1 N  py                13      0.584586  2 N  py         
     3      0.436819  1 N  px                12     -0.436819  2 N  px         

 Vector   15  Occ=0.000000D+00  E= 1.212880D+00
              MO Center= -7.2D-12, -5.4D-12, -2.0D-07, r^2= 1.6D+00
   Bfn.  Coefficient  Atom+Function         Bfn.  Coefficient  Atom+Function  
  ----- ------------  ---------------      ----- ------------  ---------------
     7      0.818065  1 N  px                16     -0.818065  2 N  px         
     8      0.611280  1 N  py                17     -0.611280  2 N  py         
     3     -0.584586  1 N  px                12      0.584586  2 N  px         
     4     -0.436819  1 N  py                13      0.436819  2 N  py         

 Vector   16  Occ=0.000000D+00  E= 1.229455D+00
              MO Center=  4.9D-11, -4.8D-11, -2.1D-07, r^2= 1.4D+00
   Bfn.  Coefficient  Atom+Function         Bfn.  Coefficient  Atom+Function  
  ----- ------------  ---------------      ----- ------------  ---------------
     9      1.131217  1 N  pz                18      1.131216  2 N  pz         
     5     -0.830075  1 N  pz                14     -0.830075  2 N  pz         
     6      0.821239  1 N  s                 15     -0.821239  2 N  s          

 Vector   17  Occ=0.000000D+00  E= 1.728170D+00
              MO Center= -5.0D-12, -5.2D-12,  7.1D-09, r^2= 1.1D+00
   Bfn.  Coefficient  Atom+Function         Bfn.  Coefficient  Atom+Function  
  ----- ------------  ---------------      ----- ------------  ---------------
     2      1.099025  1 N  s                 11      1.099025  2 N  s          
     6     -0.788927  1 N  s                 15     -0.788927  2 N  s          


 center of mass
 --------------
 x =   0.00000000 y =   0.00000000 z =   0.00000000

 moments of inertia (a.u.)
 ------------------
          31.990121199252           0.000000000000           0.000000000000
           0.000000000000          31.990121199252           0.000000000000
           0.000000000000           0.000000000000           0.000000000000

     Multipole analysis of the density
     ---------------------------------

     L   x y z        total         alpha         beta         nuclear
     -   - - -        -----         -----         ----         -------
     0   0 0 0      0.000000     -7.000000     -7.000000     14.000000

     1   1 0 0      0.000000      0.000000      0.000000      0.000000
     1   0 1 0      0.000000      0.000000      0.000000      0.000000
     1   0 0 1      0.000000      0.000000      0.000000      0.000000

     2   2 0 0     -7.487141     -3.743571     -3.743571      0.000000
     2   1 1 0      0.000000      0.000000      0.000000      0.000000
     2   1 0 1      0.000000      0.000000      0.000000      0.000000
     2   0 2 0     -7.487141     -3.743571     -3.743571      0.000000
     2   0 1 1      0.000000      0.000000      0.000000      0.000000
     2   0 0 2     -9.219791    -12.605673    -12.605673     15.991554

  int_init: cando_txs set to always be  F
                                NWChem TDDFT Module
                                -------------------


                         N2 TDDFT Gradients with BNL/3-21G


            General Information
            -------------------
           No. of orbitals :    36
            Alpha orbitals :    18
             Beta orbitals :    18
        Alpha frozen cores :     0
         Beta frozen cores :     0
     Alpha frozen virtuals :     0
      Beta frozen virtuals :     0
         Spin multiplicity :     1
    Number of AO functions :    18
        Use of symmetry is : off
      Symmetry adaption is : off
         Schwarz screening : 0.10D-07

              XC Information
              --------------
              Hartree-Fock (Exact) Exchange   1.00          
            LC-BNL 2007 Exchange Functional   0.90 local    
       Lee-Yang-Parr Correlation Functional   1.00          
           Alpha           :  0.00
           Beta            :  1.00
           Gamma           :  0.33

             TDDFT Information
             -----------------
          Calculation type : TDDFT             
         Wavefunction type : Restricted singlets
          No. of electrons :    14
           Alpha electrons :     7
            Beta electrons :     7
              No. of roots :     6
          Max subspacesize :  5200
            Max iterations :   100
               Target root :     1
           Target symmetry : none
      Symmetry restriction : off
                 Algorithm : Optimal
        Davidson threshold : 0.10D-03

            Memory Information
            ------------------
          Available GA space size is         104857276 doubles
          Available MA space size is          26214004 doubles
          Length of a trial vector is           77
          Algorithm : Incore multiple tensor contraction
          Estimated peak GA usage is           1619372 doubles
          Estimated peak MA usage is             25800 doubles

    6 smallest eigenvalue differences (eV) 
--------------------------------------------------------
  No. Spin  Occ  Vir  Irrep   E(Occ)    E(Vir)   E(Diff)
--------------------------------------------------------
    1    1    7    8 a        -0.462     0.103    15.375
    2    1    7    9 a        -0.462     0.103    15.375
    3    1    6    8 a        -0.533     0.103    17.311
    4    1    5    8 a        -0.533     0.103    17.311
    5    1    6    9 a        -0.533     0.103    17.311
    6    1    5    9 a        -0.533     0.103    17.311
--------------------------------------------------------

  Entering Davidson iterations
  Restricted singlet excited states

  Iter   NTrls   NConv    DeltaV     DeltaE      Time   
  ----  ------  ------  ---------  ---------  --------- 
    1      6       0     0.69E+00   0.10+100        1.3
    2     15       3     0.82E-01   0.12E+00        1.6
    3     21       3     0.14E-01   0.32E-02        1.2
    4     27       5     0.21E-02   0.33E-04        1.2
    5     29       5     0.12E-03   0.33E-06        0.7
    6     31       6     0.16E-04   0.26E-08        0.6
  ----  ------  ------  ---------  ---------  --------- 
  Convergence criterion met

  Ground state a        -106.772431632854 a.u.

  ----------------------------------------------------------------------------
  Root   1 singlet a              0.314677475 a.u.                8.5628 eV 
  ----------------------------------------------------------------------------
     Transition Moments    X  0.00000   Y  0.00000   Z  0.00000
     Transition Moments   XX  0.00000  XY  0.00000  XZ  1.05012
     Transition Moments   YY  0.00000  YZ -0.54397  ZZ  0.00000
     Dipole Oscillator Strength                         0.00000

     Occ.    3  a   ---  Virt.    8  a    0.05159 X
     Occ.    7  a   ---  Virt.    8  a    0.92241 X
     Occ.    7  a   ---  Virt.    8  a   -0.06590 Y
     Occ.    7  a   ---  Virt.    9  a   -0.38915 X
  ----------------------------------------------------------------------------
  Root   2 singlet a              0.314677475 a.u.                8.5628 eV 
  ----------------------------------------------------------------------------
     Transition Moments    X  0.00000   Y  0.00000   Z  0.00000
     Transition Moments   XX  0.00000  XY  0.00000  XZ  0.54397
     Transition Moments   YY  0.00000  YZ  1.05012  ZZ  0.00000
     Dipole Oscillator Strength                         0.00000

     Occ.    3  a   ---  Virt.    9  a   -0.05159 X
     Occ.    7  a   ---  Virt.    8  a   -0.38915 X
     Occ.    7  a   ---  Virt.    9  a   -0.92241 X
     Occ.    7  a   ---  Virt.    9  a    0.06590 Y
  ----------------------------------------------------------------------------
  Root   3 singlet a              0.335515069 a.u.                9.1298 eV 
  ----------------------------------------------------------------------------
     Transition Moments    X  0.00000   Y  0.00000   Z  0.00000
     Transition Moments   XX  0.00000  XY  0.00000  XZ  0.00000
     Transition Moments   YY  0.00000  YZ  0.00000  ZZ  0.00000
     Dipole Oscillator Strength                         0.00000

     Occ.    5  a   ---  Virt.    8  a    0.55965 X
     Occ.    5  a   ---  Virt.    9  a   -0.43258 X
     Occ.    6  a   ---  Virt.    8  a    0.43258 X
     Occ.    6  a   ---  Virt.    9  a    0.55965 X
  ----------------------------------------------------------------------------
  Root   4 singlet a              0.370616061 a.u.               10.0850 eV 
  ----------------------------------------------------------------------------
     Transition Moments    X  0.00000   Y  0.00000   Z  0.00000
     Transition Moments   XX  0.00000  XY  0.00000  XZ  0.00000
     Transition Moments   YY  0.00000  YZ  0.00000  ZZ  0.00000
     Dipole Oscillator Strength                         0.00000

     Occ.    5  a   ---  Virt.    8  a   -0.59273 X
     Occ.    5  a   ---  Virt.    9  a   -0.38573 X
     Occ.    6  a   ---  Virt.    8  a   -0.38573 X
     Occ.    6  a   ---  Virt.    9  a    0.59273 X
  ----------------------------------------------------------------------------
  Root   5 singlet a              0.370616061 a.u.               10.0850 eV 
  ----------------------------------------------------------------------------
     Transition Moments    X  0.00000   Y  0.00000   Z  0.00000
     Transition Moments   XX  0.00000  XY  0.00000  XZ  0.00000
     Transition Moments   YY  0.00000  YZ  0.00000  ZZ  0.00000
     Dipole Oscillator Strength                         0.00000

     Occ.    5  a   ---  Virt.    8  a   -0.38573 X
     Occ.    5  a   ---  Virt.    9  a    0.59273 X
     Occ.    6  a   ---  Virt.    8  a    0.59273 X
     Occ.    6  a   ---  Virt.    9  a    0.38573 X
  ----------------------------------------------------------------------------
  Root   6 singlet a              0.590793790 a.u.               16.0763 eV 
  ----------------------------------------------------------------------------
     Transition Moments    X  0.00000   Y  0.00000   Z  1.17632
     Transition Moments   XX  0.00000  XY  0.00000  XZ  0.00000
     Transition Moments   YY  0.00000  YZ  0.00000  ZZ  0.00000
     Dipole Oscillator Strength                         0.54499

     Occ.    3  a   ---  Virt.   10  a   -0.09418 X
     Occ.    5  a   ---  Virt.    8  a    0.42190 X
     Occ.    5  a   ---  Virt.    8  a   -0.10406 Y
     Occ.    5  a   ---  Virt.    9  a    0.54584 X
     Occ.    5  a   ---  Virt.    9  a   -0.13463 Y
     Occ.    6  a   ---  Virt.    8  a   -0.54584 X
     Occ.    6  a   ---  Virt.    8  a    0.13463 Y
     Occ.    6  a   ---  Virt.    9  a    0.42190 X
     Occ.    6  a   ---  Virt.    9  a   -0.10406 Y
     Occ.    7  a   ---  Virt.   10  a   -0.29440 X
     Occ.    7  a   ---  Virt.   16  a    0.10867 X

              Target root =      1
          Target symmetry = none
      Ground state energy =   -106.772431632854
        Excitation energy =      0.314677474634
     Excited state energy =   -106.457754158221

 fn_civecs: ./tddftgrad_n2.civecs_singlet                                                                                                                                                                                                                                  

  CI vectors are stored in ./tddftgrad_n2.civecs_singlet   


                           NWChem TDDFT Gradient Module
                           ----------------------------


 ./tddftgrad_n2.civecs_singlet                                                                                                                                                                                                                                  
  int_init: cando_txs set to always be  F
                         N2 TDDFT Gradients with BNL/3-21G


 Calculated gradients of:
 Number of Singlet roots   1
 Singlet roots    1

 Start at time  cpu:        7.6s  wall:       10.2s

TDDFT Energy Check(  1) =       0.31467747463357


Iterative solution of linear equations
  No. of variables       77
  No. of equations        1
  Maximum subspace       40
        Iterations      250
       Convergence  1.0D-04
        Start time     13.3


   iter   nsub   residual    time
   ----  ------  --------  ---------
     1      1    1.16D-02      13.9
     2      2    4.09D-03      14.5
     3      3    1.39D-04      15.1
     4      4    9.03D-06      15.6
  int_init: cando_txs set to always be  F
  intd_init: cando_txs set to always be  F
     Dipole Moment    X  0.00000   Y  0.00000   Z  0.00000

     No. of electrons (tr(P*S)):     0.1400000E+02



                         Root   1

                         TDDFT ENERGY GRADIENTS

    atom               coordinates                        gradient
                 x          y          z           x          y          z
   1 N       0.000000   0.000000  -1.068763    0.000000   0.000000   0.271267
   2 N       0.000000   0.000000   1.068763    0.000000   0.000000  -0.271267

 TDDFT Gradient time  cpu:        7.2s  wall:        8.9s

 Task  times  cpu:       14.7s     wall:       18.9s


                                NWChem Input Module
                                -------------------


 Summary of allocated global arrays
-----------------------------------
  No active global arrays



                         GA Statistics for process    0
                         ------------------------------

       create   destroy   get      put      acc     scatter   gather  read&inc
calls: 1395     1398     4.96e+04 1.06e+04 1.27e+04  198        0     3476     
number of processes/call 1.06e+00 1.26e+00 1.03e+00 1.63e+00 0.00e+00
bytes total:             1.71e+07 2.13e+06 6.40e+06 1.21e+05 0.00e+00 2.78e+04
bytes remote:            4.18e+05 2.98e+05 2.89e+06 -7.30e+04 0.00e+00 0.00e+00
Max memory consumed for GA by this process: 2589944 bytes

MA_summarize_allocated_blocks: starting scan ...
MA_summarize_allocated_blocks: scan completed: 0 heap blocks, 0 stack blocks
MA usage statistics:

	allocation statistics:
					      heap	     stack
					      ----	     -----
	current number of blocks	         0	         0
	maximum number of blocks	        19	       104
	current total bytes		         0	         0
	maximum total bytes		   2068344	  22510376
	maximum total K-bytes		      2069	     22511
	maximum total M-bytes		         3	        23


                                     CITATION
                                     --------
                Please cite the following reference when publishing
                           results obtained with NWChem:

                 M. Valiev, E.J. Bylaska, N. Govind, K. Kowalski,
              T.P. Straatsma, H.J.J. van Dam, D. Wang, J. Nieplocha,
                        E. Apra, T.L. Windus, W.A. de Jong
                 "NWChem: a comprehensive and scalable open-source
                  solution for large scale molecular simulations"
                      Comput. Phys. Commun. 181, 1477 (2010)
                           doi:10.1016/j.cpc.2010.04.018

                              AUTHORS & CONTRIBUTORS
                              ----------------------
          E. Apra, E. J. Bylaska, W. A. de Jong, N. Govind, K. Kowalski,
       T. P. Straatsma, M. Valiev, H. J. J. van Dam, D. Wang, T. L. Windus,
    J. Hammond, J. Autschbach, K. Bhaskaran-Nair, J. Brabec, K. Lopata, W. Ma,
       M. Klemm, O. Villa, F. Aquino, S. Hirata, M. T. Hackler, T. Risthaus,
       M. Malagoli, A. Marenich, A. Otero-de-la-Roza, J. Mullin, P. Nichols,
      R. Peverati, J. Pittner, Y. Zhao, P.-D. Fan, A. Fonari, R. J. Harrison,
      M. Dupuis, D. Silverstein, D. M. A. Smith, J. Nieplocha, V. Tipparaju,
    M. Krishnan, B. E. Van Kuiken, A. Vazquez-Mayagoitia, L. Jensen, M. Swart,
      Q. Wu, T. Van Voorhis, A. A. Auer, M. Nooijen, L. D. Crosby, E. Brown,
      G. Cisneros, G. I. Fann, H. Fruchtl, J. Garza, K. Hirao, R. A. Kendall,
      J. A. Nichols, K. Tsemekhman, K. Wolinski, J. Anchell, D. E. Bernholdt,
      P. Borowski, T. Clark, D. Clerc, H. Dachsel, M. J. O. Deegan, K. Dyall,
    D. Elwood, E. Glendening, M. Gutowski, A. C. Hess, J. Jaffe, B. G. Johnson,
     J. Ju, R. Kobayashi, R. Kutteh, Z. Lin, R. Littlefield, X. Long, B. Meng,
      T. Nakajima, S. Niu, L. Pollack, M. Rosing, K. Glaesemann, G. Sandrone,
      M. Stave, H. Taylor, G. Thomas, J. H. van Lenthe, A. T. Wong, Z. Zhang.

 Total times  cpu:       14.7s     wall:       19.1s
