 argument  1 = h2o-occup-2.nw



============================== echo of input deck ==============================

echo

start h2o-occup-2

memory 1000 mb

geometry units au noautosym noautoz
 O  0.00000000     0.00000000     0.23766060
 H -1.43910775     0.00000000    -0.89373030
 H  1.43910775     0.00000000    -0.89373030
end

basis
 O library 6-31g*
 H library 6-31g*
end

occup
 6 5 # alpha and beta occupancy
 1.0  1.0
 1.0  1.0
 1.0  1.0
 1.0  1.0
 0.5  1.0
 0.5
end

dft
 print "final vectors analysis"
 odft
 xc xpbe96 cpbe96
end
task dft
================================================================================


                                         
                                         


              Northwest Computational Chemistry Package (NWChem) 6.3
              ------------------------------------------------------


                    Environmental Molecular Sciences Laboratory
                       Pacific Northwest National Laboratory
                                Richland, WA 99352

                              Copyright (c) 1994-2013
                       Pacific Northwest National Laboratory
                            Battelle Memorial Institute

             NWChem is an open-source computational chemistry package
                        distributed under the terms of the
                      Educational Community License (ECL) 2.0
             A copy of the license is included with this distribution
                              in the LICENSE.TXT file

                                  ACKNOWLEDGMENT
                                  --------------

            This software and its documentation were developed at the
            EMSL at Pacific Northwest National Laboratory, a multiprogram
            national laboratory, operated for the U.S. Department of Energy
            by Battelle under Contract Number DE-AC05-76RL01830. Support
            for this work was provided by the Department of Energy Office
            of Biological and Environmental Research, Office of Basic
            Energy Sciences, and the Office of Advanced Scientific Computing.


           Job information
           ---------------

    hostname        = orion
    program         = ../../../bin/LINUX64/nwchem
    date            = Thu Jul 25 08:06:58 2013

    compiled        = Thu_Jul_25_07:58:04_2013
    source          = /home/niri/nwchem/nwchem-trunk
    nwchem branch   = Development
    nwchem revision = 24145
    ga revision     = 10395
    input           = h2o-occup-2.nw
    prefix          = h2o-occup-2.
    data base       = ./h2o-occup-2.db
    status          = startup
    nproc           =        4
    time left       =     -1s



           Memory information
           ------------------

    heap     =   32768001 doubles =    250.0 Mbytes
    stack    =   32768001 doubles =    250.0 Mbytes
    global   =   65536000 doubles =    500.0 Mbytes (distinct from heap & stack)
    total    =  131072002 doubles =   1000.0 Mbytes
    verify   = yes
    hardfail = no 


           Directory information
           ---------------------

  0 permanent = .
  0 scratch   = .




                                NWChem Input Module
                                -------------------




                             Geometry "geometry" -> ""
                             -------------------------

 Output coordinates in a.u. (scale by  1.000000000 to convert to a.u.)

  No.       Tag          Charge          X              Y              Z
 ---- ---------------- ---------- -------------- -------------- --------------
    1 O                    8.0000     0.00000000     0.00000000     0.22627818
    2 H                    1.0000    -1.43910775     0.00000000    -0.90511272
    3 H                    1.0000     1.43910775     0.00000000    -0.90511272

      Atomic Mass 
      ----------- 

      O                 15.994910
      H                  1.007825


 Effective nuclear repulsion energy (a.u.)       9.0877671457

            Nuclear Dipole moment (a.u.) 
            ----------------------------
        X                 Y               Z
 ---------------- ---------------- ----------------
     0.0000000000     0.0000000000     0.0000000000


            XYZ format geometry
            -------------------
     3
 geometry
 O                     0.00000000     0.00000000     0.11974126
 H                    -0.76154308     0.00000000    -0.47896506
 H                     0.76154308     0.00000000    -0.47896506

 ==============================================================================
                                internuclear distances
 ------------------------------------------------------------------------------
       center one      |      center two      | atomic units |       a.u.
 ------------------------------------------------------------------------------
    2 H                |   1 O                |     1.83059  |     1.83059
    3 H                |   1 O                |     1.83059  |     1.83059
 ------------------------------------------------------------------------------
                         number of included internuclear distances:          2
 ==============================================================================



 ==============================================================================
                                 internuclear angles
 ------------------------------------------------------------------------------
        center 1       |       center 2       |       center 3       |  degrees
 ------------------------------------------------------------------------------
    2 H                |   1 O                |   3 H                |   103.65
 ------------------------------------------------------------------------------
                            number of included internuclear angles:          1
 ==============================================================================



  library name resolved from: environment
  library file name is: </home/niri/nwchem/nwchem-trunk/src/basis/libraries/>
  
                      Basis "ao basis" -> "" (cartesian)
                      -----
  O (Oxygen)
  ----------
            Exponent  Coefficients 
       -------------- ---------------------------------------------------------
  1 S  5.48467170E+03  0.001831
  1 S  8.25234950E+02  0.013950
  1 S  1.88046960E+02  0.068445
  1 S  5.29645000E+01  0.232714
  1 S  1.68975700E+01  0.470193
  1 S  5.79963530E+00  0.358521

  2 S  1.55396160E+01 -0.110778
  2 S  3.59993360E+00 -0.148026
  2 S  1.01376180E+00  1.130767

  3 P  1.55396160E+01  0.070874
  3 P  3.59993360E+00  0.339753
  3 P  1.01376180E+00  0.727159

  4 S  2.70005800E-01  1.000000

  5 P  2.70005800E-01  1.000000

  6 D  8.00000000E-01  1.000000

  H (Hydrogen)
  ------------
            Exponent  Coefficients 
       -------------- ---------------------------------------------------------
  1 S  1.87311370E+01  0.033495
  1 S  2.82539370E+00  0.234727
  1 S  6.40121700E-01  0.813757

  2 S  1.61277800E-01  1.000000



 Summary of "ao basis" -> "" (cartesian)
 ------------------------------------------------------------------------------
       Tag                 Description            Shells   Functions and Types
 ---------------- ------------------------------  ------  ---------------------
 O                           6-31g*                  6       15   3s2p1d
 H                           6-31g*                  2        2   2s


  pbe96 is a nonlocal functional; adding pw91lda local functional. 

                                 NWChem DFT Module
                                 -----------------


  Caching 1-el integrals 

            General Information
            -------------------
          SCF calculation type: DFT
          Wavefunction type:  spin polarized.
          No. of atoms     :     3
          No. of electrons :    10
           Alpha electrons :     5
            Beta electrons :     5
          Charge           :     0
          Spin multiplicity:     1
          Use of symmetry is: off; symmetry adaption is: off
          Maximum number of iterations:  30
          AO basis - number of functions:    19
                     number of shells:    10
          Convergence on energy requested: 1.00D-06
          Convergence on density requested: 1.00D-05
          Convergence on gradient requested: 5.00D-04

              XC Information
              --------------
          PerdewBurkeErnzerhof Exchange Functional  1.000          
            Perdew 1991 LDA Correlation Functional  1.000 local    
           PerdewBurkeErnz. Correlation Functional  1.000 non-local

             Grid Information
             ----------------
          Grid used for XC integration:  medium    
          Radial quadrature: Mura-Knowles        
          Angular quadrature: Lebedev. 
          Tag              B.-S. Rad. Rad. Pts. Rad. Cut. Ang. Pts.
          ---              ---------- --------- --------- ---------
          O                   0.60       49           5.0       434
          H                   0.35       45           6.0       434
          Grid pruning is: on 
          Number of quadrature shells:   139
          Spatial weights used:  Erf1

          Convergence Information
          -----------------------
          Convergence aids based upon iterative change in 
          total energy or number of iterations. 
          Levelshifting, if invoked, occurs when the 
          HOMO/LUMO gap drops below (HL_TOL): 1.00D-02
          DIIS, if invoked, will attempt to extrapolate 
          using up to (NFOCK): 10 stored Fock matrices.

                    Damping( 0%)  Levelshifting(0.5)       DIIS
                  --------------- ------------------- ---------------
          dE  on:    start            ASAP                start   
          dE off:    2 iters         30 iters            30 iters 


      Screening Tolerance Information
      -------------------------------
          Density screening/tol_rho: 1.00D-10
          AO Gaussian exp screening on grid/accAOfunc:  14
          CD Gaussian exp screening on grid/accCDfunc:  20
          XC Gaussian exp screening on grid/accXCfunc:  20
          Schwarz screening/accCoul: 1.00D-08


      Superposition of Atomic Density Guess
      -------------------------------------

 Sum of atomic energies:         -75.75081731

      Non-variational initial energy
      ------------------------------

 Total energy =     -75.898038
 1-e energy   =    -121.562760
 2-e energy   =      36.576956
 HOMO         =      -0.466838
 LUMO         =       0.111403

   Time after variat. SCF:      0.1
   Time prior to 1st pass:      0.1

 #quartets = 1.540D+03 #integrals = 8.874D+03 #direct =  0.0% #cached =100.0%


 Integral file          = ./h2o-occup-2.aoints.0
 Record size in doubles =  65536        No. of integs per rec  =  43688
 Max. records in memory =      2        Max. records in file   =   3966
 No. of bits per label  =      8        No. of bits per value  =     64


File balance: exchanges=     0  moved=     0  time=   0.0


 Grid_pts file          = ./h2o-occup-2.gridpts.0
 Record size in doubles =  12289        No. of grid_pts per rec  =   3070
 Max. records in memory =      7        Max. recs in file   =     21157


           Memory utilization after 1st SCF pass: 
           Heap Space remaining (MW):       32.55            32549320
          Stack Space remaining (MW):       32.77            32767718

   convergence    iter        energy       DeltaE   RMS-Dens  Diis-err    time
 ---------------- ----- ----------------- --------- --------- ---------  ------
 d= 0,ls=0.0,diis     1    -76.2819045285 -8.54D+01  1.12D-01  1.07D-01     0.3
                                                     2.61D-02  1.07D-01
 d= 0,ls=0.0,diis     2    -76.0414832361  2.40D-01  1.84D-02  2.85D-01     0.4
                                                     1.80D-02  3.95D-01
 d= 0,ls=0.0,diis     3    -76.1802611295 -1.39D-01  1.94D-03  2.63D-03     0.5
                                                     2.83D-03  6.34D-03
 d= 0,ls=0.0,diis     4    -76.1822294185 -1.97D-03  4.43D-04  2.34D-04     0.5
                                                     1.01D-03  7.13D-04
 d= 0,ls=0.0,diis     5    -76.1824418824 -2.12D-04  1.25D-04  8.09D-06     0.7
                                                     4.69D-05  2.09D-06
  Resetting Diis
 d= 0,ls=0.0,diis     6    -76.1824450510 -3.17D-06  2.20D-05  7.14D-08     0.8
                                                     2.31D-05  1.73D-07
 d= 0,ls=0.0,diis     7    -76.1824451869 -1.36D-07  2.35D-06  7.34D-10     0.9
                                                     2.87D-06  1.96D-09


         Total DFT energy =      -76.182445186881
      One electron energy =     -122.079869285635
           Coulomb energy =       45.985540296169
    Exchange-Corr. energy =       -9.175883343141
 Nuclear repulsion energy =        9.087767145726

 Numeric. integr. density =       10.000001064468

     Total iterative time =      0.7s



                    DFT Final Alpha Molecular Orbital Analysis
                    ------------------------------------------

 Vector    1  Occ=1.000000D+00  E=-1.883892D+01
              MO Center=  2.3D-12,  4.7D-14,  1.2D-01, r^2= 1.5D-02
   Bfn.  Coefficient  Atom+Function         Bfn.  Coefficient  Atom+Function  
  ----- ------------  ---------------      ----- ------------  ---------------
     1      0.992610  1 O  s          

 Vector    2  Occ=1.000000D+00  E=-9.660745D-01
              MO Center=  4.4D-09,  2.2D-11, -8.2D-02, r^2= 5.0D-01
   Bfn.  Coefficient  Atom+Function         Bfn.  Coefficient  Atom+Function  
  ----- ------------  ---------------      ----- ------------  ---------------
     2      0.481332  1 O  s                  6      0.430667  1 O  s          
     1     -0.210771  1 O  s          

 Vector    3  Occ=1.000000D+00  E=-5.157894D-01
              MO Center= -2.4D-09,  3.7D-12, -9.5D-02, r^2= 7.6D-01
   Bfn.  Coefficient  Atom+Function         Bfn.  Coefficient  Atom+Function  
  ----- ------------  ---------------      ----- ------------  ---------------
     3      0.537695  1 O  px                 7      0.271545  1 O  px         
    16     -0.231126  2 H  s                 18      0.231126  3 H  s          

 Vector    4  Occ=1.000000D+00  E=-3.789352D-01
              MO Center=  1.5D-09,  1.9D-11,  2.0D-01, r^2= 6.7D-01
   Bfn.  Coefficient  Atom+Function         Bfn.  Coefficient  Atom+Function  
  ----- ------------  ---------------      ----- ------------  ---------------
     5      0.572367  1 O  pz                 6      0.384572  1 O  s          
     9      0.363519  1 O  pz                 2      0.175061  1 O  s          

 Vector    5  Occ=5.000000D-01  E=-2.883111D-01
              MO Center=  4.4D-10, -3.2D-11,  1.0D-01, r^2= 5.8D-01
   Bfn.  Coefficient  Atom+Function         Bfn.  Coefficient  Atom+Function  
  ----- ------------  ---------------      ----- ------------  ---------------
     4      0.654048  1 O  py                 8      0.495870  1 O  py         

 Vector    6  Occ=5.000000D-01  E= 2.356988D-03
              MO Center=  2.8D-08,  9.9D-12, -6.2D-01, r^2= 2.3D+00
   Bfn.  Coefficient  Atom+Function         Bfn.  Coefficient  Atom+Function  
  ----- ------------  ---------------      ----- ------------  ---------------
     6      1.207351  1 O  s                 17     -0.942290  2 H  s          
    19     -0.942290  3 H  s                  9     -0.451920  1 O  pz         
     5     -0.291600  1 O  pz         

 Vector    7  Occ=0.000000D+00  E= 8.075280D-02
              MO Center= -3.1D-08,  6.2D-13, -5.6D-01, r^2= 2.4D+00
   Bfn.  Coefficient  Atom+Function         Bfn.  Coefficient  Atom+Function  
  ----- ------------  ---------------      ----- ------------  ---------------
    17      1.231562  2 H  s                 19     -1.231562  3 H  s          
     7      0.717653  1 O  px                 3      0.435376  1 O  px         

 Vector    8  Occ=0.000000D+00  E= 6.881547D-01
              MO Center=  3.5D-08,  1.2D-12, -1.8D-01, r^2= 1.7D+00
   Bfn.  Coefficient  Atom+Function         Bfn.  Coefficient  Atom+Function  
  ----- ------------  ---------------      ----- ------------  ---------------
    16      0.828846  2 H  s                 18     -0.828846  3 H  s          
    17     -0.715781  2 H  s                 19      0.715781  3 H  s          
    12      0.361805  1 O  dxz                7      0.359279  1 O  px         
     3      0.177299  1 O  px         

 Vector    9  Occ=0.000000D+00  E= 7.562960D-01
              MO Center= -3.0D-08,  1.6D-11,  1.5D-02, r^2= 1.3D+00
   Bfn.  Coefficient  Atom+Function         Bfn.  Coefficient  Atom+Function  
  ----- ------------  ---------------      ----- ------------  ---------------
     5      0.803993  1 O  pz                 9     -0.593526  1 O  pz         
    16      0.581236  2 H  s                 18      0.581236  3 H  s          
    17     -0.491414  2 H  s                 19     -0.491414  3 H  s          
    10      0.176027  1 O  dxx        

 Vector   10  Occ=0.000000D+00  E= 7.962731D-01
              MO Center=  8.9D-11,  2.4D-10,  1.2D-01, r^2= 1.1D+00
   Bfn.  Coefficient  Atom+Function         Bfn.  Coefficient  Atom+Function  
  ----- ------------  ---------------      ----- ------------  ---------------
     8     -1.043579  1 O  py                 4      0.953017  1 O  py         

 Vector   11  Occ=0.000000D+00  E= 8.039504D-01
              MO Center=  3.1D-09, -2.2D-10,  8.4D-02, r^2= 1.6D+00
   Bfn.  Coefficient  Atom+Function         Bfn.  Coefficient  Atom+Function  
  ----- ------------  ---------------      ----- ------------  ---------------
     6      1.388482  1 O  s                  2     -0.836762  1 O  s          
     9      0.722066  1 O  pz                16      0.609244  2 H  s          
    18      0.609244  3 H  s                 17     -0.493728  2 H  s          
    19     -0.493728  3 H  s                  5     -0.389111  1 O  pz         
    13     -0.340606  1 O  dyy               15     -0.255891  1 O  dzz        

 Vector   12  Occ=0.000000D+00  E= 9.577546D-01
              MO Center= -4.2D-09,  4.0D-13,  1.0D-01, r^2= 1.5D+00
   Bfn.  Coefficient  Atom+Function         Bfn.  Coefficient  Atom+Function  
  ----- ------------  ---------------      ----- ------------  ---------------
     7      1.658139  1 O  px                 3     -0.967901  1 O  px         
    17      0.946252  2 H  s                 19     -0.946252  3 H  s          

 Vector   13  Occ=0.000000D+00  E= 1.108873D+00
              MO Center= -3.5D-09, -4.0D-11, -3.6D-01, r^2= 1.4D+00
   Bfn.  Coefficient  Atom+Function         Bfn.  Coefficient  Atom+Function  
  ----- ------------  ---------------      ----- ------------  ---------------
     6      3.565774  1 O  s                  2     -1.454016  1 O  s          
     9     -1.086696  1 O  pz                17     -0.774293  2 H  s          
    19     -0.774293  3 H  s                 10     -0.659335  1 O  dxx        
     5      0.382433  1 O  pz                15     -0.380187  1 O  dzz        
    16     -0.344461  2 H  s                 18     -0.344461  3 H  s          

 Vector   14  Occ=0.000000D+00  E= 1.599264D+00
              MO Center= -3.2D-10, -5.9D-13,  1.7D-01, r^2= 6.2D-01
   Bfn.  Coefficient  Atom+Function         Bfn.  Coefficient  Atom+Function  
  ----- ------------  ---------------      ----- ------------  ---------------
    15      1.006327  1 O  dzz               10     -0.596609  1 O  dxx        
    13     -0.343733  1 O  dyy                6     -0.259684  1 O  s          

 Vector   15  Occ=0.000000D+00  E= 1.616176D+00
              MO Center= -6.4D-10, -5.2D-12,  1.2D-01, r^2= 6.1D-01
   Bfn.  Coefficient  Atom+Function         Bfn.  Coefficient  Atom+Function  
  ----- ------------  ---------------      ----- ------------  ---------------
    11      1.732051  1 O  dxy        

 Vector   16  Occ=0.000000D+00  E= 1.648626D+00
              MO Center=  1.1D-10, -5.2D-12,  1.4D-01, r^2= 6.1D-01
   Bfn.  Coefficient  Atom+Function         Bfn.  Coefficient  Atom+Function  
  ----- ------------  ---------------      ----- ------------  ---------------
    14      1.730925  1 O  dyz        

 Vector   17  Occ=0.000000D+00  E= 2.150910D+00
              MO Center= -1.6D-10, -3.6D-12, -6.2D-03, r^2= 8.4D-01
   Bfn.  Coefficient  Atom+Function         Bfn.  Coefficient  Atom+Function  
  ----- ------------  ---------------      ----- ------------  ---------------
     6      1.577984  1 O  s                 13     -1.130766  1 O  dyy        
    16     -0.823067  2 H  s                 18     -0.823067  3 H  s          
     9     -0.756622  1 O  pz                10      0.727742  1 O  dxx        
     2     -0.532387  1 O  s          

 Vector   18  Occ=0.000000D+00  E= 2.441349D+00
              MO Center= -1.1D-09, -6.8D-13,  6.0D-02, r^2= 8.7D-01
   Bfn.  Coefficient  Atom+Function         Bfn.  Coefficient  Atom+Function  
  ----- ------------  ---------------      ----- ------------  ---------------
    12      2.199951  1 O  dxz               16     -0.931219  2 H  s          
    18      0.931219  3 H  s                  7     -0.852692  1 O  px         

 Vector   19  Occ=0.000000D+00  E= 3.406981D+00
              MO Center=  6.3D-11,  6.9D-13,  1.2D-01, r^2= 1.0D+00
   Bfn.  Coefficient  Atom+Function         Bfn.  Coefficient  Atom+Function  
  ----- ------------  ---------------      ----- ------------  ---------------
     6      3.732443  1 O  s                 13     -1.584249  1 O  dyy        
    15     -1.555856  1 O  dzz               10     -1.531508  1 O  dxx        
    17     -0.563002  2 H  s                 19     -0.563002  3 H  s          
     1     -0.468998  1 O  s                  9     -0.338480  1 O  pz         
     2      0.266853  1 O  s          


                     DFT Final Beta Molecular Orbital Analysis
                     -----------------------------------------

 Vector    1  Occ=1.000000D+00  E=-1.884613D+01
              MO Center=  2.5D-12,  4.8D-14,  1.2D-01, r^2= 1.5D-02
   Bfn.  Coefficient  Atom+Function         Bfn.  Coefficient  Atom+Function  
  ----- ------------  ---------------      ----- ------------  ---------------
     1      0.992449  1 O  s          

 Vector    2  Occ=1.000000D+00  E=-9.811441D-01
              MO Center=  4.5D-09,  2.5D-11, -6.6D-02, r^2= 4.9D-01
   Bfn.  Coefficient  Atom+Function         Bfn.  Coefficient  Atom+Function  
  ----- ------------  ---------------      ----- ------------  ---------------
     2      0.490159  1 O  s                  6      0.443388  1 O  s          
     1     -0.213758  1 O  s          

 Vector    3  Occ=1.000000D+00  E=-5.159054D-01
              MO Center= -2.1D-09,  4.4D-12, -7.8D-02, r^2= 7.3D-01
   Bfn.  Coefficient  Atom+Function         Bfn.  Coefficient  Atom+Function  
  ----- ------------  ---------------      ----- ------------  ---------------
     3      0.553383  1 O  px                 7      0.291535  1 O  px         
    16     -0.220696  2 H  s                 18      0.220696  3 H  s          

 Vector    4  Occ=1.000000D+00  E=-3.837891D-01
              MO Center=  1.4D-09,  5.9D-11,  2.0D-01, r^2= 6.5D-01
   Bfn.  Coefficient  Atom+Function         Bfn.  Coefficient  Atom+Function  
  ----- ------------  ---------------      ----- ------------  ---------------
     5      0.581954  1 O  pz                 9      0.373051  1 O  pz         
     6      0.339654  1 O  s                  2      0.172007  1 O  s          

 Vector    5  Occ=1.000000D+00  E=-3.401233D-01
              MO Center=  4.4D-10, -7.3D-11,  1.0D-01, r^2= 5.6D-01
   Bfn.  Coefficient  Atom+Function         Bfn.  Coefficient  Atom+Function  
  ----- ------------  ---------------      ----- ------------  ---------------
     4      0.673564  1 O  py                 8      0.474252  1 O  py         

 Vector    6  Occ=0.000000D+00  E= 3.113344D-02
              MO Center=  4.6D-08,  8.2D-12, -6.2D-01, r^2= 2.3D+00
   Bfn.  Coefficient  Atom+Function         Bfn.  Coefficient  Atom+Function  
  ----- ------------  ---------------      ----- ------------  ---------------
     6      1.147458  1 O  s                 17     -0.928203  2 H  s          
    19     -0.928203  3 H  s                  9     -0.437602  1 O  pz         
     5     -0.282106  1 O  pz                 2      0.170571  1 O  s          

 Vector    7  Occ=0.000000D+00  E= 1.102265D-01
              MO Center= -4.9D-08,  6.7D-13, -5.6D-01, r^2= 2.4D+00
   Bfn.  Coefficient  Atom+Function         Bfn.  Coefficient  Atom+Function  
  ----- ------------  ---------------      ----- ------------  ---------------
    17      1.210684  2 H  s                 19     -1.210684  3 H  s          
     7      0.687963  1 O  px                 3      0.436076  1 O  px         
    16      0.155219  2 H  s                 18     -0.155219  3 H  s          

 Vector    8  Occ=0.000000D+00  E= 7.009771D-01
              MO Center=  4.1D-08,  1.7D-12, -1.7D-01, r^2= 1.7D+00
   Bfn.  Coefficient  Atom+Function         Bfn.  Coefficient  Atom+Function  
  ----- ------------  ---------------      ----- ------------  ---------------
    16      0.823054  2 H  s                 18     -0.823055  3 H  s          
    17     -0.711028  2 H  s                 19      0.711028  3 H  s          
     7      0.381000  1 O  px                12      0.373657  1 O  dxz        

 Vector    9  Occ=0.000000D+00  E= 7.607116D-01
              MO Center=  8.4D-11,  9.1D-09,  1.1D-01, r^2= 1.2D+00
   Bfn.  Coefficient  Atom+Function         Bfn.  Coefficient  Atom+Function  
  ----- ------------  ---------------      ----- ------------  ---------------
     8      1.053499  1 O  py                 4     -0.939336  1 O  py         

 Vector   10  Occ=0.000000D+00  E= 7.612035D-01
              MO Center= -3.1D-08, -9.0D-09,  2.0D-01, r^2= 1.2D+00
   Bfn.  Coefficient  Atom+Function         Bfn.  Coefficient  Atom+Function  
  ----- ------------  ---------------      ----- ------------  ---------------
     5      0.845071  1 O  pz                 9     -0.681044  1 O  pz         
    16      0.478786  2 H  s                 18      0.478786  3 H  s          
     6     -0.393659  1 O  s                 17     -0.387020  2 H  s          
    19     -0.387020  3 H  s                 10      0.207720  1 O  dxx        
     2      0.205149  1 O  s          

 Vector   11  Occ=0.000000D+00  E= 8.075058D-01
              MO Center= -1.1D-09, -2.3D-11, -9.4D-02, r^2= 1.7D+00
   Bfn.  Coefficient  Atom+Function         Bfn.  Coefficient  Atom+Function  
  ----- ------------  ---------------      ----- ------------  ---------------
     6      1.322527  1 O  s                  2     -0.795629  1 O  s          
    16      0.689206  2 H  s                 18      0.689206  3 H  s          
     9      0.623453  1 O  pz                17     -0.564893  2 H  s          
    19     -0.564893  3 H  s                 13     -0.353794  1 O  dyy        
     5     -0.262922  1 O  pz                15     -0.224606  1 O  dzz        

 Vector   12  Occ=0.000000D+00  E= 9.611737D-01
              MO Center= -3.9D-09,  8.2D-13,  8.3D-02, r^2= 1.6D+00
   Bfn.  Coefficient  Atom+Function         Bfn.  Coefficient  Atom+Function  
  ----- ------------  ---------------      ----- ------------  ---------------
     7      1.662479  1 O  px                17      0.979613  2 H  s          
    19     -0.979613  3 H  s                  3     -0.963933  1 O  px         

 Vector   13  Occ=0.000000D+00  E= 1.103091D+00
              MO Center= -5.3D-09, -3.6D-11, -3.7D-01, r^2= 1.4D+00
   Bfn.  Coefficient  Atom+Function         Bfn.  Coefficient  Atom+Function  
  ----- ------------  ---------------      ----- ------------  ---------------
     6      3.558733  1 O  s                  2     -1.459462  1 O  s          
     9     -1.088983  1 O  pz                17     -0.799058  2 H  s          
    19     -0.799058  3 H  s                 10     -0.651491  1 O  dxx        
     5      0.396961  1 O  pz                15     -0.380311  1 O  dzz        
    16     -0.316339  2 H  s                 18     -0.316339  3 H  s          

 Vector   14  Occ=0.000000D+00  E= 1.585793D+00
              MO Center= -6.4D-10, -7.4D-12,  1.2D-01, r^2= 6.1D-01
   Bfn.  Coefficient  Atom+Function         Bfn.  Coefficient  Atom+Function  
  ----- ------------  ---------------      ----- ------------  ---------------
    11      1.732051  1 O  dxy        

 Vector   15  Occ=0.000000D+00  E= 1.591650D+00
              MO Center= -3.1D-10,  1.2D-12,  1.7D-01, r^2= 6.2D-01
   Bfn.  Coefficient  Atom+Function         Bfn.  Coefficient  Atom+Function  
  ----- ------------  ---------------      ----- ------------  ---------------
    15      1.002604  1 O  dzz               10     -0.590744  1 O  dxx        
    13     -0.367638  1 O  dyy                6     -0.202077  1 O  s          

 Vector   16  Occ=0.000000D+00  E= 1.621864D+00
              MO Center=  1.1D-10, -6.8D-12,  1.4D-01, r^2= 6.1D-01
   Bfn.  Coefficient  Atom+Function         Bfn.  Coefficient  Atom+Function  
  ----- ------------  ---------------      ----- ------------  ---------------
    14      1.730861  1 O  dyz        

 Vector   17  Occ=0.000000D+00  E= 2.130900D+00
              MO Center= -1.2D-10, -4.5D-12, -1.4D-02, r^2= 8.6D-01
   Bfn.  Coefficient  Atom+Function         Bfn.  Coefficient  Atom+Function  
  ----- ------------  ---------------      ----- ------------  ---------------
     6      1.629221  1 O  s                 13     -1.129317  1 O  dyy        
    16     -0.839748  2 H  s                 18     -0.839748  3 H  s          
     9     -0.774412  1 O  pz                10      0.725007  1 O  dxx        
     2     -0.533279  1 O  s                 17     -0.153494  2 H  s          
    19     -0.153494  3 H  s          

 Vector   18  Occ=0.000000D+00  E= 2.444346D+00
              MO Center= -1.3D-09, -2.4D-13,  5.7D-02, r^2= 8.8D-01
   Bfn.  Coefficient  Atom+Function         Bfn.  Coefficient  Atom+Function  
  ----- ------------  ---------------      ----- ------------  ---------------
    12      2.198130  1 O  dxz               16     -0.936252  2 H  s          
    18      0.936252  3 H  s                  7     -0.852683  1 O  px         

 Vector   19  Occ=0.000000D+00  E= 3.391233D+00
              MO Center=  5.9D-11,  7.8D-13,  1.2D-01, r^2= 1.0D+00
   Bfn.  Coefficient  Atom+Function         Bfn.  Coefficient  Atom+Function  
  ----- ------------  ---------------      ----- ------------  ---------------
     6      3.746839  1 O  s                 13     -1.580253  1 O  dyy        
    15     -1.560766  1 O  dzz               10     -1.537053  1 O  dxx        
    17     -0.567866  2 H  s                 19     -0.567866  3 H  s          
     1     -0.469334  1 O  s                  9     -0.339299  1 O  pz         
     2      0.259755  1 O  s          


   alpha - beta orbital overlaps 
   ----------------------------- 


   alpha      1      2      3      4      5      6      7      8      9     10
    beta      1      2      3      4      5      6      7      8     10      9
 overlap   1.000  1.000  1.000  1.000  1.000  1.000  0.999  1.000  0.987  1.000


   alpha     11     12     13     14     15     16     17     18     19
    beta     11     12     13     15     14     16     17     18     19
 overlap   0.987  1.000  0.999  1.000  1.000  1.000  1.000  1.000  1.000

     --------------------------
     Expectation value of S2:  
     --------------------------
      <S2> =      0.5015 (Exact =     0.0000)


 center of mass
 --------------
 x =   0.00000000 y =   0.00000000 z =   0.09965868

 moments of inertia (a.u.)
 ------------------
           2.291369192698           0.000000000000           0.000000000000
           0.000000000000           6.465843061885           0.000000000000
           0.000000000000           0.000000000000           4.174473869187

     Multipole analysis of the density
     ---------------------------------

     L   x y z        total         alpha         beta         nuclear
     -   - - -        -----         -----         ----         -------
     0   0 0 0      0.000000     -5.000000     -5.000000     10.000000

     1   1 0 0      0.000000      0.000000      0.000000      0.000000
     1   0 1 0      0.000000      0.000000      0.000000      0.000000
     1   0 0 1     -0.302356      0.213942     -0.516298      0.000000

     2   2 0 0     -4.903000     -5.672676     -3.372386      4.142062
     2   1 1 0      0.000000      0.000000      0.000000      0.000000
     2   1 0 1      0.000000      0.000000      0.000000      0.000000
     2   0 2 0     -5.359039     -2.812253     -2.546786      0.000000
     2   0 1 1      0.000000      0.000000      0.000000      0.000000
     2   0 0 2     -5.617363     -4.603779     -3.061656      2.048073


 Parallel integral file used       4 records with       0 large values


 Task  times  cpu:        0.9s     wall:        2.2s


                                NWChem Input Module
                                -------------------


 Summary of allocated global arrays
-----------------------------------
  No active global arrays



                         GA Statistics for process    0
                         ------------------------------

       create   destroy   get      put      acc     scatter   gather  read&inc
calls:  297      297     3709      486     1413        0        0      180     
number of processes/call 1.38e+00 1.40e+00 1.28e+00 0.00e+00 0.00e+00
bytes total:             2.21e+06 4.58e+05 9.09e+05 0.00e+00 0.00e+00 1.44e+03
bytes remote:            4.15e+05 7.87e+04 1.75e+05 0.00e+00 0.00e+00 0.00e+00
Max memory consumed for GA by this process: 121352 bytes

MA_summarize_allocated_blocks: starting scan ...
MA_summarize_allocated_blocks: scan completed: 0 heap blocks, 0 stack blocks
MA usage statistics:

	allocation statistics:
					      heap	     stack
					      ----	     -----
	current number of blocks	         0	         0
	maximum number of blocks	        23	        47
	current total bytes		         0	         0
	maximum total bytes		   1749448	  22510856
	maximum total K-bytes		      1750	     22511
	maximum total M-bytes		         2	        23


                                     CITATION
                                     --------
                Please cite the following reference when publishing
                           results obtained with NWChem:

                 M. Valiev, E.J. Bylaska, N. Govind, K. Kowalski,
              T.P. Straatsma, H.J.J. van Dam, D. Wang, J. Nieplocha,
                        E. Apra, T.L. Windus, W.A. de Jong
                 "NWChem: a comprehensive and scalable open-source
                  solution for large scale molecular simulations"
                      Comput. Phys. Commun. 181, 1477 (2010)
                           doi:10.1016/j.cpc.2010.04.018

                              AUTHORS & CONTRIBUTORS
                              ----------------------
          E. Apra, E. J. Bylaska, W. A. de Jong, N. Govind, K. Kowalski,
       T. P. Straatsma, M. Valiev, H. J. J. van Dam, D. Wang, T. L. Windus,
        J. Hammond, J. Autschbach, K. Bhaskaran-Nair, J. Brabec, K. Lopata,
     F. Aquino, S. Hirata, M. T. Hackler, T. Risthaus, J. Mullin, P. Nichols,
      R. Peverati, J. Pittner, Y. Zhao, P.-D. Fan, R. J. Harrison, M. Dupuis,
     D. Silverstein, D. M. A. Smith, J. Nieplocha, V. Tipparaju, M. Krishnan,
       B. E. Van Kuiken, A. Vazquez-Mayagoitia, L. Jensen, M. Swart, Q. Wu,
   T. Van Voorhis, A. A. Auer, M. Nooijen,  L. D. Crosby, E. Brown, G. Cisneros,
      G. I. Fann, H. Fruchtl, J. Garza, K. Hirao, R. Kendall, J. A. Nichols,
   K. Tsemekhman, K. Wolinski, J. Anchell, D. Bernholdt, P. Borowski, T. Clark,
       D. Clerc, H. Dachsel, M. Deegan, K. Dyall, D. Elwood, E. Glendening,
    M. Gutowski, A. Hess, J. Jaffe, B. Johnson, J. Ju, R. Kobayashi, R. Kutteh,
    Z. Lin, R. Littlefield, X. Long, B. Meng, T. Nakajima, S. Niu, L. Pollack,
      M. Rosing, K. Glaesemann, G. Sandrone, M. Stave, H. Taylor, G. Thomas,
                       J. H. van Lenthe, A. Wong, Z. Zhang.

 Total times  cpu:        0.9s     wall:        2.4s
