 argument  1 = cosmo_cl_ks.nw
All connections between all procs tested: SUCCESS
 


============================== echo of input deck ==============================
start cosmo_cl_dat
echo
title "Cl-"
geometry
  cl 0.0 0.0 0.0
end
charge -1
basis
  cl library 6-311+g*
end
cosmo
  do_cosmo_ks
end
scf
  print cosmo_energies
end
task scf energy
================================================================================


                                         
                                         
 
 
              Northwest Computational Chemistry Package (NWChem) 6.5
              ------------------------------------------------------
 
 
                    Environmental Molecular Sciences Laboratory
                       Pacific Northwest National Laboratory
                                Richland, WA 99352
 
                              Copyright (c) 1994-2013
                       Pacific Northwest National Laboratory
                            Battelle Memorial Institute
 
             NWChem is an open-source computational chemistry package
                        distributed under the terms of the
                      Educational Community License (ECL) 2.0
             A copy of the license is included with this distribution
                              in the LICENSE.TXT file
 
                                  ACKNOWLEDGMENT
                                  --------------

            This software and its documentation were developed at the
            EMSL at Pacific Northwest National Laboratory, a multiprogram
            national laboratory, operated for the U.S. Department of Energy
            by Battelle under Contract Number DE-AC05-76RL01830. Support
            for this work was provided by the Department of Energy Office
            of Biological and Environmental Research, Office of Basic
            Energy Sciences, and the Office of Advanced Scientific Computing.


           Job information
           ---------------

    hostname        = arcen
    program         = ../../../bin/LINUX64/nwchem
    date            = Sat Oct 18 23:16:35 2014

    compiled        = Sat_Oct_18_22:06:41_2014
    source          = /home/d3y133/nwchem-dev/nwchem-newest
    nwchem branch   = Development
    nwchem revision = 26300
    ga revision     = 10506
    input           = cosmo_cl_ks.nw
    prefix          = cosmo_cl_dat.
    data base       = ./cosmo_cl_dat.db
    status          = startup
    nproc           =        1
    time left       =     -1s



           Memory information
           ------------------

    heap     =   13107194 doubles =    100.0 Mbytes
    stack    =   13107199 doubles =    100.0 Mbytes
    global   =   26214400 doubles =    200.0 Mbytes (distinct from heap & stack)
    total    =   52428793 doubles =    400.0 Mbytes
    verify   = yes
    hardfail = no 


           Directory information
           ---------------------
 
  0 permanent = .
  0 scratch   = .
 
 
 
 
                                NWChem Input Module
                                -------------------
 
 
                                        Cl-
                                        ---

 Scaling coordinates for geometry "geometry" by  1.889725989
 (inverse scale =  0.529177249)

 
 
                             Geometry "geometry" -> ""
                             -------------------------
 
 Output coordinates in angstroms (scale by  1.889725989 to convert to a.u.)
 
  No.       Tag          Charge          X              Y              Z
 ---- ---------------- ---------- -------------- -------------- --------------
    1 cl                  17.0000     0.00000000     0.00000000     0.00000000
 
      Atomic Mass 
      ----------- 
 
      cl                34.968850
 

 Effective nuclear repulsion energy (a.u.)       0.0000000000

            Nuclear Dipole moment (a.u.) 
            ----------------------------
        X                 Y               Z
 ---------------- ---------------- ----------------
     0.0000000000     0.0000000000     0.0000000000
 
 
            XYZ format geometry
            -------------------
     1
 geometry
 cl                    0.00000000     0.00000000     0.00000000
 
                      Basis "ao basis" -> "" (cartesian)
                      -----
  cl (Chlorine)
  -------------
            Exponent  Coefficients 
       -------------- ---------------------------------------------------------
  1 S  1.05819000E+05  0.000738
  1 S  1.58720000E+04  0.005718
  1 S  3.61965000E+03  0.029495
  1 S  1.03080000E+03  0.117286
  1 S  3.39908000E+02  0.362949
  1 S  1.24538000E+02  0.584149
 
  2 S  1.24538000E+02  0.134177
  2 S  4.95135000E+01  0.624250
  2 S  2.08056000E+01  0.291756
 
  3 S  6.58346000E+00  1.000000
 
  4 S  2.56468000E+00  1.000000
 
  5 S  5.59763000E-01  1.000000
 
  6 S  1.83273000E-01  1.000000
 
  7 P  5.89776000E+02  0.002391
  7 P  1.39849000E+02  0.018504
  7 P  4.51413000E+01  0.081377
  7 P  1.68733000E+01  0.221552
  7 P  6.74110000E+00  0.772569
 
  8 P  6.74110000E+00 -1.572244
  8 P  2.77152000E+00  0.992389
 
  9 P  1.02387000E+00  1.000000
 
 10 P  3.81368000E-01  1.000000
 
 11 P  1.09437000E-01  1.000000
 
 12 S  4.83000000E-02  1.000000
 
 13 P  4.83000000E-02  1.000000
 
 14 D  7.50000000E-01  1.000000
 


 Summary of "ao basis" -> "" (cartesian)
 ------------------------------------------------------------------------------
       Tag                 Description            Shells   Functions and Types
 ---------------- ------------------------------  ------  ---------------------
 cl                         6-311+g*                14       31   7s6p1d


 
 solvent parameters
 solvname_short: h2o     
 solvname_long:  water                              
 dielec:       78.4000
 dielecinf:     1.7769

          ---------------
          -cosmo- solvent
          ---------------
 Cosmo: Klamt-Schuurmann, doi: 10.1039/P29930000799
 dielectric constant -eps-     =  78.40
 screen = (eps-1)/(eps+1/2)    =   0.98099
 surface charge correction     = scale
 -lineq- algorithm             =   0
 -bem- low  level              =   2
 -bem- high level              =   4
 -bem- from -octahedral-
 solvent radius (ang.)         =   0.500
 atomic radii = 
 --------------
    1 17.000  2.050

 solvent accessible surface
 --------------------------

 ---------- ATOMIC COORDINATES (A.U.) ------------ VDWR(ANG.) --
     1    0.00000000    0.00000000    0.00000000     2.050
 number of segments per atom =         32
 number of   points per atom =        640
 atom (   nspa,  nppa )
 ----------------------
    1 (     32,   640 )     640
 number of -cosmo- surface points =       32
 molecular surface =     52.810 angstrom**2
 molecular volume  =     36.087 angstrom**3
 G(cav/disp)       =      1.124 kcal/mol
 ...... end of -cosmo- initialization ......


                                 NWChem SCF Module
                                 -----------------
 
 
                                        Cl-
 
 

  ao basis        = "ao basis"
  functions       =    31
  atoms           =     1
  closed shells   =     9
  open shells     =     0
  charge          =  -1.00
  wavefunction    = RHF 
  input vectors   = atomic
  output vectors  = ./cosmo_cl_dat.movecs
  use symmetry    = F
  symmetry adapt  = F


 Summary of "ao basis" -> "ao basis" (cartesian)
 ------------------------------------------------------------------------------
       Tag                 Description            Shells   Functions and Types
 ---------------- ------------------------------  ------  ---------------------
 cl                         6-311+g*                14       31   7s6p1d



 Forming initial guess at       0.0s

 
      Superposition of Atomic Density Guess
      -------------------------------------
 
 Sum of atomic energies:        -459.47804774

 Renormalizing density from      17.00 to     18
 
      Non-variational initial energy
      ------------------------------

 Total energy =    -475.352365
 1-e energy   =    -672.202919
 2-e energy   =     196.850554
 HOMO         =       0.093348
 LUMO         =       0.318290
 

 Starting SCF solution at       0.1s



 ----------------------------------------------
         Quadratically convergent ROHF

 Convergence threshold     :          1.000E-04
 Maximum no. of iterations :           30
 Final Fock-matrix accuracy:          1.000E-07
 ----------------------------------------------

     COSMO gas phase

 #quartets = 5.565D+03 #integrals = 2.126D+04 #direct =  0.0% #cached =100.0%


 Integral file          = ./cosmo_cl_dat.aoints.0
 Record size in doubles =    65536    No. of integs per rec  =    43688
 Max. records in memory =        5    Max. records in file   = ********
 No. of bits per label  =        8    No. of bits per value  =       64


              iter       energy          gnorm     gmax       time
             ----- ------------------- --------- --------- --------
                 1     -459.2135288324  3.61D+00  1.08D+00      0.2
                 2     -459.5306927631  5.67D-01  2.19D-01      0.2
                 3     -459.5630992276  2.26D-01  8.23D-02      0.2
                 4     -459.5656176851  7.83D-03  3.92D-03      0.2
                 5     -459.5656216432  5.55D-05  2.28D-05      0.2
     COSMO solvation phase
 Alternative 1
 -atmefc- energy =       4.304871499528
 -elcefc- energy =      -4.545406889926
 -efcefc- energy =       0.126605735191
 -lambda- energy =       0.000000000000
 -solnrg- energy =      -0.113929655207
 -allefc- energy =      -0.240535390398     -0.253211470382
 -ecos  - energy =       4.431477234719
 Alternative 2
 -atmefc- energy =       4.304871499528
 -elcefc- energy =      -4.545406889926
 -allefc- energy =      -0.240535390398
 -solnrg- energy =      -0.120267695199
 -ecos  - energy =       4.425139194727

              iter       energy          gnorm     gmax       time
             ----- ------------------- --------- --------- --------
                 1     -459.6858893384  6.94D-02  3.89D-02      0.2
 Alternative 1
 -atmefc- energy =       4.304871499528
 -elcefc- energy =      -4.547889949220
 -efcefc- energy =       0.126605735191
 -lambda- energy =       0.000000000000
 -solnrg- energy =      -0.116412714501
 -allefc- energy =      -0.243018449692     -0.253211470382
 -ecos  - energy =       4.431477234719
 Alternative 2
 -atmefc- energy =       4.304871499528
 -elcefc- energy =      -4.547889949220
 -allefc- energy =      -0.243018449692
 -solnrg- energy =      -0.121509224846
 -ecos  - energy =       4.426380724374
                 2     -459.6860515240  2.78D-03  1.26D-03      0.2
 Alternative 1
 -atmefc- energy =       4.304871499528
 -elcefc- energy =      -4.547956784913
 -efcefc- energy =       0.126605735191
 -lambda- energy =       0.000000000000
 -solnrg- energy =      -0.116479550194
 -allefc- energy =      -0.243085285385     -0.253211470382
 -ecos  - energy =       4.431477234719
 Alternative 2
 -atmefc- energy =       4.304871499528
 -elcefc- energy =      -4.547956784913
 -allefc- energy =      -0.243085285385
 -solnrg- energy =      -0.121542642693
 -ecos  - energy =       4.426414142220
 Alternative 1
 -atmefc- energy =       4.304871499528
 -elcefc- energy =      -4.547934554145
 -efcefc- energy =       0.126605735191
 -lambda- energy =       0.000000000000
 -solnrg- energy =      -0.116457319426
 -allefc- energy =      -0.243063054617     -0.253211470382
 -ecos  - energy =       4.431477234719
 Alternative 2
 -atmefc- energy =       4.304871499528
 -elcefc- energy =      -4.547934554145
 -allefc- energy =      -0.243063054617
 -solnrg- energy =      -0.121531527309
 -ecos  - energy =       4.426403026836
 Alternative 1
 -atmefc- energy =       4.304871499528
 -elcefc- energy =      -4.547919707078
 -efcefc- energy =       0.126605735191
 -lambda- energy =       0.000000000000
 -solnrg- energy =      -0.116442472360
 -allefc- energy =      -0.243048207550     -0.253211470382
 -ecos  - energy =       4.431477234719
 Alternative 2
 -atmefc- energy =       4.304871499528
 -elcefc- energy =      -4.547919707078
 -allefc- energy =      -0.243048207550
 -solnrg- energy =      -0.121524103775
 -ecos  - energy =       4.426395603303
 Alternative 1
 -atmefc- energy =       4.304871499528
 -elcefc- energy =      -4.547956845972
 -efcefc- energy =       0.126605735191
 -lambda- energy =       0.000000000000
 -solnrg- energy =      -0.116479611253
 -allefc- energy =      -0.243085346444     -0.253211470382
 -ecos  - energy =       4.431477234719
 Alternative 2
 -atmefc- energy =       4.304871499528
 -elcefc- energy =      -4.547956845972
 -allefc- energy =      -0.243085346444
 -solnrg- energy =      -0.121542673222
 -ecos  - energy =       4.426414172750
 Alternative 1
 -atmefc- energy =       4.304871499528
 -elcefc- energy =      -4.547934594938
 -efcefc- energy =       0.126605735191
 -lambda- energy =       0.000000000000
 -solnrg- energy =      -0.116457360220
 -allefc- energy =      -0.243063095410     -0.253211470382
 -ecos  - energy =       4.431477234719
 Alternative 2
 -atmefc- energy =       4.304871499528
 -elcefc- energy =      -4.547934594938
 -allefc- energy =      -0.243063095410
 -solnrg- energy =      -0.121531547705
 -ecos  - energy =       4.426403047233
 Alternative 1
 -atmefc- energy =       4.304871499528
 -elcefc- energy =      -4.547919734313
 -efcefc- energy =       0.126605735191
 -lambda- energy =       0.000000000000
 -solnrg- energy =      -0.116442499594
 -allefc- energy =      -0.243048234785     -0.253211470382
 -ecos  - energy =       4.431477234719
 Alternative 2
 -atmefc- energy =       4.304871499528
 -elcefc- energy =      -4.547919734313
 -allefc- energy =      -0.243048234785
 -solnrg- energy =      -0.121524117392
 -ecos  - energy =       4.426395616920
 Alternative 1
 -atmefc- energy =       4.304871499528
 -elcefc- energy =      -4.547956846007
 -efcefc- energy =       0.126605735191
 -lambda- energy =       0.000000000000
 -solnrg- energy =      -0.116479611289
 -allefc- energy =      -0.243085346479     -0.253211470382
 -ecos  - energy =       4.431477234719
 Alternative 2
 -atmefc- energy =       4.304871499528
 -elcefc- energy =      -4.547956846007
 -allefc- energy =      -0.243085346479
 -solnrg- energy =      -0.121542673240
 -ecos  - energy =       4.426414172768
 Alternative 1
 -atmefc- energy =       4.304871499528
 -elcefc- energy =      -4.547934594962
 -efcefc- energy =       0.126605735191
 -lambda- energy =       0.000000000000
 -solnrg- energy =      -0.116457360244
 -allefc- energy =      -0.243063095434     -0.253211470382
 -ecos  - energy =       4.431477234719
 Alternative 2
 -atmefc- energy =       4.304871499528
 -elcefc- energy =      -4.547934594962
 -allefc- energy =      -0.243063095434
 -solnrg- energy =      -0.121531547717
 -ecos  - energy =       4.426403047245
 Alternative 1
 -atmefc- energy =       4.304871499528
 -elcefc- energy =      -4.547919734329
 -efcefc- energy =       0.126605735191
 -lambda- energy =       0.000000000000
 -solnrg- energy =      -0.116442499610
 -allefc- energy =      -0.243048234801     -0.253211470382
 -ecos  - energy =       4.431477234719
 Alternative 2
 -atmefc- energy =       4.304871499528
 -elcefc- energy =      -4.547919734329
 -allefc- energy =      -0.243048234801
 -solnrg- energy =      -0.121524117400
 -ecos  - energy =       4.426395616928
 Alternative 1
 -atmefc- energy =       4.304871499528
 -elcefc- energy =      -4.547956846007
 -efcefc- energy =       0.126605735191
 -lambda- energy =       0.000000000000
 -solnrg- energy =      -0.116479611289
 -allefc- energy =      -0.243085346479     -0.253211470382
 -ecos  - energy =       4.431477234719
 Alternative 2
 -atmefc- energy =       4.304871499528
 -elcefc- energy =      -4.547956846007
 -allefc- energy =      -0.243085346479
 -solnrg- energy =      -0.121542673240
 -ecos  - energy =       4.426414172768
 Alternative 1
 -atmefc- energy =       4.304871499528
 -elcefc- energy =      -4.547934594962
 -efcefc- energy =       0.126605735191
 -lambda- energy =       0.000000000000
 -solnrg- energy =      -0.116457360244
 -allefc- energy =      -0.243063095434     -0.253211470382
 -ecos  - energy =       4.431477234719
 Alternative 2
 -atmefc- energy =       4.304871499528
 -elcefc- energy =      -4.547934594962
 -allefc- energy =      -0.243063095434
 -solnrg- energy =      -0.121531547717
 -ecos  - energy =       4.426403047245
 Alternative 1
 -atmefc- energy =       4.304871499528
 -elcefc- energy =      -4.547919734329
 -efcefc- energy =       0.126605735191
 -lambda- energy =       0.000000000000
 -solnrg- energy =      -0.116442499610
 -allefc- energy =      -0.243048234801     -0.253211470382
 -ecos  - energy =       4.431477234719
 Alternative 2
 -atmefc- energy =       4.304871499528
 -elcefc- energy =      -4.547919734329
 -allefc- energy =      -0.243048234801
 -solnrg- energy =      -0.121524117400
 -ecos  - energy =       4.426395616928
 Alternative 1
 -atmefc- energy =       4.304871499528
 -elcefc- energy =      -4.547956846007
 -efcefc- energy =       0.126605735191
 -lambda- energy =       0.000000000000
 -solnrg- energy =      -0.116479611289
 -allefc- energy =      -0.243085346479     -0.253211470382
 -ecos  - energy =       4.431477234719
 Alternative 2
 -atmefc- energy =       4.304871499528
 -elcefc- energy =      -4.547956846007
 -allefc- energy =      -0.243085346479
 -solnrg- energy =      -0.121542673240
 -ecos  - energy =       4.426414172768
 Alternative 1
 -atmefc- energy =       4.304871499528
 -elcefc- energy =      -4.547934594962
 -efcefc- energy =       0.126605735191
 -lambda- energy =       0.000000000000
 -solnrg- energy =      -0.116457360244
 -allefc- energy =      -0.243063095434     -0.253211470382
 -ecos  - energy =       4.431477234719
 Alternative 2
 -atmefc- energy =       4.304871499528
 -elcefc- energy =      -4.547934594962
 -allefc- energy =      -0.243063095434
 -solnrg- energy =      -0.121531547717
 -ecos  - energy =       4.426403047245
 Alternative 1
 -atmefc- energy =       4.304871499528
 -elcefc- energy =      -4.547919734329
 -efcefc- energy =       0.126605735191
 -lambda- energy =       0.000000000000
 -solnrg- energy =      -0.116442499610
 -allefc- energy =      -0.243048234801     -0.253211470382
 -ecos  - energy =       4.431477234719
 Alternative 2
 -atmefc- energy =       4.304871499528
 -elcefc- energy =      -4.547919734329
 -allefc- energy =      -0.243048234801
 -solnrg- energy =      -0.121524117400
 -ecos  - energy =       4.426395616928
 Alternative 1
 -atmefc- energy =       4.304871499528
 -elcefc- energy =      -4.547956846007
 -efcefc- energy =       0.126605735191
 -lambda- energy =       0.000000000000
 -solnrg- energy =      -0.116479611289
 -allefc- energy =      -0.243085346479     -0.253211470382
 -ecos  - energy =       4.431477234719
 Alternative 2
 -atmefc- energy =       4.304871499528
 -elcefc- energy =      -4.547956846007
 -allefc- energy =      -0.243085346479
 -solnrg- energy =      -0.121542673240
 -ecos  - energy =       4.426414172768
 Alternative 1
 -atmefc- energy =       4.304871499528
 -elcefc- energy =      -4.547934594962
 -efcefc- energy =       0.126605735191
 -lambda- energy =       0.000000000000
 -solnrg- energy =      -0.116457360244
 -allefc- energy =      -0.243063095434     -0.253211470382
 -ecos  - energy =       4.431477234719
 Alternative 2
 -atmefc- energy =       4.304871499528
 -elcefc- energy =      -4.547934594962
 -allefc- energy =      -0.243063095434
 -solnrg- energy =      -0.121531547717
 -ecos  - energy =       4.426403047245
 Alternative 1
 -atmefc- energy =       4.304871499528
 -elcefc- energy =      -4.547919734329
 -efcefc- energy =       0.126605735191
 -lambda- energy =       0.000000000000
 -solnrg- energy =      -0.116442499610
 -allefc- energy =      -0.243048234801     -0.253211470382
 -ecos  - energy =       4.431477234719
 Alternative 2
 -atmefc- energy =       4.304871499528
 -elcefc- energy =      -4.547919734329
 -allefc- energy =      -0.243048234801
 -solnrg- energy =      -0.121524117400
 -ecos  - energy =       4.426395616928
 Alternative 1
 -atmefc- energy =       4.304871499528
 -elcefc- energy =      -4.547956846007
 -efcefc- energy =       0.126605735191
 -lambda- energy =       0.000000000000
 -solnrg- energy =      -0.116479611289
 -allefc- energy =      -0.243085346479     -0.253211470382
 -ecos  - energy =       4.431477234719
 Alternative 2
 -atmefc- energy =       4.304871499528
 -elcefc- energy =      -4.547956846007
 -allefc- energy =      -0.243085346479
 -solnrg- energy =      -0.121542673240
 -ecos  - energy =       4.426414172768
                 3     -459.6860194618  1.22D-06  4.08D-07      0.5
 
                  COSMO solvation results
                  -----------------------
 
                 gas phase energy =      -459.5656216432
                 sol phase energy =      -459.6860194618
 (electrostatic) solvation energy =         0.1203978187 (   75.55 kcal/mol)


       Final RHF  results 
       ------------------ 

         Total SCF energy =   -459.686019461829
      One-electron energy =   -645.924932495648
      Two-electron energy =    181.812498861051
 Nuclear repulsion energy =      0.000000000000
             COSMO energy =      4.426414172768

        Time for solution =      0.4s


             Final eigenvalues
             -----------------

              1      
    1 -104.7393
    2  -10.4647
    3   -7.9317
    4   -7.9317
    5   -7.9317
    6   -0.9742
    7   -0.3922
    8   -0.3922
    9   -0.3922
   10    0.1117
   11    0.1287
   12    0.1287
   13    0.1287
   14    0.6263
   15    0.6263
   16    0.6263
   17    0.9577
   18    1.2302
   19    1.2302
 
                       ROHF Final Molecular Orbital Analysis
                       -------------------------------------
 
 Vector    2  Occ=2.000000D+00  E=-1.046468D+01
              MO Center= -1.7D-17,  5.8D-17, -2.9D-17, r^2= 6.5D-02
   Bfn.  Coefficient  Atom+Function         Bfn.  Coefficient  Atom+Function  
  ----- ------------  ---------------      ----- ------------  ---------------
     4      0.598500  1 Cl s                  3      0.513985  1 Cl s          
     2     -0.331695  1 Cl s          
 
 Vector    3  Occ=2.000000D+00  E=-7.931730D+00
              MO Center= -1.3D-17, -6.0D-18,  1.5D-18, r^2= 5.7D-02
   Bfn.  Coefficient  Atom+Function         Bfn.  Coefficient  Atom+Function  
  ----- ------------  ---------------      ----- ------------  ---------------
     7      1.230087  1 Cl px                10      0.326996  1 Cl px         
 
 Vector    4  Occ=2.000000D+00  E=-7.931730D+00
              MO Center= -2.8D-18,  5.0D-18, -2.4D-17, r^2= 5.7D-02
   Bfn.  Coefficient  Atom+Function         Bfn.  Coefficient  Atom+Function  
  ----- ------------  ---------------      ----- ------------  ---------------
     9      1.230050  1 Cl pz                12      0.326986  1 Cl pz         
 
 Vector    5  Occ=2.000000D+00  E=-7.931730D+00
              MO Center=  1.2D-17, -4.0D-17, -2.3D-18, r^2= 5.7D-02
   Bfn.  Coefficient  Atom+Function         Bfn.  Coefficient  Atom+Function  
  ----- ------------  ---------------      ----- ------------  ---------------
     8      1.230953  1 Cl py                11      0.327227  1 Cl py         
 
 Vector    6  Occ=2.000000D+00  E=-9.741899D-01
              MO Center=  2.4D-15, -8.2D-16, -1.5D-16, r^2= 8.5D-01
   Bfn.  Coefficient  Atom+Function         Bfn.  Coefficient  Atom+Function  
  ----- ------------  ---------------      ----- ------------  ---------------
     6      0.583854  1 Cl s                  5      0.580268  1 Cl s          
     4     -0.395070  1 Cl s                  3     -0.210153  1 Cl s          
 
 Vector    7  Occ=2.000000D+00  E=-3.922107D-01
              MO Center=  3.5D-17, -8.1D-18, -2.2D-16, r^2= 1.4D+00
   Bfn.  Coefficient  Atom+Function         Bfn.  Coefficient  Atom+Function  
  ----- ------------  ---------------      ----- ------------  ---------------
    18      0.542281  1 Cl pz                21      0.420004  1 Cl pz         
     9     -0.318652  1 Cl pz                15      0.228306  1 Cl pz         
 
 Vector    8  Occ=2.000000D+00  E=-3.922107D-01
              MO Center= -5.8D-16,  9.3D-15,  4.3D-16, r^2= 1.4D+00
   Bfn.  Coefficient  Atom+Function         Bfn.  Coefficient  Atom+Function  
  ----- ------------  ---------------      ----- ------------  ---------------
    17      0.541653  1 Cl py                20      0.419518  1 Cl py         
     8     -0.318283  1 Cl py                14      0.228041  1 Cl py         
 
 Vector    9  Occ=2.000000D+00  E=-3.922107D-01
              MO Center= -1.7D-15, -8.1D-17,  3.5D-17, r^2= 1.4D+00
   Bfn.  Coefficient  Atom+Function         Bfn.  Coefficient  Atom+Function  
  ----- ------------  ---------------      ----- ------------  ---------------
    16      0.541415  1 Cl px                19      0.419334  1 Cl px         
     7     -0.318143  1 Cl px                13      0.227941  1 Cl px         
 
 Vector   10  Occ=0.000000D+00  E= 1.116702D-01
              MO Center=  1.3D-14,  5.2D-14, -5.9D-16, r^2= 6.8D+00
   Bfn.  Coefficient  Atom+Function         Bfn.  Coefficient  Atom+Function  
  ----- ------------  ---------------      ----- ------------  ---------------
    22      1.498327  1 Cl s                  6     -1.086835  1 Cl s          
     4      0.180868  1 Cl s                  5     -0.161232  1 Cl s          
 
 Vector   11  Occ=0.000000D+00  E= 1.287036D-01
              MO Center=  2.9D-15, -5.3D-14, -1.0D-14, r^2= 1.0D+01
   Bfn.  Coefficient  Atom+Function         Bfn.  Coefficient  Atom+Function  
  ----- ------------  ---------------      ----- ------------  ---------------
    24      1.536120  1 Cl py                20     -0.879877  1 Cl py         
    25      0.293095  1 Cl pz                21     -0.167883  1 Cl pz         
 
 Vector   12  Occ=0.000000D+00  E= 1.287036D-01
              MO Center= -1.7D-14, -2.6D-15,  8.4D-15, r^2= 1.0D+01
   Bfn.  Coefficient  Atom+Function         Bfn.  Coefficient  Atom+Function  
  ----- ------------  ---------------      ----- ------------  ---------------
    23      1.393999  1 Cl px                19     -0.798472  1 Cl px         
    25     -0.683125  1 Cl pz                21      0.391289  1 Cl pz         
    24      0.206837  1 Cl py         
 
 Vector   13  Occ=0.000000D+00  E= 1.287036D-01
              MO Center=  1.2D-15, -4.0D-16,  2.3D-15, r^2= 1.0D+01
   Bfn.  Coefficient  Atom+Function         Bfn.  Coefficient  Atom+Function  
  ----- ------------  ---------------      ----- ------------  ---------------
    25      1.378445  1 Cl pz                21     -0.789562  1 Cl pz         
    23      0.708756  1 Cl px                19     -0.405970  1 Cl px         
    24     -0.224118  1 Cl py         
 
 Vector   14  Occ=0.000000D+00  E= 6.262913D-01
              MO Center= -2.8D-17, -1.0D-15,  8.6D-17, r^2= 4.7D+00
   Bfn.  Coefficient  Atom+Function         Bfn.  Coefficient  Atom+Function  
  ----- ------------  ---------------      ----- ------------  ---------------
    20      2.175115  1 Cl py                17     -1.197744  1 Cl py         
    24     -1.156131  1 Cl py                 8      0.204897  1 Cl py         
 
 Vector   15  Occ=0.000000D+00  E= 6.262913D-01
              MO Center=  2.2D-17, -1.1D-16, -2.4D-17, r^2= 4.7D+00
   Bfn.  Coefficient  Atom+Function         Bfn.  Coefficient  Atom+Function  
  ----- ------------  ---------------      ----- ------------  ---------------
    19      2.133288  1 Cl px                16     -1.174712  1 Cl px         
    23     -1.133899  1 Cl px                21      0.442857  1 Cl pz         
    18     -0.243863  1 Cl pz                25     -0.235390  1 Cl pz         
     7      0.200957  1 Cl px         
 
 Vector   16  Occ=0.000000D+00  E= 6.262913D-01
              MO Center=  1.3D-17, -1.1D-17, -1.1D-16, r^2= 4.7D+00
   Bfn.  Coefficient  Atom+Function         Bfn.  Coefficient  Atom+Function  
  ----- ------------  ---------------      ----- ------------  ---------------
    21      2.129565  1 Cl pz                18     -1.172661  1 Cl pz         
    25     -1.131920  1 Cl pz                19     -0.444030  1 Cl px         
    16      0.244509  1 Cl px                23      0.236014  1 Cl px         
     9      0.200606  1 Cl pz         
 
 Vector   17  Occ=0.000000D+00  E= 9.577126D-01
              MO Center= -7.9D-16, -3.2D-15,  4.2D-17, r^2= 2.8D+00
   Bfn.  Coefficient  Atom+Function         Bfn.  Coefficient  Atom+Function  
  ----- ------------  ---------------      ----- ------------  ---------------
     6      2.917935  1 Cl s                  5     -1.208963  1 Cl s          
    22     -0.917314  1 Cl s                 26     -0.555556  1 Cl dxx        
    29     -0.555556  1 Cl dyy               31     -0.555556  1 Cl dzz        
     3      0.259399  1 Cl s          
 
 Vector   18  Occ=0.000000D+00  E= 1.230177D+00
              MO Center=  2.8D-16,  4.3D-18,  3.7D-17, r^2= 6.5D-01
   Bfn.  Coefficient  Atom+Function         Bfn.  Coefficient  Atom+Function  
  ----- ------------  ---------------      ----- ------------  ---------------
    31     -0.876643  1 Cl dzz               26      0.855002  1 Cl dxx        
 
 Vector   19  Occ=0.000000D+00  E= 1.230177D+00
              MO Center=  1.1D-16, -2.6D-16,  8.3D-17, r^2= 6.5D-01
   Bfn.  Coefficient  Atom+Function         Bfn.  Coefficient  Atom+Function  
  ----- ------------  ---------------      ----- ------------  ---------------
    29      0.999766  1 Cl dyy               26     -0.518624  1 Cl dxx        
    31     -0.481142  1 Cl dzz        
 

 center of mass
 --------------
 x =   0.00000000 y =   0.00000000 z =   0.00000000

 moments of inertia (a.u.)
 ------------------
           0.000000000000           0.000000000000           0.000000000000
           0.000000000000           0.000000000000           0.000000000000
           0.000000000000           0.000000000000           0.000000000000
 
  Mulliken analysis of the total density
  --------------------------------------

    Atom       Charge   Shell Charges
 -----------   ------   -------------------------------------------------------
    1 Cl  17    18.00   0.78  1.19  0.91  1.07  0.93  1.06  7.41 -1.49  1.01  3.03  2.05  0.03 -0.00  0.04
 
       Multipole analysis of the density wrt the origin
       ------------------------------------------------
 
     L   x y z        total         open         nuclear
     -   - - -        -----         ----         -------
     0   0 0 0     -1.000000      0.000000     17.000000
 
     1   1 0 0     -0.000000      0.000000      0.000000
     1   0 1 0     -0.000000      0.000000      0.000000
     1   0 0 1     -0.000000      0.000000      0.000000
 
     2   2 0 0    -12.369238      0.000000      0.000000
     2   1 1 0     -0.000000      0.000000      0.000000
     2   1 0 1      0.000000      0.000000      0.000000
     2   0 2 0    -12.369238      0.000000      0.000000
     2   0 1 1     -0.000000      0.000000      0.000000
     2   0 0 2    -12.369238      0.000000      0.000000
 

 Parallel integral file used       1 records with       0 large values


 Task  times  cpu:        0.5s     wall:        0.5s
 
 
                                NWChem Input Module
                                -------------------
 
 
 Summary of allocated global arrays
-----------------------------------
  No active global arrays



                         GA Statistics for process    0
                         ------------------------------

       create   destroy   get      put      acc     scatter   gather  read&inc
calls:  562      562     8216     2715     3970        0        0       54     
number of processes/call 1.00e+00 1.00e+00 1.00e+00 0.00e+00 0.00e+00
bytes total:             5.64e+06 3.68e+06 9.85e+05 0.00e+00 0.00e+00 4.32e+02
bytes remote:            0.00e+00 0.00e+00 0.00e+00 0.00e+00 0.00e+00 0.00e+00
Max memory consumed for GA by this process: 107208 bytes
 
MA_summarize_allocated_blocks: starting scan ...
MA_summarize_allocated_blocks: scan completed: 0 heap blocks, 0 stack blocks
MA usage statistics:

	allocation statistics:
					      heap	     stack
					      ----	     -----
	current number of blocks	         0	         0
	maximum number of blocks	        21	        23
	current total bytes		         0	         0
	maximum total bytes		   2639560	  22509848
	maximum total K-bytes		      2640	     22510
	maximum total M-bytes		         3	        23
 
 
                                     CITATION
                                     --------
                Please cite the following reference when publishing
                           results obtained with NWChem:
 
                 M. Valiev, E.J. Bylaska, N. Govind, K. Kowalski,
              T.P. Straatsma, H.J.J. van Dam, D. Wang, J. Nieplocha,
                        E. Apra, T.L. Windus, W.A. de Jong
                 "NWChem: a comprehensive and scalable open-source
                  solution for large scale molecular simulations"
                      Comput. Phys. Commun. 181, 1477 (2010)
                           doi:10.1016/j.cpc.2010.04.018
 
                                      AUTHORS
                                      -------
          E. Apra, E. J. Bylaska, W. A. de Jong, N. Govind, K. Kowalski,
       T. P. Straatsma, M. Valiev, H. J. J. van Dam, D. Wang, T. L. Windus,
        J. Hammond, J. Autschbach, K. Bhaskaran-Nair, J. Brabec, K. Lopata,
        S. Krishnamoorthy, W. Ma, M. Klemm, O. Villa, Y. Chen, V. Anisimov,
    F. Aquino, S. Hirata, M. T. Hackler, T. Risthaus, M. Malagoli, A. Marenich,
   A. Otero-de-la-Roza, J. Mullin, P. Nichols, R. Peverati, J. Pittner, Y. Zhao,
         P.-D. Fan, A. Fonari, R. J. Harrison, M. Dupuis, D. Silverstein,
    D. M. A. Smith, J. Nieplocha, V. Tipparaju, M. Krishnan, B. E. Van Kuiken,
        A. Vazquez-Mayagoitia, L. Jensen, M. Swart, Q. Wu, T. Van Voorhis,
     A. A. Auer, M. Nooijen, L. D. Crosby, E. Brown, G. Cisneros, G. I. Fann,
   H. Fruchtl, J. Garza, K. Hirao, R. A. Kendall, J. A. Nichols, K. Tsemekhman,
    K. Wolinski, J. Anchell, D. E. Bernholdt, P. Borowski, T. Clark, D. Clerc,
   H. Dachsel, M. J. O. Deegan, K. Dyall, D. Elwood, E. Glendening, M. Gutowski,
   A. C. Hess, J. Jaffe, B. G. Johnson, J. Ju, R. Kobayashi, R. Kutteh, Z. Lin,
   R. Littlefield, X. Long, B. Meng, T. Nakajima, S. Niu, L. Pollack, M. Rosing,
   K. Glaesemann, G. Sandrone, M. Stave, H. Taylor, G. Thomas, J. H. van Lenthe,
                               A. T. Wong, Z. Zhang.

 Total times  cpu:        0.5s     wall:        0.5s
