All connections between all procs tested: SUCCESS
 argument  1 = h2o_dftmp2.nw
                                         
                                         


              Northwest Computational Chemistry Package (NWChem) 6.3
              ------------------------------------------------------


                    Environmental Molecular Sciences Laboratory
                       Pacific Northwest National Laboratory
                                Richland, WA 99352

                              Copyright (c) 1994-2013
                       Pacific Northwest National Laboratory
                            Battelle Memorial Institute

             NWChem is an open-source computational chemistry package
                        distributed under the terms of the
                      Educational Community License (ECL) 2.0
             A copy of the license is included with this distribution
                              in the LICENSE.TXT file

                                  ACKNOWLEDGMENT
                                  --------------

            This software and its documentation were developed at the
            EMSL at Pacific Northwest National Laboratory, a multiprogram
            national laboratory, operated for the U.S. Department of Energy
            by Battelle under Contract Number DE-AC05-76RL01830. Support
            for this work was provided by the Department of Energy Office
            of Biological and Environmental Research, Office of Basic
            Energy Sciences, and the Office of Advanced Scientific Computing.


           Job information
           ---------------

    hostname        = arcen
    program         = ../../../bin/LINUX64/nwchem
    date            = Tue Nov 26 16:48:17 2013

    compiled        = Fri_Nov_22_10:45:36_2013
    source          = /home/d3y133/nwchem-dev/nwchem-dev-2013-10-16
    nwchem branch   = Development
    nwchem revision = 24753
    ga revision     = 10432
    input           = h2o_dftmp2.nw
    prefix          = test.
    data base       = ./test.db
    status          = startup
    nproc           =        1
    time left       =     -1s



           Memory information
           ------------------

    heap     =   13107201 doubles =    100.0 Mbytes
    stack    =   13107201 doubles =    100.0 Mbytes
    global   =   26214400 doubles =    200.0 Mbytes (distinct from heap & stack)
    total    =   52428802 doubles =    400.0 Mbytes
    verify   = yes
    hardfail = no 


           Directory information
           ---------------------

  0 permanent = .
  0 scratch   = .




                                NWChem Input Module
                                -------------------


                              Test B2PLYP with cgmin
                              ----------------------

 Scaling coordinates for geometry "geometry" by  1.889725989
 (inverse scale =  0.529177249)

 C2V symmetry detected

          ------
          auto-z
          ------


                             Geometry "geometry" -> ""
                             -------------------------

 Output coordinates in angstroms (scale by  1.889725989 to convert to a.u.)

  No.       Tag          Charge          X              Y              Z
 ---- ---------------- ---------- -------------- -------------- --------------
    1 O                    8.0000     0.00000000     0.00000000     0.11726921
    2 H                    1.0000     0.75698224     0.00000000    -0.46907685
    3 H                    1.0000    -0.75698224     0.00000000    -0.46907685

      Atomic Mass 
      ----------- 

      O                 15.994910
      H                  1.007825


 Effective nuclear repulsion energy (a.u.)       9.1920946687

            Nuclear Dipole moment (a.u.) 
            ----------------------------
        X                 Y               Z
 ---------------- ---------------- ----------------
     0.0000000000     0.0000000000     0.0000000000

      Symmetry information
      --------------------

 Group name             C2v       
 Group number             16
 Group order               4
 No. of unique centers     2

      Symmetry unique atoms

     1    2



                                Z-matrix (autoz)
                                -------- 

 Units are Angstrom for bonds and degrees for angles

      Type          Name      I     J     K     L     M      Value
      ----------- --------  ----- ----- ----- ----- ----- ----------
    1 Stretch                  1     2                       0.95751
    2 Stretch                  1     3                       0.95751
    3 Bend                     2     1     3               104.47845


            XYZ format geometry
            -------------------
     3
 geometry
 O                     0.00000000     0.00000000     0.11726921
 H                     0.75698224     0.00000000    -0.46907685
 H                    -0.75698224     0.00000000    -0.46907685

 ==============================================================================
                                internuclear distances
 ------------------------------------------------------------------------------
       center one      |      center two      | atomic units |  angstroms
 ------------------------------------------------------------------------------
    2 H                |   1 O                |     1.80943  |     0.95751
    3 H                |   1 O                |     1.80943  |     0.95751
 ------------------------------------------------------------------------------
                         number of included internuclear distances:          2
 ==============================================================================



 ==============================================================================
                                 internuclear angles
 ------------------------------------------------------------------------------
        center 1       |       center 2       |       center 3       |  degrees
 ------------------------------------------------------------------------------
    2 H                |   1 O                |   3 H                |   104.48
 ------------------------------------------------------------------------------
                            number of included internuclear angles:          1
 ==============================================================================





 Summary of "ao basis" -> "" (spherical)
 ------------------------------------------------------------------------------
       Tag                 Description            Shells   Functions and Types
 ---------------- ------------------------------  ------  ---------------------
 *                          cc-pvdz                   on all atoms 



                                 NWChem DFT Module
                                 -----------------


                              Test B2PLYP with cgmin


                      Basis "ao basis" -> "ao basis" (spherical)
                      -----
  O (Oxygen)
  ----------
            Exponent  Coefficients 
       -------------- ---------------------------------------------------------
  1 S  1.17200000E+04  0.000710
  1 S  1.75900000E+03  0.005470
  1 S  4.00800000E+02  0.027837
  1 S  1.13700000E+02  0.104800
  1 S  3.70300000E+01  0.283062
  1 S  1.32700000E+01  0.448719
  1 S  5.02500000E+00  0.270952
  1 S  1.01300000E+00  0.015458

  2 S  1.17200000E+04 -0.000160
  2 S  1.75900000E+03 -0.001263
  2 S  4.00800000E+02 -0.006267
  2 S  1.13700000E+02 -0.025716
  2 S  3.70300000E+01 -0.070924
  2 S  1.32700000E+01 -0.165411
  2 S  5.02500000E+00 -0.116955
  2 S  1.01300000E+00  0.557368

  3 S  3.02300000E-01  1.000000

  4 P  1.77000000E+01  0.043018
  4 P  3.85400000E+00  0.228913
  4 P  1.04600000E+00  0.508728

  5 P  2.75300000E-01  1.000000

  6 D  1.18500000E+00  1.000000

  H (Hydrogen)
  ------------
            Exponent  Coefficients 
       -------------- ---------------------------------------------------------
  1 S  1.30100000E+01  0.019685
  1 S  1.96200000E+00  0.137977
  1 S  4.44600000E-01  0.478148

  2 S  1.22000000E-01  1.000000

  3 P  7.27000000E-01  1.000000



 Summary of "ao basis" -> "ao basis" (spherical)
 ------------------------------------------------------------------------------
       Tag                 Description            Shells   Functions and Types
 ---------------- ------------------------------  ------  ---------------------
 O                          cc-pvdz                  6       14   3s2p1d
 H                          cc-pvdz                  3        5   2s1p




 Summary of "ao basis" -> "ao basis" (spherical)
 ------------------------------------------------------------------------------
       Tag                 Description            Shells   Functions and Types
 ---------------- ------------------------------  ------  ---------------------
 O                          cc-pvdz                  6       14   3s2p1d
 H                          cc-pvdz                  3        5   2s1p


      Symmetry analysis of basis
      --------------------------

        a1         11
        a2          2
        b1          7
        b2          4

  Caching 1-el integrals 

            General Information
            -------------------
          SCF calculation type: DFT
          Wavefunction type:  closed shell.
          No. of atoms     :     3
          No. of electrons :    10
           Alpha electrons :     5
            Beta electrons :     5
          Charge           :     0
          Spin multiplicity:     1
          Use of symmetry is: on ; symmetry adaption is: on 
          Maximum number of iterations:  30
          AO basis - number of functions:    24
                     number of shells:    12
          Convergence on energy requested: 1.00D-06
          Convergence on density requested: 1.00D-05
          Convergence on gradient requested: 5.00D-04

              XC Information
              --------------
                        PBE96 Method XC Functional
                     Hartree-Fock (Exact) Exchange  0.530          
                    Becke 1988 Exchange Functional  0.470          
          PerdewBurkeErnzerhof Exchange Functional  1.000          
              Lee-Yang-Parr Correlation Functional  0.730          
            Perdew 1991 LDA Correlation Functional  1.000 local    
           PerdewBurkeErnz. Correlation Functional  1.000 non-local

             Grid Information
             ----------------
          Grid used for XC integration:  medium    
          Radial quadrature: Mura-Knowles        
          Angular quadrature: Lebedev. 
          Tag              B.-S. Rad. Rad. Pts. Rad. Cut. Ang. Pts.
          ---              ---------- --------- --------- ---------
          O                   0.60       49           5.0       434
          H                   0.35       45           7.0       434
          Grid pruning is: on 
          Number of quadrature shells:    94
          Spatial weights used:  Erf1

          Convergence Information
          -----------------------
          Convergence aids based upon iterative change in 
          total energy or number of iterations. 
          Levelshifting, if invoked, occurs when the 
          HOMO/LUMO gap drops below (HL_TOL): 1.00D-02
          DIIS, if invoked, will attempt to extrapolate 
          using up to (NFOCK): 10 stored Fock matrices.

                    Damping( 0%)  Levelshifting(0.5)       DIIS
                  --------------- ------------------- ---------------
          dE  on:    start            ASAP                start   
          dE off:    2 iters         30 iters            30 iters 


      Screening Tolerance Information
      -------------------------------
          Density screening/tol_rho: 1.00D-10
          AO Gaussian exp screening on grid/accAOfunc:  14
          CD Gaussian exp screening on grid/accCDfunc:  20
          XC Gaussian exp screening on grid/accXCfunc:  20
          Schwarz screening/accCoul: 1.00D-08


      Superposition of Atomic Density Guess
      -------------------------------------

 Sum of atomic energies:         -75.76222910

      Non-variational initial energy
      ------------------------------

 Total energy =     -75.925641
 1-e energy   =    -121.769702
 2-e energy   =      36.651967
 HOMO         =      -0.469360
 LUMO         =       0.091304


      Symmetry analysis of molecular orbitals - initial
      -------------------------------------------------

  Numbering of irreducible representations: 

     1 a1          2 a2          3 b1          4 b2      

  Orbital symmetries:

     1 a1          2 a1          3 b1          4 a1          5 b2      
     6 a1          7 b1          8 b1          9 a1         10 a1      
    11 b2         12 b1         13 a1         14 a2         15 b2      

   Time after variat. SCF:      0.2
   Time prior to 1st pass:      0.2

 #quartets = 1.953D+03 #integrals = 1.482D+04 #direct =  0.0% #cached =100.0%


 Integral file          = ./test.aoints.0
 Record size in doubles =    65536    No. of integs per rec  =    43688
 Max. records in memory =        2    Max. records in file   = ********
 No. of bits per label  =        8    No. of bits per value  =       64


 Grid_pts file          = ./test.gridpts.0
 Record size in doubles =  12289        No. of grid_pts per rec  =   3070
 Max. records in memory =     16        Max. recs in file   = *********


           Memory utilization after 1st SCF pass: 
           Heap Space remaining (MW):       12.78            12777734
          Stack Space remaining (MW):       13.11            13106958

   convergence    iter        energy       DeltaE   RMS-Dens  Diis-err    time
 ---------------- ----- ----------------- --------- --------- ---------  ------
 d= 0,ls=0.0,diis     1    -85.6446168181 -9.48D+01  4.01D-02  2.61D+00     0.6
 d= 0,ls=0.0,diis     2    -85.8026292261 -1.58D-01  1.56D-02  4.95D-01     0.9
 d= 0,ls=0.0,diis     3    -85.8503507377 -4.77D-02  2.94D-03  1.70D-02     1.1
 d= 0,ls=0.0,diis     4    -85.8521388255 -1.79D-03  7.41D-04  2.85D-04     1.4
 d= 0,ls=0.0,diis     5    -85.8522027521 -6.39D-05  1.44D-04  1.30D-05     1.6
  Resetting Diis
 d= 0,ls=0.0,diis     6    -85.8522054265 -2.67D-06  1.17D-05  9.68D-08     1.9
 d= 0,ls=0.0,diis     7    -85.8522054451 -1.86D-08  5.69D-07  5.20D-10     2.2


         Total DFT energy =      -85.852205445109
      One electron energy =     -126.700147897018
           Coulomb energy =       51.322667564293
    Exchange-Corr. energy =      -19.666819781041
 Nuclear repulsion energy =        9.192094668657

 Numeric. integr. density =       10.000000419699

     Total iterative time =      2.0s



                  Occupations of the irreducible representations
                  ----------------------------------------------

                     irrep           alpha         beta
                     --------     --------     --------
                     a1                3.0          3.0
                     a2                0.0          0.0
                     b1                1.0          1.0
                     b2                1.0          1.0


                       DFT Final Molecular Orbital Analysis
                       ------------------------------------

 Vector    1  Occ=2.000000D+00  E=-2.199906D+01  Symmetry=a1
              MO Center= -1.8D-18, -2.9D-21,  1.2D-01, r^2= 1.4D-02
   Bfn.  Coefficient  Atom+Function         Bfn.  Coefficient  Atom+Function  
  ----- ------------  ---------------      ----- ------------  ---------------
     1      0.992766  1 O  s          

 Vector    2  Occ=2.000000D+00  E=-1.665314D+00  Symmetry=a1
              MO Center= -2.5D-16, -1.7D-17, -4.8D-02, r^2= 4.3D-01
   Bfn.  Coefficient  Atom+Function         Bfn.  Coefficient  Atom+Function  
  ----- ------------  ---------------      ----- ------------  ---------------
     2      0.552304  1 O  s                  3      0.281126  1 O  s          
    15      0.204757  2 H  s                 20      0.204757  3 H  s          

 Vector    3  Occ=2.000000D+00  E=-1.051164D+00  Symmetry=b1
              MO Center=  2.1D-16, -8.2D-17, -8.4D-02, r^2= 6.1D-01
   Bfn.  Coefficient  Atom+Function         Bfn.  Coefficient  Atom+Function  
  ----- ------------  ---------------      ----- ------------  ---------------
     4      0.580673  1 O  px                15      0.357551  2 H  s          
    20     -0.357551  3 H  s          

 Vector    4  Occ=2.000000D+00  E=-9.179386D-01  Symmetry=a1
              MO Center=  5.2D-17, -1.3D-16,  1.7D-01, r^2= 5.3D-01
   Bfn.  Coefficient  Atom+Function         Bfn.  Coefficient  Atom+Function  
  ----- ------------  ---------------      ----- ------------  ---------------
     6      0.651886  1 O  pz                 3      0.302325  1 O  s          
    15     -0.238129  2 H  s                 20     -0.238129  3 H  s          
     9      0.228298  1 O  pz                 2      0.203520  1 O  s          

 Vector    5  Occ=2.000000D+00  E=-8.468123D-01  Symmetry=b2
              MO Center= -8.7D-17,  2.1D-17,  9.5D-02, r^2= 4.5D-01
   Bfn.  Coefficient  Atom+Function         Bfn.  Coefficient  Atom+Function  
  ----- ------------  ---------------      ----- ------------  ---------------
     5      0.759302  1 O  py                 8      0.345281  1 O  py         

 Vector    6  Occ=0.000000D+00  E=-9.785932D-02  Symmetry=a1
              MO Center=  2.0D-15,  1.1D-17, -5.6D-01, r^2= 2.2D+00
   Bfn.  Coefficient  Atom+Function         Bfn.  Coefficient  Atom+Function  
  ----- ------------  ---------------      ----- ------------  ---------------
     3      0.739633  1 O  s                 16     -0.609422  2 H  s          
    21     -0.609422  3 H  s                  6     -0.301846  1 O  pz         
    15     -0.301427  2 H  s                 20     -0.301427  3 H  s          
     9     -0.254459  1 O  pz                 2      0.214300  1 O  s          

 Vector    7  Occ=0.000000D+00  E=-2.670909D-02  Symmetry=b1
              MO Center= -2.3D-15, -2.4D-17, -5.2D-01, r^2= 2.4D+00
   Bfn.  Coefficient  Atom+Function         Bfn.  Coefficient  Atom+Function  
  ----- ------------  ---------------      ----- ------------  ---------------
    16      0.971702  2 H  s                 21     -0.971702  3 H  s          
     7     -0.520194  1 O  px                 4     -0.449406  1 O  px         
    15      0.369214  2 H  s                 20     -0.369214  3 H  s          

 Vector    8  Occ=0.000000D+00  E= 3.405911D-01  Symmetry=b1
              MO Center= -6.9D-15, -5.7D-17, -3.2D-01, r^2= 2.7D+00
   Bfn.  Coefficient  Atom+Function         Bfn.  Coefficient  Atom+Function  
  ----- ------------  ---------------      ----- ------------  ---------------
    16      1.163982  2 H  s                 21     -1.163982  3 H  s          
    15     -0.874891  2 H  s                 20      0.874891  3 H  s          
     4      0.245138  1 O  px                 7      0.174158  1 O  px         

 Vector    9  Occ=0.000000D+00  E= 3.785662D-01  Symmetry=a1
              MO Center=  7.3D-15, -5.0D-16, -5.1D-01, r^2= 2.1D+00
   Bfn.  Coefficient  Atom+Function         Bfn.  Coefficient  Atom+Function  
  ----- ------------  ---------------      ----- ------------  ---------------
    15      0.836517  2 H  s                 20      0.836517  3 H  s          
    16     -0.733442  2 H  s                 21     -0.733442  3 H  s          
     3      0.345580  1 O  s                  6      0.330411  1 O  pz         
     2     -0.203005  1 O  s                 17      0.190963  2 H  px         
    22     -0.190963  3 H  px         

 Vector   10  Occ=0.000000D+00  E= 6.834895D-01  Symmetry=a1
              MO Center= -1.0D-15,  3.8D-15,  1.3D-01, r^2= 1.3D+00
   Bfn.  Coefficient  Atom+Function         Bfn.  Coefficient  Atom+Function  
  ----- ------------  ---------------      ----- ------------  ---------------
     9      1.197702  1 O  pz                 6     -0.686810  1 O  pz         
     3     -0.517584  1 O  s                 15      0.447631  2 H  s          
    20      0.447631  3 H  s                 19      0.256882  2 H  pz         
    24      0.256882  3 H  pz                 2     -0.161414  1 O  s          

 Vector   11  Occ=0.000000D+00  E= 6.850018D-01  Symmetry=b2
              MO Center= -5.2D-16, -3.6D-15,  6.9D-02, r^2= 1.2D+00
   Bfn.  Coefficient  Atom+Function         Bfn.  Coefficient  Atom+Function  
  ----- ------------  ---------------      ----- ------------  ---------------
     8      1.027931  1 O  py                 5     -0.869856  1 O  py         

 Vector   12  Occ=0.000000D+00  E= 8.255912D-01  Symmetry=b1
              MO Center=  2.3D-15,  3.1D-17,  1.1D-01, r^2= 1.9D+00
   Bfn.  Coefficient  Atom+Function         Bfn.  Coefficient  Atom+Function  
  ----- ------------  ---------------      ----- ------------  ---------------
     7      1.775466  1 O  px                16     -0.912706  2 H  s          
    21      0.912706  3 H  s                  4     -0.695147  1 O  px         
    15     -0.351122  2 H  s                 20      0.351122  3 H  s          
    17      0.251341  2 H  px                22      0.251341  3 H  px         

 Vector   13  Occ=0.000000D+00  E= 9.920368D-01  Symmetry=a1
              MO Center= -9.7D-16,  1.2D-17,  2.6D-02, r^2= 1.4D+00
   Bfn.  Coefficient  Atom+Function         Bfn.  Coefficient  Atom+Function  
  ----- ------------  ---------------      ----- ------------  ---------------
     9      0.779010  1 O  pz                 2     -0.579102  1 O  s          
     3      0.575964  1 O  s                 19     -0.494532  2 H  pz         
    24     -0.494532  3 H  pz                17     -0.345145  2 H  px         
    22      0.345145  3 H  px                15      0.330909  2 H  s          
    20      0.330909  3 H  s                  1     -0.236772  1 O  s          

 Vector   14  Occ=0.000000D+00  E= 1.006507D+00  Symmetry=a2
              MO Center= -2.3D-15, -2.1D-17, -4.1D-01, r^2= 1.0D+00
   Bfn.  Coefficient  Atom+Function         Bfn.  Coefficient  Atom+Function  
  ----- ------------  ---------------      ----- ------------  ---------------
    18      0.672966  2 H  py                23     -0.672966  3 H  py         
    10      0.166479  1 O  d -2       

 Vector   15  Occ=0.000000D+00  E= 1.214444D+00  Symmetry=b2
              MO Center=  3.9D-15, -9.6D-17, -2.3D-01, r^2= 1.2D+00
   Bfn.  Coefficient  Atom+Function         Bfn.  Coefficient  Atom+Function  
  ----- ------------  ---------------      ----- ------------  ---------------
    18     -0.746252  2 H  py                23     -0.746252  3 H  py         
     8      0.708037  1 O  py                11      0.203061  1 O  d -1       


 center of mass
 --------------
 x =   0.00000000 y =   0.00000000 z =   0.09760123

 moments of inertia (a.u.)
 ------------------
           2.197735387303           0.000000000000           0.000000000000
           0.000000000000           6.322357589609           0.000000000000
           0.000000000000           0.000000000000           4.124622202307

     Multipole analysis of the density
     ---------------------------------

     L   x y z        total         alpha         beta         nuclear
     -   - - -        -----         -----         ----         -------
     0   0 0 0      0.000000     -5.000000     -5.000000     10.000000

     1   1 0 0      0.000000      0.000000      0.000000      0.000000
     1   0 1 0      0.000000      0.000000      0.000000      0.000000
     1   0 0 1     -0.939622     -0.469811     -0.469811      0.000000

     2   2 0 0     -1.654071     -2.873334     -2.873334      4.092598
     2   1 1 0      0.000000      0.000000      0.000000      0.000000
     2   1 0 1      0.000000      0.000000      0.000000      0.000000
     2   0 2 0     -4.058645     -2.029323     -2.029323      0.000000
     2   0 1 1      0.000000      0.000000      0.000000      0.000000
     2   0 0 2     -3.128445     -2.546413     -2.546413      1.964381


 Parallel integral file used       1 records with       0 large values

                   NWChem MP2 Semi-direct Energy/Gradient Module
                   ---------------------------------------------


                              Test B2PLYP with cgmin


  Basis functions       =     24
  Molecular orbitals    =     24
  Frozen core           =      0
  Frozen virtuals       =      0
  Active alpha occupied =      5
  Active beta occupied  =      5
  Active alpha virtual  =     19
  Active beta virtual   =     19
  Use MO symmetry       = T
  Use skeleton AO sym   = T

  AO/Fock/Back tols     =   1.0D-09  1.0D-09  1.0D-09

 GA uses MA = F    GA memory limited = T

 Available: 
  local mem=  1.15D+07
 global mem=  2.62D+07
 local disk=  1.09D+07
   1 passes of   5:         275808                       3597                     29378.

 Semi-direct pass number   1 of   1  for RHF alpha+beta  at        3.8s
Node 0 wrote      0.2 Mb in      0.0 s     Agg I/O rate:   114.0 Mb/s
 Done moints_semi at        4.3s
 Done maket at        4.3s
 Done multipass loop at        4.3s


          -------------------------------------------
          DFT energy                 -85.852205445109
          Unscaled MP2 energy         -0.217848523862
          Total DFT+MP2 energy       -85.911024546552
          -------------------------------------------

 -----------------------
 Performance information
 -----------------------

 Timer overhead =  6.00D-07 seconds/call

               Nr. of calls         CPU time (s)                 Wall time (s)                GFlops
             ---------------    -------------------     ------------------------------   -------------------
Name         Min   Avg   Max    Min     Avg     Max     Min     Avg     Max   Mx/calls   Min     Max     Sum
mp2: moin     1     1     1   0.42    0.42    0.42     0.43    0.43    0.43    0.43      0.0     0.0     0.0   
mp2: make     1     1     1   1.20E-2 1.20E-2 1.20E-2  1.19E-2 1.19E-2 1.19E-2 1.19E-2   0.0     0.0     0.0   
mp2: tota     1     1     1   0.50    0.50    0.50     0.53    0.53    0.53    0.53      0.0     0.0     0.0   

 The average no. of pstat calls per process was 3.00D+00
 with a timing overhead of 1.80D-06s


 Task  times  cpu:        2.7s     wall:        3.6s
 Summary of allocated global arrays
-----------------------------------
  No active global arrays



                         GA Statistics for process    0
                         ------------------------------

       create   destroy   get      put      acc     scatter   gather  read&inc
calls:  235      235     8632     3341     4702        0        0      454     
number of processes/call 1.00e+00 1.00e+00 1.00e+00 0.00e+00 0.00e+00
bytes total:             3.18e+06 1.25e+06 1.49e+06 0.00e+00 0.00e+00 3.63e+03
bytes remote:            0.00e+00 0.00e+00 0.00e+00 0.00e+00 0.00e+00 0.00e+00
Max memory consumed for GA by this process: 179712 bytes
MA_summarize_allocated_blocks: starting scan ...
MA_summarize_allocated_blocks: scan completed: 0 heap blocks, 0 stack blocks
MA usage statistics:

	allocation statistics:
					      heap	     stack
					      ----	     -----
	current number of blocks	         0	         0
	maximum number of blocks	        24	        51
	current total bytes		         0	         0
	maximum total bytes		   2635608	  22510536
	maximum total K-bytes		      2636	     22511
	maximum total M-bytes		         3	        23


                                NWChem Input Module
                                -------------------





                                     CITATION
                                     --------
                Please cite the following reference when publishing
                           results obtained with NWChem:

                 M. Valiev, E.J. Bylaska, N. Govind, K. Kowalski,
              T.P. Straatsma, H.J.J. van Dam, D. Wang, J. Nieplocha,
                        E. Apra, T.L. Windus, W.A. de Jong
                 "NWChem: a comprehensive and scalable open-source
                  solution for large scale molecular simulations"
                      Comput. Phys. Commun. 181, 1477 (2010)
                           doi:10.1016/j.cpc.2010.04.018

                              AUTHORS & CONTRIBUTORS
                              ----------------------
          E. Apra, E. J. Bylaska, W. A. de Jong, N. Govind, K. Kowalski,
       T. P. Straatsma, M. Valiev, H. J. J. van Dam, D. Wang, T. L. Windus,
        J. Hammond, J. Autschbach, K. Bhaskaran-Nair, J. Brabec, K. Lopata,
     F. Aquino, S. Hirata, M. T. Hackler, T. Risthaus, M. Malagoli, J. Mullin,
        P. Nichols, R. Peverati, J. Pittner, Y. Zhao, P.-D. Fan, A. Fonari,
     R. J. Harrison, M. Dupuis, D. Silverstein, D. M. A. Smith, J. Nieplocha,
       V. Tipparaju, M. Krishnan, B. E. Van Kuiken,  A. Vazquez-Mayagoitia,
        L. Jensen, M. Swart, Q. Wu, T. Van Voorhis, A. A. Auer, M. Nooijen,
      L. D. Crosby, E. Brown, G. Cisneros, G. I. Fann, H. Fruchtl, J. Garza,
   K. Hirao, R. Kendall, J. A. Nichols, K. Tsemekhman, K. Wolinski, J. Anchell,
       D. Bernholdt, P. Borowski, T. Clark, D. Clerc, H. Dachsel, M. Deegan,
        K. Dyall, D. Elwood, E. Glendening, M. Gutowski, A. Hess, J. Jaffe,
   B. Johnson, J. Ju, R. Kobayashi, R. Kutteh, Z. Lin, R. Littlefield, X. Long,
        B. Meng, T. Nakajima, S. Niu, L. Pollack, M. Rosing, K. Glaesemann,
      G. Sandrone, M. Stave, H. Taylor, G. Thomas, J. H. van Lenthe, A. Wong,
                                     Z. Zhang.

 Total times  cpu:        2.7s     wall:        4.3s
